*****************************************************
GSP COFF Linker      , Version 3.00   
*****************************************************
Wed Apr 05 15:56:13 1989

OUTPUT FILE NAME:   <NARC512.out>
ENTRY POINT SYMBOL: "SETUP"  address: ff900120


MEMORY CONFIGURATION

           name      origin     length     attributes
         --------   --------   ---------   ----------
         SCRATCH    01000000   000100000      RWIX
         ROM        ff900000   000200000      RWIX
         ROM1       ffd00000   00016e000      RWIX
         ROM2       ffe6e000   000001000      RWIX
         ROM3       ffe6f000   000008000      RWIX
         TRAP31     ffeffc00   000000400      RWIX


SECTION ALLOCATION MAP

 output                                  attributes/
section   page    origin      length       input sections
--------  ----  ----------  ----------   ----------------
FIXED      0    01000000    00000040     
                  01000000    00000040     \video\MPROC.OBJ (FIXED)

OFIXED     0    01000040    00000080     
                  01000040    00000080     \video\NDSP1.OBJ (OFIXED)

NFIXED     0    010000c0    00000140     
                  010000c0    00000140     NARCRAM.OBJ (NFIXED)

.BSS       0    01000200    00000000     UNINITIALIZED

.bss       0    01000200    000e0650     UNINITIALIZED
                  01000200    00000130     NARC.OBJ (.bss)
                  01000330    00000010     NARC1.OBJ (.bss)
                  01000340    00001010     NARC1A.OBJ (.bss)
                  01001350    000000c0     NARCBGND.OBJ (.bss)
                  01001410    00000020     NARCGANG.OBJ (.bss)
                  01001430    00000010     NARCHYPO.OBJ (.bss)
                  01001440    00000030     NARCHOOK.OBJ (.bss)
                  01001470    00000030     NARCBUG.OBJ (.bss)
                  010014a0    000001d0     NARCMBIG.OBJ (.bss)
                  01001670    000064a0     NARCMUGS.OBJ (.bss)
                  01007b10    00000020     NARCRAMB.OBJ (.bss)
                  01007b30    00000020     NARCHEAD.OBJ (.bss)
                  01007b50    00000020     NARCATT.OBJ (.bss)
                  01007b70    00013620     NARCRAM.OBJ (.bss)
                  0101b190    00000010     NARCENT.OBJ (.bss)
                  0101b1a0    00000010     NARCSPRY.OBJ (.bss)
                  0101b1b0    000000b0     NARCHELP.OBJ (.bss)
                  0101b260    00000060     NARCTEST.OBJ (.bss)
                  0101b2c0    00000050     NARCMENU.OBJ (.bss)
                  0101b310    0003b130     \video\MPROC.OBJ (.bss)
                  01056440    0008a210     \video\NDSP1.OBJ (.bss)
                  010e0650    00000200     \video\GSPSND.OBJ (.bss)

SYSWORK    0    010e0850    00000000     UNINITIALIZED

.text      0    ff900000    001e5730     
                  ff900000    00011a80     NARC.OBJ (.text)
                  ff911a80    000106c0     NARC1.OBJ (.text)
                  ff922140    0000fb80     NARC1A.OBJ (.text)
                  ff931cc0    00011140     NARCBGND.OBJ (.text)
                  ff942e00    0000bd00     NARCBULL.OBJ (.text)
                  ff94eb00    0000a6c0     NARCLOOT.OBJ (.text)
                  ff9591c0    00009650     NARC6.OBJ (.text)
                  ff962810    0000efc0     NARCPIMP.OBJ (.text)
                  ff9717d0    0000d4e0     NARCGANG.OBJ (.text)
                  ff97ecb0    0000d130     NARCHYPO.OBJ (.text)
                  ff98bde0    00004f40     NARCNDLE.OBJ (.text)
                  ff990d20    00006530     NARCHOOK.OBJ (.text)
                  ff997250    00003ff0     NARCDYNA.OBJ (.text)
                  ff99b240    000091e0     NARCBUG.OBJ (.text)
                  ff9a4420    00010c00     NARCMBIG.OBJ (.text)
                  ff9b5020    00008fa0     NARCUTIL.OBJ (.text)
                  ff9bdfc0    00000b00     NARCMATH.OBJ (.text)
                  ff9beac0    000122f0     NARCMUGS.OBJ (.text)
                  ff9d0db0    0000e040     NARCRAMB.OBJ (.text)
                  ff9dedf0    00002fc0     NARCFLAM.OBJ (.text)
                  ff9e1db0    00018a20     NARCHEAD.OBJ (.text)
                  ff9fa7d0    0000eba0     NARCHEDA.OBJ (.text)
                  ffa09370    000069e0     NARCCARS.OBJ (.text)
                  ffa0fd50    00005370     NARCCAD.OBJ (.text)
                  ffa150c0    000092b0     NARCPORS.OBJ (.text)
                  ffa1e370    00002e00     NARCMINE.OBJ (.text)
                  ffa21170    0000c480     NARCDOOR.OBJ (.text)
                  ffa2d5f0    00002220     NARCCANS.OBJ (.text)
                  ffa2f810    00003000     NARCATT.OBJ (.text)
                  ffa32810    00003440     NARCOL.OBJ (.text)
                  ffa35c50    00014f60     NARCPLAY.OBJ (.text)
                  ffa4abb0    000025e0     NARCMISC.OBJ (.text)
                  ffa4d190    00001590     NARCPALL.OBJ (.text)
                  ffa4e720    0000e980     NARCCHOP.OBJ (.text)
                  ffa5d0a0    00008060     NARCSCOR.OBJ (.text)
                  ffa65100    00003610     NARCRIME.OBJ (.text)
                  ffa68710    00007510     NARCDUMP.OBJ (.text)
                  ffa6fc20    00008e00     NARCLOWN.OBJ (.text)
                  ffa78a20    00006d60     NARCDOG.OBJ (.text)
                  ffa7f780    00005cd0     NARCENT.OBJ (.text)
                  ffa85450    000157e0     NARCSPRY.OBJ (.text)
                  ffa9ac30    00004d90     NARCHSTD.OBJ (.text)
                  ffa9f9c0    00009ee0     NARCHELP.OBJ (.text)
                  ffaa98a0    000096b0     NARCTEST.OBJ (.text)
                  ffab2f50    0000a350     NARCMENU.OBJ (.text)
                  ffabd2a0    000046c0     NARCADJ.OBJ (.text)
                  ffac1960    000005c0     NARCDATA.OBJ (.text)
                  ffac1f20    000213f0     NARCDATB.OBJ (.text)
                  ffae3310    00001280     \video\MPROC.OBJ (.text)
                  ffae4590    000011a0     \video\GSPSND.OBJ (.text)

.TEXT      0    ffae5730    00000000     UNINITIALIZED

.data      0    ffd00000    001599c0     
                  ffd00000    000001e0     NARC1.OBJ (.data)
                  ffd001e0    00000680     NARC1A.OBJ (.data)
                  ffd00860    00000f80     NARC6.OBJ (.data)
                  ffd017e0    00001f80     NARCPIMP.OBJ (.data)
                  ffd03760    00001180     NARCGANG.OBJ (.data)
                  ffd048e0    00001300     NARCHYPO.OBJ (.data)
                  ffd05be0    00000f00     NARCHOOK.OBJ (.data)
                  ffd06ae0    00000d00     NARCBUG.OBJ (.data)
                  ffd077e0    00001680     NARCMBIG.OBJ (.data)
                  ffd08e60    00000800     NARCMUGS.OBJ (.data)
                  ffd09660    00000e80     NARCRAMB.OBJ (.data)
                  ffd0a4e0    00003d80     NARCHEDA.OBJ (.data)
                  ffd0e260    000071d0     NARCCAD.OBJ (.data)
                  ffd15430    00005260     NARCPORS.OBJ (.data)
                  ffd1a690    00003a00     NARCCHOP.OBJ (.data)
                  ffd1e090    00001600     NARCDUMP.OBJ (.data)
                  ffd1f690    00002980     NARCLOWN.OBJ (.data)
                  ffd22010    00001500     NARCDOG.OBJ (.data)
                  ffd23510    00034e70     NARCPAL.OBJ (.data)
                  ffd58380    00002290     NARCSND.OBJ (.data)
                  ffd5a610    00000200     NARCENT.OBJ (.data)
                  ffd5a810    00015dc0     NARCMENU.OBJ (.data)
                  ffd705d0    0000c010     NARCADJ.OBJ (.data)
                  ffd7c5e0    00008f40     NARCTEXT.OBJ (.data)
                  ffd85520    000095e0     NARCANIM.OBJ (.data)
                  ffd8eb00    00030430     NARCDATA.OBJ (.data)
                  ffdbef30    000037c0     NARCDATB.OBJ (.data)
                  ffdc26f0    000048d0     NARCBLIP.OBJ (.data)
                  ffdc6fc0    0003dad0     BGNDTBL.OBJ (.data)
                  ffe04a90    00054f30     BGNDPAL.OBJ (.data)

.DATA      0    ffe599c0    00000000     UNINITIALIZED

img_tbl    0    ffe599c0    0000af00     
                  ffe599c0    0000af00     IMGTBL.OBJ (img_tbl)

POWERON    0    ffe6e000    00000620     
                  ffe6e000    00000620     NARC.OBJ (POWERON)

DISPTEXT   0    ffe6f000    00007250     
                  ffe6f000    00007250     \video\NDSP1.OBJ (DISPTEXT)

VECTORS    0    ffeffc00    00000400     
                  ffeffc00    00000400     NARC.OBJ (VECTORS)


GLOBAL SYMBOLS

address  name                             address  name
-------- ----                             -------- ----
01000200 .bss                             00000003 ROM_LEV
ffd00000 .data                            00000004 RTR_LEV
ff900000 .text                            00000009 G1SEL
ffa9ce20 A2_CHECK                         0000000d F1SEL
ff9baab0 ABSADD                           00000033 CS_ENTS
ff9ba990 ABSDEC                           00000040 INDIAG
ff9ba930 ABSINC                           01000000 ACTIVE
ff9ba880 ABSMAX                           01000020 FREE
ff9baa00 ABSSUB                           01000040 OBJLST
01000000 ACTIVE                           01000060 OFREE
ff913460 ADDBB                            01000080 BAKLST
ff91d870 ADDBUCKS                         010000a0 BAK2LST
ffa60140 ADDBULL                          010000c0 BBACTIVE
ffa60200 ADDBUST                          010000e0 BBFREE
ff9017c0 ADDBUY                           01000100 BACKSLST
ffa61480 ADDCARDB                         01000120 PLAYER_BULLETS
ffa61500 ADDCARDG                         01000140 ENEMY_BULLETS
ffa614c0 ADDCARDR                         01000160 ENEMIES
ffa61440 ADDCARDS                         01000180 PLAYERS
ff91dc00 ADDCLIPS                         010001a0 BOOTY
ffa61540 ADDCRDGR                         010001c0 CARLIST
ff91d9a0 ADDDRUGS                         010001e0 EXPLOSIONS
ffe637c0 ADDISON                          01000200 .bss
ffa5fbf0 ADDLIFE                          01000200 SCRL_GO
ffa5fd70 ADDMRBIG                         01000210 SCRL_SRT
ffa60150 ADDNBULL                         01000220 SCRL_END
ffa60210 ADDNBUST                         01000230 SCRL_DIV
ffa5ffb0 ADDNNRGY                         01000240 SCRL_DIR
ff91dad0 ADDROCKS                         01000250 SCRL_FRC
ffa60080 ADDROCK                          01000270 Y_CORR
ff914af0 ADDSBOBJ                         01000290 FADE_RAM
ff914b80 ADDSUPP                          010002e0 SURVCNT
ffaa7ba0 ADD_DUMP                         01000330 NOAUTOE
ffe72410 ADJNEWTL                         01007b00 CRIMEPAL
ffe722c0 ADJSTWTL                         01007b70 RAND
ffaa5760 ADJ_PAGE                         01007b90 SWSTACK
ffd59ac0 ALARMSND                         01007bb0 SWTEMP1
ffddc870 ALLEY2ABMOD                      01007bd0 SWTEMP2
ffddc5a0 ALLEY2BMOD                       01007bf0 SWSTMN
ffddc750 ALLEY3BMOD                       01007cf0 SWSTST
ffddc480 ALLEYBMOD                        01007cf0 PSWTMP1
ffd5a4f0 ALLOFF                           01007d00 SYSCOPY
ffa9ac30 ALL_TAB                          01007d10 INTSYNC0
ffd84d90 AMMOMSG                          01007d20 INTSYNC1
ffe72f20 ANI2                             01007d30 PALRAM
ff921970 ANIMATCK                         01007d30 FPALRAM
ff921770 ANIMATOR                         01007f10 BPALRAM
ffe72f60 ANI                              01008330 PTRRAM
ffab97d0 ANY_BUT                          01008730 CURPAL
ffab0810 AREUSURE                         01008740 PIXQUEUE
ffe5f4c0 ARMDR1                           0100b300 PIXQHEAD
ffe5f540 ARMDR2                           0100b300 PIXQEND
ffe5f5c0 ARMDR3                           0100b320 PIXQTAIL
ffd2e7d0 ARMDRPAL                         0100b340 PIXQVAL
ffe5ea40 ARROWDN                          0100b350 COLRTEMP
ffa2f810 ATSTRT                           0100b4e0 SKYCOLOR
ffa302a0 ATTPLAY                          0100b4e0 COLRTEND
ffaa4ec0 AUD1                             0100b4f0 IRQSKYE
ff92bf30 AUDPLWAV                         0100b500 PREVZ
ffaa4db0 AUD                              0100b520 BEATCNT
ff922780 AUTOEOFF                         0100b530 P1DATA
ff9228b0 AUTOEON                          0100b910 P2DATA
01000100 BACKSLST                         0100bcf0 GAMSTATE
0101b1b0 BAD_AUD                          0100bcf0 NRAMSTRT
0100d160 BAK2BITS                         0100bd00 PLAYPAGE
010000a0 BAK2LST                          0100bd10 PLAYCAR
0100d380 BAK2MODS                         0100bd10 GRAMSTRT
01056540 BAK2TLX                          0100bd30 PCZEROCT
01056520 BAK2TLY                          0100bd40 PCBSNDF
0100c160 BAKBITS                          0100bd50 PCRSNDF
01000080 BAKLST                           0100bd60 PCSPINH
0100d360 BAKMODS                          0100bd70 PCZEROY
010178f0 BAKSTAKE                         0100bd80 P1CTRL
010178d0 BAKSTAKP                         0100bd90 P2CTRL
01019540 BAKSTAKS                         0100bda0 PUPDATE
ff9e9510 BASECOLL                         0100bdb0 NPLYRS
ffd0a7e0 BASEskl                          0100bdc0 WAVE
ff920b30 BASFRM                           0100bdd0 CRIMENO
010000c0 BBACTIVE                         0100bde0 SOUNDSUP
010000e0 BBFREE                           0100bdf0 GOALCARD
ff9132f0 BBINIT                           0100be00 GOALDOOR
ffd589e0 BBITESND                         0100c090 LOOPWAVE
0100d8c0 BBLOCKS                          0100c0a0 LOOPBACK
ff93d5a0 BBOFSCRN                         0100c0c0 LOOPDISP
ff914100 BBWIPE                           0100c0e0 SCRLBIAS
0100c0f0 BCCOUNT                          0100c0f0 BCCOUNT
ffa89a90 BCDBIN                           0100c100 DCCOUNT
ff94cbd0 BCOLDCAN                         0100c110 WRAMSTRT
ff94cb50 BCOLDDMP                         0100c110 WAVETIME
ff94cc50 BCOLDPST                         0100c120 BUYNOW
ff94cc90 BCOLDSID                         0100c130 GLASSCNT
ff94c810 BCOLL1                           0100c140 DOPESYM
0100b520 BEATCNT                          0100c160 BAKBITS
ffe63640 BENCHL                           0100d160 BAK2BITS
ffe636c0 BENCHM                           0100d360 BAKMODS
ffe63740 BENCHR                           0100d380 BAK2MODS
ffe5c5c0 BGDF1C                           0100d3a0 BGNAME
ffe5c640 BGDF2C                           0100d3c0 BGMUSIC
ffe5c6c0 BGDF3C                           0100d3e0 BGINIT
ffe5c740 BGDF4C                           0100d400 CARDHOLD
ffe5d8c0 BGDTHF10                         0100d410 XSCROLLS
ffe5d940 BGDTHF11                         0100d420 PLYMIN
ffe5d9c0 BGDTHF12                         0100d430 PLYMAX
ffe5da40 BGDTHF13                         0100d440 PLZMIN
ffe5dac0 BGDTHF14                         0100d450 PLZMAX
ffe5db40 BGDTHF15                         0100d460 PLZMID
ffe5d440 BGDTHF1                          0100d470 PSZMIN
ffe5d4c0 BGDTHF2                          0100d480 PSZMAX
ffe5d540 BGDTHF3                          0100d490 PSZMID
ffe5d5c0 BGDTHF4                          0100d4a0 UNIVEND
ffe5d640 BGDTHF5                          0100d4b0 UNIVSTX
ffe5d6c0 BGDTHF6                          0100d4c0 UNIVSTY
ffe5d740 BGDTHF7                          0100d4d0 UNIVENDX
ffe5d7c0 BGDTHF8                          0100d4e0 UNIVENDY
ffe5d840 BGDTHF9                          0100d4f0 GAMERASE
0100d3e0 BGINIT                           0100d500 DIFRAM
0100d3c0 BGMUSIC                          0100d500 DRUGCNT
0100d3a0 BGNAME                           0100d510 BUCKCNT
ff940ac0 BGNDHGHT                         0100d520 ROCKCNT
ff9416d0 BGND_UD1                         0100d530 CLIPCNT
ff941970 BGND_UD2                         0100d540 gangbmax
ffdefd70 BIGBANKBMOD                      0100d550 gangrock
ffdefc50 BIGBLDLBMOD                      0100d560 gangmgun
ffdefce0 BIGBLDRBMOD                      0100d570 gangfrck
ff9b4550 BIGBULL                          0100d580 hypomax
ffe5eac0 BIGDOOR1                         0100d590 hypodrug
ffe5eb40 BIGDOOR2                         0100d5a0 hypobrain
ffe5ebc0 BIGDOOR3                         0100d5b0 hypofire
ffdefbc0 BIGEL1BMOD                       0100d5c0 hyposfir
ffdefb30 BIGFLR10BMOD                     0100d5d0 pimpmax
ffdf0940 BIGFLR10SBMOD                    0100d5e0 pimpbuck
ffdf0040 BIGFLR1BMOD                      0100d5f0 pimpbrain
ffdf09d0 BIGFLR1SBMOD                     0100d600 pimpthr1
ffdf0160 BIGFLR3BMOD                      0100d610 pimpthr2
ffdf01f0 BIGFLR4BMOD                      0100d620 pimpfbal
ffdf0a60 BIGFLR4SBMOD                     0100d630 rambmax
ffdf0280 BIGFLR5BMOD                      0100d640 rambbrain
ffdf0310 BIGFLR6BMOD                      0100d650 rambdrug
ffdf03a0 BIGFLR7BMOD                      0100d660 bugmax
ffdf0430 BIGFLR8BMOD                      0100d670 mbigbrain
ffdf0820 BIGFLR8SBMOD                     0100d680 mbigfire
ffdf04c0 BIGFLR9BMOD                      0100d690 DUMPMAX
ffdf08b0 BIGFLR9SBMOD                     0100d6a0 DUMPSPD
ffdf00d0 BIGFLRBMOD                       0100d6b0 DUMPBTT
ffe208a0 BIGFRAME                         0100d6c0 DUMPSHT
ffa2c210 BIGINCOL                         0100d6d0 CLWNMAX
ffac4bb0 BIGOBAK                          0100d6e0 CLWNSPD
ffd96f60 BIGODSP                          0100d6f0 CLWNSHT
ffe467a0 BIGncar                          0100d700 LOFMAX
ffa898f0 BINBCD                           0100d710 LOFFIRE
ffe5b240 BLAM1                            0100d720 CHOPRB
ffe5b2c0 BLAM2                            0100d730 DOGMAX
ffe5b340 BLAM3                            0100d740 DOGSPD
ffe5b3c0 BLAM4                            0100d750 ECNTRS
ffe5b440 BLAM5                            0100d750 ENDIFRAM
ffe5b4c0 BLAM6                            0100d750 LOFCNT
ffe5b540 BLAM7                            0100d760 LOFWAIT
ffe5b5c0 BLAM8                            0100d770 JRHYCNT
ffd850d0 BLANKMSG                         0100d780 HOOKCNT
ffa5d990 BLIPOFF                          0100d790 PIMPCNT
ffa5db70 BLIPON                           0100d7a0 DUMPCNT
ff915680 BLNKAREA                         0100d7b0 KNAPCNT
ffab0000 BLNKHELP                         0100d7c0 GANGCNT
ffac5bf0 BLUEBAK                          0100d7d0 MBIGCNT
ffa25ce0 BLUEDP                           0100d7e0 BUGCNT
ffac3000 BLUEDSP                          0100d7f0 RAMBCNT
ffd4c690 BLUELAB                          0100d800 CADCNT
ffe5e3c0 BLUETYPE                         0100d810 PORCNT
ffe5e140 BLUEcard                         0100d820 CHOPCNT
ffe25a70 BLUEesca                         0100d830 DOGCNT
ffe57a80 BLUEsq2                          0100d840 SLPRAMBS
ffe56a70 BLUEsq3                          0100d850 SLPBUGS
ffe58930 BLUEsquar                        0100d860 SLPHYPOS
ffd588e0 BNCESND                          0100d870 SLPPIMPS
ffd58ea0 BOMBSND                          0100d880 SLPMBIGS
ffd59470 BONCLSND                         0100d890 SLPGANGS
ffd59430 BONCSND                          0100d8a0 SLPHOOKS
ffa00260 BONEINI                          0100d8b0 PCHOPCNT
ff92c4f0 BONUSCR                          0100d8c0 BBLOCKS
ffddbe50 BOOK1BMOD                        0100d8c0 ECNTEND
ffd0aae0 BOOM5a                           010178c0 DEATHCNT
ffd0ab60 BOOM5b                           010178d0 WRAMEND
ffd0abe0 BOOM5c                           010178d0 GRAMEND
ffd0ac60 BOOM6                            010178d0 BAKSTAKP
010001a0 BOOTY                            010178f0 BAKSTAKE
ff926be0 BOTHPON                          01019540 BAKSTAKS
01095620 BOTQ0                            01019540 OBJSTAKP
010565a0 BOTQ0CNT                         01019560 OBJSTAKE
010565e0 BOTQ0FLG                         0101ae60 STRNGRAM
010565b0 BOTQ1CNT                         0101ae60 OBJSTAKS
010565f0 BOTQ1FLG                         0101afa0 BTIME
010a4620 BOTQ1                            0101afa0 NRAMEND
ff913030 BOUNCER                          0101afb0 TVPATCH
ff959570 BOZCHK                           0101b190 SPRAYS
ff9552f0 BOZOCARD                         0101b190 TVPATCHX
01007f10 BPALRAM                          0101b1b0 BAD_AUD
ff9ffdf0 BRECOILF                         0101b1f0 C_FLAGS
ff9ffda0 BRECOIL                          0101b260 MAIN_RET
ffddd6d0 BRIDGE2BMOD                      0101b270 GMENULEV
ffddd760 BRIDGEBMOD                       0101b280 SND_MADE
ffddc7e0 BRIDGENDBMOD                     0101b290 NO_CLEAR
ffe17550 BRIDGE                           0101b2a0 LAST_BUT
ffe18240 BRIDPALS                         0101b2d0 SCODE
ff93df00 BSCHKG                           0101b2e0 DCODE
ff93f840 BSTOP                            0101b310 TIMER
0101afa0 BTIME                            0101b330 OVERLOAD
ffdc3ab0 BUCKBLIP                         0101b340 PRCSTR
0100d510 BUCKCNT                          01056440 SCROLLX
ff9561b0 BUCKCOLD                         01056460 SCROLLY
ffd90600 BUGBAIT                          01056480 WORLDTLX
ffa49ed0 BUGBITE                          010564a0 WORLDTLY
ffdc51b0 BUGBLIP                          010564c0 WORLDTL
ff9a3c80 BUGBURN                          010564e0 SCRNTL
0100d7e0 BUGCNT                           01056500 SCRNLR
ff99b900 BUGCOLD                          01056520 BAK2TLY
ffd589a0 BUGHTSND                         01056540 BAK2TLX
ffac4ef0 BUGRBAK                          01056560 QSYNC
ffd9a2d0 BUGRDSP                          01056570 DMAQCUR
ffa2c450 BUGRMCOL                         01056590 DMAQCNT
ffab7620 BUILD_ST                         010565a0 BOTQ0CNT
ffe639c0 BULLET45                         010565b0 BOTQ1CNT
ffe638c0 BULLET                           010565c0 TOPQ0CNT
ffe64840 BULLETE                          010565d0 TOPQ1CNT
ffa49b10 BULLHIT                          010565e0 BOTQ0FLG
ff944840 BULLRET1                         010565f0 BOTQ1FLG
ff94c980 BULLRET2                         01056600 TOPQ0FLG
ffd593b0 BULLRSND                         01056610 TOPQ1FLG
ff910070 BURN_IN                          01056620 OBJSTR
ff9530d0 BUSTAMP                          01095620 BOTQ0
ffd59530 BUSTBONS                         010a4620 BOTQ1
ffe5bfc0 BUSTED                           010b3620 TOPQ0
ffe5bf40 BUSTICON                         010c2620 TOPQ1
ffd594f0 BUSTSND                          010e0620 DISPLAYON
ff9287c0 BUYINLP                          010e0850 end
ff9282f0 BUYINWIN                         ff900000 .text
0100c120 BUYNOW                           ff900120 SETUP
ff929f40 BWAITCLD                         ff900370 WARMSET
ffaabf70 B_MENU                           ff900970 MAINLP
ffa03180 BlowSkul                         ff9017c0 ADDBUY
ff9b5be0 BulToDat                         ff901910 NRAMINIT
ff9bb140 BullSlp                          ff901a30 WRAMINIT
ffdc26f0 CADBLIP                          ff902f10 WIPEOUT
0100d800 CADCNT                           ff904130 MASTERDP
ffa0fd50 CADCOLD                          ff9041e0 MASTERG
ffa0fe20 CADDISP                          ff9050c0 TESTDISP
ffa0ff80 CADDY                            ff9052c0 GAMEOVER
ffd59060 CADHORN                          ff9056a0 GAMEDETH
ffd590a0 CADSHLD                          ff905e80 CLRPLAY
ffe5a740 CAN1                             ff906460 CLRBUYIN
ffe5a7c0 CAN2                             ff9065d0 CLRMBIGS
ffe5a840 CAN3                             ff906730 CLRGCARD
ffd586c0 CANBCSND                         ff9068f0 WAVBONUS
ffa2f3f0 CANCOLL                          ff90f0a0 GETWAVE
ffa2f100 CANEXCOL                         ff90f820 DUMDIE
ffd58640 CANSMSND                         ff90fb10 ERRORLOG
ffd58680 CANWPSND                         ff90feb0 ROM_CHK
ffa0e9d0 CARADDY                          ff90ff20 SW_CHK
ffa74c10 CARCHK                           ff90ff90 COL_BARS
ff91b750 CARDCHEK                         ff910000 CROSS_H
ff9554a0 CARDCOLD                         ff910070 BURN_IN
0100d400 CARDHOLD                         ff9100d0 CPU_CHK
ffd59640 CARDSND1                         ff910be0 SWTAB
ffd59680 CARDSND2                         ff911ab0 GPALOBJ
ffa09370 CARINIT                          ff911b80 GBPALOBJ
010001c0 CARLIST                          ff911c50 SHVELCPY
ffd59160 CARREVR                          ff911d60 SHVELFLP
ffa0eba0 CARSCRTST                        ff911da0 FLP
ffa0e910 CARSETZ                          ff911e00 OBJOFF
ffa0adf0 CARSTOP                          ff911ea0 OBJON
ffa0bd50 CARTNKC                          ff911f50 XZCHK
ffa0baf0 CARTNKO                          ff9120f0 CLRPDATA
ffa0a9f0 CARXVEL                          ff9121f0 DFRMGRND
ffa0ab20 CARYVEL                          ff9122d0 GETBOTY
ffa0a860 CARYZVEL                         ff912360 GETCPNT
ffa0ac50 CARZVEL                          ff912450 GETCENT
ffab3a30 CASHBUT                          ff912520 GETSCRRX
ffe5fac0 CASHMACH                         ff9125e0 GETANIX
ffd84b80 CASHMSG                          ff912730 GETZMID
ffd594b0 CASHSND                          ff912840 CLRWORLD
ffaa6900 CAT_A0                           ff912aa0 GETSCRBY
ffa35520 CBDETECT                         ff912b60 SETZPOS
ffaa08c0 CCOIN                            ff912be0 SETYFRMZ
ffa0a150 CDELALL                          ff912ce0 SETTZPOS
ffe60d40 CDOOR1                           ff912e30 MAKSHAD
ffe60dc0 CDOOR2                           ff912e70 OFLASH
ffe60e40 CDOOR3                           ff913030 BOUNCER
ffe60ec0 CDOOR4                           ff913220 SLINEVEL
ffe60f40 CDOOR5                           ff9132f0 BBINIT
ffa359b0 CEBDETCT                         ff913460 ADDBB
ffa35310 CEDETECT                         ff9136e0 DELBB
ff9471b0 CEXPLODE                         ff9137b0 ISBB
ffd58ee0 CEXSND1                          ff913850 FINDBB
ffd58f20 CEXSND2                          ff913ca0 ISBBID
ffa0b910 CFLIPART                         ff913de0 ISBBBLP
ffe60840 CFRAG1                           ff913f00 DELBBOBJ
ffe608c0 CFRAG2                           ff914100 BBWIPE
ffe60940 CFRAG3                           ff914270 MYOINIT
ffe609c0 CFRAG4                           ff9143d0 MYOINITF
ffe60a40 CFRAG5                           ff9144d0 MYOINITB
ffd12960 CFSHRAPA                         ff914920 SLSTINIT
ffd13b50 CFSHRAPB                         ff914af0 ADDSBOBJ
ffddbb80 CHECKSBMOD                       ff914b80 ADDSUPP
ffe56970 CHEMPALS                         ff914bd0 DELSBOBJ
ffa2c0f0 CHINACOLL                        ff914c60 DELSUPP
ffe5f340 CHINADR1                         ff914f10 ISSUPP
ffe5f3c0 CHINADR2                         ff915000 ISSUPPID
ffe5f440 CHINADR3                         ff915130 CNTSUPP
ffd2db20 CHINAPAL                         ff915210 RANDOM
ff919ea0 CHKRANGE                         ff915370 RANDU
ffaab0f0 CHK_CMOS                         ff915400 SRAND
ff9fb350 CHNKTBL1                         ff9154b0 RANGRAND
ff9fb630 CHNKTBL2                         ff915580 RANDPER
ff9fb7d0 CHNKTBL3                         ff915650 FILLAREA
ff9fbbf0 CHNKTBL4                         ff915680 BLNKAREA
ff9fbcf0 CHNKTBL5                         ff915770 LOADATAB
ffa00120 CHNKTINI                         ff9157e0 PFRAME
ffa56ae0 CHOFCOLD                         ff9158e0 CKOUTOFX
ffda1480 CHOPBAK                          ff915a60 CKBOUNDS
ffdc54d0 CHOPBLIP                         ff915db0 CKZBOUND
0100d820 CHOPCNT                          ff915fb0 CKZADJST
ffa4e720 CHOPCOLD                         ff9161c0 CKZAMIN
ffd59a80 CHOPCRUZ                         ff9163a0 PSTOP
ffa4e9b0 CHOPDISP                         ff9163d0 PSTOPX
ffd9cb40 CHOPDSP                          ff9164a0 PSTOPZ
ffa5a180 CHOPINTR                         ff916660 PSTOPYZ
0100d720 CHOPRB                           ff916770 YFLP
ffa4e7f0 CHOPST                           ff9167f0 NOYFLP
ffa2c720 CHOPWCOL                         ff9168e0 PSWLR
ffa56bb0 CHORCOLD                         ff916930 SYNCUP
ff9fffe0 CHUNKINI                         ff9169e0 SYNCHALF
ffe04a90 CITYPAL1                         ff916a40 SYNCFULL
ffe05aa0 CITYPAL2                         ff916b00 DTIME
ff915a60 CKBOUNDS                         ff916c00 DMAN
ff91a820 CKBUST                           ff916c30 DMAWAIT
ffa0fae0 CKCRESET                         ff916cb0 DMAQWAIT
ffa40fe0 CKLBADJ                          ff916e10 DMAHALT
ffa40c70 CKLXBND                          ff916e90 CMAPRS
ffa40e70 CKLZBND                          ff916ea0 CMAPSL
ff91ace0 CKMAXBST                         ff916f30 CRINIT
ffa34920 CKOBJXY                          ff917010 CRLOAD
ff9158e0 CKOUTOFX                         ff917120 SCRCLR
ffab3160 CKPROMPT                         ff917130 SCRFIL
ffae5490 CKSNDPRI                         ff917240 LAST2CLR
ff920920 CKYBOUND                         ff917290 SETPPROC
ff915fb0 CKZADJST                         ff9173c0 CLR_SCRN
ff9161c0 CKZAMIN                          ff9173c0 clr_scrn
ff915db0 CKZBOUND                         ff9175a0 ENINITUL
ffaabec0 CK_DOOR                          ff917610 ENINITLL
ffaa1ca0 CK_MAX                           ff917690 ENINIT
ffa0d890 CLEFT180                         ff917700 ESINITUL
ffa0d550 CLEFT360                         ff917770 ESINITLL
ffd58ce0 CLENSND                          ff9177f0 ESINIT
ffdc3b30 CLIPBLIP                         ff917c80 GETDOOR
0100d530 CLIPCNT                          ff917f10 CLOZDOOR
ffe70040 CLIPOBJ                          ff918000 DOORRITE
ff94a3b0 CLIPRYTE                         ff918100 OUTDOOR
ffd595b0 CLIPSND                          ff918540 DOOROPEN
ffa6fc20 CLNSNDST                         ff9189e0 DOORCLOZ
ffd84fe8 CLOS1MSG                         ff919350 GETCPLY
ffd85060 CLOS2MSG                         ff9196f0 SELCTPLY
ffa64260 CLOSCALL                         ff9197f0 INPYRNG
ffdfcc60 CLOUDBMOD                        ff9198f0 INPXRNG
ff917f10 CLOZDOOR                         ff919a30 GPLAYERD
ffa4d730 CLRBPAL                          ff919b50 GETPBOTY
ff906460 CLRBUYIN                         ff919c40 FACEPLYR
ffa4d6a0 CLRFPAL                          ff919d90 GETPLYR
ff906730 CLRGCARD                         ff919ea0 CHKRANGE
ffa25160 CLRGOAL                          ff919f20 GETPCENT
ff9065d0 CLRMBIGS                         ff91a120 MOVEINPX
ffa63310 CLRMESS                          ff91a220 MVAWAYPX
ff9bb090 CLROBJ                           ff91a3a0 MOVEINPY
ffa4d560 CLRPAL                           ff91a480 ISPBULLT
ff9120f0 CLRPDATA                         ff91a6e0 WHICHSID
ff905e80 CLRPLAY                          ff91a820 CKBUST
ffae4590 CLRSNDDB                         ff91ace0 CKMAXBST
ff912840 CLRWORLD                         ff91adc0 GBUST
ffaa4f40 CLR_AUD                          ff91b400 DROPSTUF
ffaa4ac0 CLR_AUDR                         ff91b750 CARDCHEK
ff9173c0 CLR_SCRN                         ff91b970 WENDIE
ffaa4a30 CLR_SUBS                         ff91c2b0 WEND3
ffa0c3d0 CLTURN                           ff91c450 WROCK
ffdc3be0 CLWNBLIP                         ff91ca80 WEXPD
ffa6fe80 CLWNCOLD                         ff91d870 ADDBUCKS
ffa78420 CLWNCRM1                         ff91d9a0 ADDDRUGS
0100d6d0 CLWNMAX                          ff91dad0 ADDROCKS
0100d6f0 CLWNSHT                          ff91dc00 ADDCLIPS
0100d6e0 CLWNSPD                          ff91dd30 DELENEMY
ffac5090 CLWRBAK                          ff91de30 GRUNTRND
ffd98f90 CLWRDSP                          ff91dff0 GETLZVEL
ffa2c4e0 CLWRMCOL                         ff91e100 GETYZVEL
ff916e90 CMAPRS                           ff91e5d0 GCUBEVEL
ff916ea0 CMAPSL                           ff91ea80 GIBOX
ffaa4ff0 CMOS_VAL                         ff91ed50 MAXIMUM
ffa0a620 CNEWPAL                          ff91edb0 MINIMUM
ff915130 CNTSUPP                          ff91ee10 MAKTPROC
ffaa42a0 COIN_PAG                         ff91f050 TRAJEC
ffd303a0 COLMNPAL                         ff91f350 TRAJEC1
ffa4be00 COLRSTRT                         ff91f930 DBOUNCE
0100b350 COLRTEMP                         ff91fdc0 DTBOUNCE
0100b4e0 COLRTEND                         ff9204a0 DSINK
ffa34420 COLSCAN1                         ff9205e0 ESINK
ffe5f240 COLUMN1                          ff9206c0 OSINK
ffe5f2c0 COLUMNB                          ff9208c0 DUMCOLL
ff90ff90 COL_BARS                         ff9208f0 DUMRTSG
ffaaac80 COL_INST                         ff920920 CKYBOUND
ff922b10 COPYOBJ                          ff920ac0 GSCRIPT
ffd849b0 COPYRMSG                         ff920b30 BASFRM
ffa34be0 CPCOLADJ                         ff920be0 EFRAME
ff9100d0 CPU_CHK                          ff920d40 FRANIM
ffa62f70 CRCMESS                          ff921770 ANIMATOR
ff9c1770 CRDTPAGE                         ff921970 ANIMATCK
ffaa23e0 CRD_SCRN                         ff921d60 SCRKIL
ffe53b20 CREAM1                           ff922140 MUSICSYN
ffaa1f50 CRED_P                           ff9223b0 XPALETTE
ffa0f3a0 CRESET                           ff9225a0 XCOLOR
0100bdd0 CRIMENO                          ff922780 AUTOEOFF
01007b00 CRIMEPAL                         ff9228b0 AUTOEON
ffa65240 CRIME                            ff922a20 MAKOBJZ
ff916f30 CRINIT                           ff922b10 COPYOBJ
ff917010 CRLOAD                           ff922c60 STRLNRM
ff910000 CROSS_H                          ff922cd0 STRCNRM
ffa0bfb0 CRTURN                           ff922d40 STRRNRM
ffa0d790 CRYTE180                         ff922db0 STRLINV
ffa0d3e0 CRYTE360                         ff922e20 STRCINV
ffaa0270 CR_CONTP                         ff922e90 STRLNRMO
ffaa00f0 CR_STRTP                         ff922f20 STRCNRMO
ffd5a810 CSELCT                           ff9237c0 STRNGLEN
ffa0f200 CSHADST                          ff9239b0 HEXTOASC
ffe60fc0 CSHELLL                          ff923be0 PPOSADDX
ffe61040 CSHELLR                          ff923e20 ESCAPEJ
ffe60ac0 CSHRAP1                          ff923ff0 INVINCO
ffe60b40 CSHRAP2                          ff924360 INVINCNF
ffe60bc0 CSHRAP3                          ff924600 PXFERCRD
ffe60c40 CSHRAP4                          ff924610 SLOWPCAR
ffe60cc0 CSHRAP5                          ff924810 POUTOFRK
ffe5fbc0 CSHRAPA1                         ff9248e0 PFLYNDIE
ffe5fc40 CSHRAPA2                         ff925a30 PFLASH2
ffe5fcc0 CSHRAPA3                         ff925c10 PIJDECEL
ffe5fd40 CSHRAPA4                         ff926110 PDELETE
ffe5fdc0 CSHRAPA5                         ff9267e0 PLEGOFF
ffe5fe40 CSHRAPB1                         ff926920 PLEGON
ffe5fec0 CSHRAPB2                         ff926a80 PTORSON
ffe5ff40 CSHRAPB3                         ff926be0 BOTHPON
ffe5ffc0 CSHRAPB4                         ff926d50 TSHADST1
ffe60040 CSHRAPB5                         ff926d90 TSHADST2
ffe600c0 CSHRAPC1                         ff926e70 LSHADST1
ffe60140 CSHRAPC2                         ff926eb0 LSHADST2
ffe601c0 CSHRAPC3                         ff926fa0 TSHADDL1
ffe60240 CSHRAPC4                         ff926fe0 TSHADDL2
ffe602c0 CSHRAPC5                         ff9270f0 LSHADDL1
ffe60340 CSHRAPD1                         ff927130 LSHADDL2
ffe603c0 CSHRAPD2                         ff927250 PCONTST
ffe60440 CSHRAPD3                         ff9274b0 OWINDOW
ffe604c0 CSHRAPD4                         ff927830 CWINDOW
ffe60540 CSHRAPD5                         ff9282f0 BUYINWIN
ffe605c0 CSHRAPE1                         ff9287c0 BUYINLP
ffe60640 CSHRAPE2                         ff929f40 BWAITCLD
ffe606c0 CSHRAPE3                         ff92b960 GAMEOTXT
ffe60740 CSHRAPE4                         ff92bd20 DUMPWTCH
ffe607c0 CSHRAPE5                         ff92bf30 AUDPLWAV
ffa0c7f0 CSTRAYTE                         ff92c260 FLYTOPL
00000033 CS_ENTS                          ff92c4f0 BONUSCR
ffab3010 CS_POINT                         ff931cc0 WAVEINIT
01008730 CURPAL                           ff9327a0 GOALXFER
ffd5a470 CVSDFOFF                         ff9328c0 KILLWAVE
ffd5a430 CVSDOFF                          ff932e60 WAVEEND
ffa0da60 CWHLSPD                          ff933ce0 GAMEEND
ffa0b6b0 CWHLSTOP                         ff935730 INITFGND
ff927830 CWINDOW                          ff935800 INITBGND
ffe5fb40 CWRECK                           ff936d70 WHIPTHRU
ffa0aec0 CXACCEL                          ff937c30 SKYUP
ffa0b060 CXACCELA                         ff9390e0 NEWBGND
ffa0b090 CXACCELB                         ff93b890 OLDBGND
ffaaaab0 CYAN_BOX                         ff93d5a0 BBOFSCRN
0101b1f0 C_FLAGS                          ff93df00 BSCHKG
ff9b5e60 CentDist                         ff93f840 BSTOP
ff9b6a80 CkDest                           ff93f990 MAKFBOBJ
ff9b8300 Ck_NOYFLP                        ff93fde0 SKYDOWN
ff9b8100 Ck_YFLP                          ff93ffc0 EXPANDS
ff9b6810 ClipDest                         ff940150 SCBLOWUP
ff9b68b0 ClipZDst                         ff940210 SCREXP32
ff9b9610 ClosestFP                        ff940ac0 BGNDHGHT
ff9b9350 ClosestP                         ff9416d0 BGND_UD1
ff9babe0 ClrVel                           ff941970 BGND_UD2
ff91f930 DBOUNCE                          ff942e00 EBULL45
0100c100 DCCOUNT                          ff942fc0 EDBULLET
0101b2e0 DCODE                            ff942fe0 EBULLET
010178c0 DEATHCNT                         ff943190 EROCKET
ffa9add0 DEC_HSR                          ff943330 P1BULL
ffaa5800 DEF_PAGE                         ff9433f0 P2BULL
ffe71460 DELB2OBJ                         ff9434b0 P1CARBUL
ff913f00 DELBBOBJ                         ff943570 P2CARBUL
ff9136e0 DELBB                            ff9439b0 GBULLET
ffe714c0 DELBOBJ                          ff944840 BULLRET1
ffa0a510 DELCBODY                         ff946270 REXPLODE
ff91dd30 DELENEMY                         ff9471b0 CEXPLODE
ffe71680 DELOBJ                           ff947df0 TEXPLODE
ffa4d190 DELPAL                           ff94a3b0 CLIPRYTE
ff914bd0 DELSBOBJ                         ff94c810 BCOLL1
ffe71520 DELSHAD                          ff94c980 BULLRET2
ffe71600 DELSOBJ                          ff94c9a0 DUMRTS
ff914c60 DELSUPP                          ff94cb50 BCOLDDMP
ffe172f0 DEMOPALS                         ff94cbd0 BCOLDCAN
ffa2c960 DENDCOLB                         ff94cc50 BCOLDPST
ffa2c9f0 DENDCOLGR                        ff94cc90 BCOLDSID
ffa2c7b0 DENDCOLL                         ff94ce60 DINGANI
ffa2c8d0 DENDCOLR                         ff94eb00 DROPCARD
ffa2c840 DENDCOLS                         ff94ee20 DROPBUCK
ff9121f0 DFRMGRND                         ff94ef90 DROPCLIP
ff9b5930 DFrmGrnd                         ff94f080 DROPROCK
ffaa9f70 DIAG_EX                          ff94f170 DROPDRUG
ffaa9d40 DIAG                             ff94fc70 TRNKBUCK
0100d500 DIFRAM                           ff94fd70 TRNKCLIP
ffaaae90 DIGSRT                           ff94fe70 TRNKROCK
ffe5bac0 DING45A                          ff94ff70 TRNKDRUG
ffe5bb40 DING45B                          ff9530d0 BUSTAMP
ffe5bbc0 DING90A                          ff9552f0 BOZOCARD
ffe5bc40 DING90B                          ff9554a0 CARDCOLD
ff94ce60 DINGANI                          ff9561b0 BUCKCOLD
ffd58600 DINGCANR                         ff956b20 DRUGCOLD
ffd58580 DINGDUMP                         ff9572e0 GOLDCOLD
ffd585c0 DINGPSTR                         ff9585a0 WEEDCOLL
ff9fe550 DIRANI                           ff9591c0 LOFCOLD
ffaa80b0 DISPDUMP                         ff959570 BOZCHK
ffe75d40 DISPH                            ff95a900 SWAPAL0
010e0620 DISPLAYON                        ff9602a0 LOFDFLA
ffe745f0 DISPLAY                          ff960380 LDEXP1
ffe744c0 DISPQT                           ff960630 LOFDROCK
ff916e10 DMAHALT                          ff9606a0 LOFRAG1
ffe75600 DMAINT                           ff960860 LOFRAG2
ff916c00 DMAN                             ff960a20 LOFRAG3
01056590 DMAQCNT                          ff960be0 LOFRAG4
01056570 DMAQCUR                          ff960e00 LOFDEXP
ff916cb0 DMAQWAIT                         ff9611c0 LOFDEXP1
ff916c30 DMAWAIT                          ff961fc0 LOFFCRM1
ffac53d0 DMPRBAK                          ff962e10 PIMPCOLD
ffd9a780 DMPRDSP                          ff9712e0 PIMPCRM1
ffa2c570 DMPRMCOL                         ff971c30 GANGCOLD
ffaaf9e0 DOBORDER                         ff97d4d0 GANGCRM1
ffd90730 DOGBAIT                          ff97f3a0 HYPOCOLD
ffdc5030 DOGBLIP                          ff98a7f0 HYPOCRM1
0100d830 DOGCNT                           ff98c060 NHYPO
ffa78a20 DOGCOLD                          ff98c0a0 SHYPO
0100d730 DOGMAX                           ff991310 HOOKCOLD
ffac4d50 DOGRBAK                          ff9977f0 dynamite
ffd982d0 DOGRDSP                          ff99b900 BUGCOLD
ffa2c330 DOGRMCOL                         ff9a3c80 BUGBURN
0100d740 DOGSPD                           ff9a49a0 MBIGCOLD
ff9189e0 DOORCLOZ                         ff9a60f0 MB_MOVE
ffd592a0 DOORCSND                         ff9b4550 BIGBULL
ff918540 DOOROPEN                         ff9b48a0 MBIGCRM1
ffd59260 DOOROSND                         ff9b5020 MovePlyr
ff918000 DOORRITE                         ff9b5230 SetAniP
ffddc630 DOORSBMOD                        ff9b5480 ZCHEK
ffe5bcc0 DOPE1                            ff9b5780 ShadOn
ffe5bd40 DOPE2                            ff9b57e0 ShadOff
ffe5bdc0 DOPE3                            ff9b5860 GetPLZMID
ffe5bec0 DOPEICON                         ff9b5930 DFrmGrnd
0100c140 DOPESYM                          ff9b5a10 OidToDat
ffa2c2a0 DORNCOLL                         ff9b5a50 GetPData
ffac04d0 DO_ADJH                          ff9b5be0 BulToDat
ffe5a3c0 DRIVEF1                          ff9b5d60 GetMidZ
ffe5a440 DRIVEF2                          ff9b5e60 CentDist
ffe5a4c0 DRIVEF3                          ff9b5f40 GetOnScr
ffe5a540 DRIVEF4                          ff9b6240 DestOk
ffe59ec0 DRIVER1                          ff9b6580 SCRNCLIP
ffe59f40 DRIVER2                          ff9b6810 ClipDest
ffe59fc0 DRIVER3                          ff9b68b0 ClipZDst
ffe5a040 DRIVER4                          ff9b6950 SCRNZCLP
ffe5a0c0 DRIVER5                          ff9b6a80 CkDest
ffa0e4a0 DRIVERAN                         ff9b6d60 GoDestD
ff94ee20 DROPBUCK                         ff9b7500 GoDestV
ff94eb00 DROPCARD                         ff9b7e00 T_YFLP
ff94ef90 DROPCLIP                         ff9b7f80 T_NOYFLP
ff94f170 DROPDRUG                         ff9b8100 Ck_YFLP
ff94f080 DROPROCK                         ff9b8300 Ck_NOYFLP
ff91b400 DROPSTUF                         ff9b8500 ZOFF
ffdc3e60 DRUGBLIP                         ff9b8750 NEAR_BUL
0100d500 DRUGCNT                          ff9b8af0 FACINGOB
ff956b20 DRUGCOLD                         ff9b8c60 FACEOBJ
ffd996a0 DRUGRDSP                         ff9b8d40 FaceObj
ffd59570 DRUGSND                          ff9b8e20 FACEBULL
ffe631c0 DRUM                             ff9b8e80 FACEAWAY
ffe5a140 DRVDTH1                          ff9b8fa0 FACEFWD
ffe5a1c0 DRVDTH2                          ff9b9000 FACEBKWD
ffe5a240 DRVDTH3                          ff9b9060 NEARPLYR
ffe5a2c0 DRVDTH4                          ff9b9350 ClosestP
ffe5a340 DRVDTH5                          ff9b9610 ClosestFP
ffd58ca0 DSH2SND                          ff9b9a30 Flee
ffd58c20 DSHTSND                          ff9ba2a0 FleeObj
ff9204a0 DSINK                            ff9ba660 HuntObj
ffe5a940 DSLIME                           ff9ba680 HuntObj0
ff91fdc0 DTBOUNCE                         ff9ba750 ShortXDest
ff916b00 DTIME                            ff9ba800 MAX
ff9208c0 DUMCOLL                          ff9ba840 MIN
ff90f820 DUMDIE                           ff9ba880 ABSMAX
ffdc2d10 DUMPBLIP                         ff9ba930 ABSINC
ffe5a8c0 DUMP                             ff9ba990 ABSDEC
0100d6b0 DUMPBTT                          ff9baa00 ABSSUB
0100d7a0 DUMPCNT                          ff9baab0 ABSADD
ffa68710 DUMPCOLD                         ff9bab10 XTOZSIZE
ffa2f600 DUMPCOLL                         ff9babe0 ClrVel
ffa6f730 DUMPCRM1                         ff9bac60 UpdShadV
0100d690 DUMPMAX                          ff9bad80 NEAR_BTY
ffd2bcc0 DUMPPAL                          ff9badb0 NEAR_OBJ
ffa12df0 DUMPROC                          ff9bafe0 ON_SLIST
0100d6c0 DUMPSHT                          ff9bb090 CLROBJ
0100d6a0 DUMPSPD                          ff9bb140 BullSlp
ff92bd20 DUMPWTCH                         ff9bb3a0 SyncAnim
ffaa7b00 DUMP_FS                          ff9bb610 SumSlp
ffa0c7c0 DUMRETP                          ff9bb7c0 SPLTCOLBOX
ff94c9a0 DUMRTS                           ff9bb9a0 SPLTCOLANI
ff9208f0 DUMRTSG                          ff9bbb80 SPLATANI
ffd8a9c0 DUMSCRIP                         ff9bc3e0 SPLATBOX
ff9b6240 DestOk                           ff9bcc40 SPLATS
ffd58540 EBSND                            ff9bd0a0 PUT1K
ff942e00 EBULL45                          ff9bd100 PUT2x5K
ff942fe0 EBULLET                          ff9bd160 PUT5K
0100d8c0 ECNTEND                          ff9bd1c0 PUT10K
0100d750 ECNTRS                           ff9bd220 PUT25K
ff942fc0 EDBULLET                         ff9bd3d0 PUTBONUS
ff920be0 EFRAME                           ff9be240 LTWRDPT
0100d750 ENDIFRAM                         ff9be360 LINEPT
01000160 ENEMIES                          ff9bfdb0 PRECRIM2
01000140 ENEMY_BULLETS                    ff9bfdd0 PRECRIME
ff917690 ENINIT                           ff9c0740 POSTCRIME
ff917610 ENINITLL                         ff9c10b0 FBIBADGE
ff9175a0 ENINITUL                         ff9c1770 CRDTPAGE
ff943190 EROCKET                          ff9c1790 TITLPAGE
ff90fb10 ERRORLOG                         ff9c4470 MSUCLEAR
ff923e20 ESCAPEJ                          ff9cd310 VSCAN
ff917770 ESINITLL                         ff9d1500 RAMBCOLD
ff9177f0 ESINIT                           ff9de690 RAMBCRM1
ff917700 ESINITUL                         ff9df0f0 MAKEFLAM
ff9205e0 ESINK                            ff9df3b0 GROWFLAM
ffddc090 EUGBMOD                          ff9e2410 HEADCOLD
ffd84e58 EVIMSG                           ff9e9330 HEADCOLL
ffe71ff0 EXISTOBJ                         ff9e9420 TUNGCOLL
ffae3fd0 EXISTP                           ff9e9510 BASECOLL
ffdc2e70 EXITBLIP                         ff9f14a0 SPNECOLL
ffe5f740 EXITSIGN                         ff9fa850 InitTbls
ff93ffc0 EXPANDS                          ff9fb210 SpineIni
010001e0 EXPLOSIONS                       ff9fb350 CHNKTBL1
ffd84c40 EXTRAMSG                         ff9fb630 CHNKTBL2
ffa9ab88 E_BRUSH                          ff9fb7d0 CHNKTBL3
ffa9b6a0 E_GAME                           ff9fbbf0 CHNKTBL4
ffa80560 E_INITS                          ff9fbcf0 CHNKTBL5
0000000d F1SEL                            ff9fe550 DIRANI
ff9b8e80 FACEAWAY                         ff9fed40 TUNGFLEX
ff9b9000 FACEBKWD                         ff9ff570 TUNGFLXF
ff9b8e20 FACEBULL                         ff9ffda0 BRECOIL
ff9b8fa0 FACEFWD                          ff9ffdf0 BRECOILF
ff9b8c60 FACEOBJ                          ff9ffe40 RRECOIL
ff919c40 FACEPLYR                         ff9ffe90 RRECOILF
ff9b8af0 FACINGOB                         ff9ffee0 KABOOM
ffaa58c0 FAC_SET                          ff9fff60 KABOOMF
ffab5830 FAC_STUF                         ff9fffe0 CHUNKINI
ffd5a280 FADEDOWN                         ffa00120 CHNKTINI
ffd5a190 FADEUP                           ffa00260 BONEINI
01000290 FADE_RAM                         ffa003a0 FLYSPINE
ffdefe90 FANNYCOBMOD                      ffa00470 FLYSKULL
ffddba60 FASSGRLBMOD                      ffa03180 BlowSkul
ff9c10b0 FBIBADGE                         ffa03880 jawbite
ff915650 FILLAREA                         ffa03b00 jawbitef
ff913850 FINDBB                           ffa04e20 SDIRANI
ffa0f030 FINDMVP                          ffa050e0 FIRETUNG
ffa4d210 FINDPAL                          ffa071f0 baseflsh
ffa050e0 FIRETUNG                         ffa08130 MkNuke
ffe5c140 FLHD1A                           ffa09370 CARINIT
ffe5c1c0 FLHD1B                           ffa0a150 CDELALL
ffe5c240 FLHD1C                           ffa0a510 DELCBODY
ffe5c2c0 FLHD2A                           ffa0a620 CNEWPAL
ffe5c340 FLHD2B                           ffa0a860 CARYZVEL
ffe5c3c0 FLHD2C                           ffa0a9f0 CARXVEL
ffe5aac0 FLHIT1                           ffa0ab20 CARYVEL
ffe5ab40 FLHIT2                           ffa0ac50 CARZVEL
ffe5abc0 FLHIT3                           ffa0adf0 CARSTOP
ff911da0 FLP                              ffa0aec0 CXACCEL
ffe5c440 FLTLA                            ffa0b060 CXACCELA
ffe5c4c0 FLTLB                            ffa0b090 CXACCELB
ffe5c540 FLTLC                            ffa0b6b0 CWHLSTOP
ffa00470 FLYSKULL                         ffa0b840 KILLCARP
ffa003a0 FLYSPINE                         ffa0b910 CFLIPART
ff92c260 FLYTOPL                          ffa0baf0 CARTNKO
ffad2280 FORHEAD                          ffa0bd50 CARTNKC
ffaa5050 FORM_ADC                         ffa0bfb0 CRTURN
ffaae720 FORM_SWS                         ffa0c3d0 CLTURN
ffacf000 FORSILV                          ffa0c7c0 DUMRETP
01007d30 FPALRAM                          ffa0c7f0 CSTRAYTE
ff920d40 FRANIM                           ffa0cbe0 WHLSTR
ffe70c40 FREEOBJE                         ffa0d3e0 CRYTE360
ffe710d0 FREEOBJ                          ffa0d550 CLEFT360
01000020 FREE                             ffa0d790 CRYTE180
ffa4dc70 FREEPAL                          ffa0d890 CLEFT180
ffd599c0 FREESND                          ffa0da60 CWHLSPD
ffe70bb0 FREESOBJ                         ffa0e4a0 DRIVERAN
ffd58da0 FREZSND                          ffa0e910 CARSETZ
ffd58fe0 FSIZZSND                         ffa0e9d0 CARADDY
ffaa5220 F_ADC_S                          ffa0eba0 CARSCRTST
ffaaf6f0 F_TITLE                          ffa0ed80 ISREVERS
ff9b8d40 FaceObj                          ffa0f030 FINDMVP
ff9b9a30 Flee                             ffa0f200 CSHADST
ff9ba2a0 FleeObj                          ffa0f3a0 CRESET
00000009 G1SEL                            ffa0fae0 CKCRESET
ff9056a0 GAMEDETH                         ffa0fc00 SINKCARC
ff933ce0 GAMEEND                          ffa0fd50 CADCOLD
ff92b960 GAMEOTXT                         ffa0fe20 CADDISP
ff9052c0 GAMEOVER                         ffa0ff80 CADDY
0100d4f0 GAMERASE                         ffa12df0 DUMPROC
ffd84b30 GAMOVMSG                         ffa17b50 PORINTRO
ffd59b00 GAMOVSND                         ffa18f00 P1IJDECL
0100bcf0 GAMSTATE                         ffa18f70 P2IJDECL
ffdc59d0 GANGBLIP                         ffa19530 PORTRANS
0100d7c0 GANGCNT                          ffa1a740 PORSCOLD
ff971c30 GANGCOLD                         ffa1cf70 PCDRIVRC
ff97d4d0 GANGCRM1                         ffa1d5c0 PDRIVXWW
ffe735a0 GANIOF                           ffa1e370 MINECOLD
ffe72730 GANISAG                          ffa1f580 WEEDCOLD
ffe5f640 GARAGE1                          ffa1ff20 NEXAIR
ffd85128 GAYMSG                           ffa1ff60 NEXPLODE
ff911b80 GBPALOBJ                         ffa20570 NEXINIT
ff9439b0 GBULLET                          ffa20920 NUCLEXP
ff91adc0 GBUST                            ffa25160 CLRGOAL
ff91e5d0 GCUBEVEL                         ffa25c20 SILVDP
ffaaa050 GEN_MENU                         ffa25c80 REDDP
ffae4180 GETA10                           ffa25ce0 BLUEDP
ffae4100 GETA11                           ffa25d40 GOLDDP
ffae42a0 GETA8                            ffa25da0 HEADDP
ffae4210 GETA9                            ffa29ff0 GETSUBDR
ffe73470 GETANIXY                         ffa2a220 SUBOPEN
ff9125e0 GETANIX                          ffa2c0f0 CHINACOLL
ff9122d0 GETBOTY                          ffa2c180 LOFHCOLL
ffa4d940 GETBPAL                          ffa2c210 BIGINCOL
ffe5b640 GETCASH1                         ffa2c2a0 DORNCOLL
ffe5b6c0 GETCASH2                         ffa2c330 DOGRMCOL
ff912450 GETCENT                          ffa2c3c0 SUBRMCOL
ffe5b7c0 GETCLIP                          ffa2c450 BUGRMCOL
ff919350 GETCPLY                          ffa2c4e0 CLWRMCOL
ff912360 GETCPNT                          ffa2c570 DMPRMCOL
ff917c80 GETDOOR                          ffa2c600 GRNHSCOL
ffe5be40 GETDOPE                          ffa2c690 LABCOL
ffa4d7c0 GETFPAL                          ffa2c720 CHOPWCOL
ff91dff0 GETLZVEL                         ffa2c7b0 DENDCOLL
ffe709d0 GETOBJ                           ffa2c840 DENDCOLS
ff919b50 GETPBOTY                         ffa2c8d0 DENDCOLR
ff919f20 GETPCENT                         ffa2c960 DENDCOLB
ff919d90 GETPLYR                          ffa2c9f0 DENDCOLGR
ffae3b50 GETPRC                           ffa2cb10 SENDCOLS
ffe5b740 GETROCK                          ffa2cba0 SENDCOLR
ff912aa0 GETSCRBY                         ffa2cc30 SENDCOLB
ff912520 GETSCRRX                         ffa2ccc0 SENDCOLGR
ffaae110 GETSTICK                         ffa2cd50 SLOTCOLS
ffa29ff0 GETSUBDR                         ffa2cde0 SLOTCOLR
ff90f0a0 GETWAVE                          ffa2ce70 SLOTCOLB
ff91e100 GETYZVEL                         ffa2cf00 SLOTCOLG
ff912730 GETZMID                          ffa2cf90 SLOTCOLH
ffaa5300 GET_ADJ                          ffa2d020 SLOTCOLGR
ffaabe10 GET_ADV                          ffa2d0b0 SLOTCNDS
ffaa4820 GET_AUD                          ffa2d140 SLOTCNDG
ffab2f50 GET_CSPT                         ffa2d1d0 SAFECOLL
ffaa6330 GET_CSTR                         ffa2f100 CANEXCOL
ffaab4b0 GET_FAC                          ffa2f3f0 CANCOLL
ffa9d550 GET_HSCR                         ffa2f600 DUMPCOLL
ffa9b140 GET_HSC                          ffa2f810 ATSTRT
ffdfe490 GHSINTBMOD                       ffa302a0 ATTPLAY
ffdfe400 GHSINTDRBMOD                     ffa34420 COLSCAN1
ffe4fe40 GHSIPALS                         ffa34920 CKOBJXY
ffe4cd30 GHSPALS                          ffa34be0 CPCOLADJ
ff91ea80 GIBOX                            ffa35310 CEDETECT
0100c130 GLASSCNT                         ffa35520 CBDETECT
0101b270 GMENULEV                         ffa359b0 CEBDETCT
ffdc3ee0 GOALBLIP                         ffa35c50 P1LLINIT
0100bdf0 GOALCARD                         ffa35d80 P2LLINIT
0100be00 GOALDOOR                         ffa35eb0 PLLINIT
ff9327a0 GOALXFER                         ffa37e00 P1INITTL
ffac5d90 GOLDBAK                          ffa38080 P2INITT
ff9572e0 GOLDCOLD                         ffa38780 PLREINIT
ffa25d40 GOLDDP                           ffa38cd0 PLWAVEST
ffac47d0 GOLDDSP                          ffa39850 PLROOMST
ffe5e340 GOLDTYPE                         ffa3a4d0 STARTINVL
ffe5e0c0 GOLDcard                         ffa3a7b0 PLLAYER
ffe1c040 GOLGesca                         ffa3f430 PLSTOP
ffabd2a0 GO_ADJ                           ffa3fce0 PLAYERON
ffab39d0 GO_DIAG                          ffa3ffc0 PLAYEROF
ff911ab0 GPALOBJ                          ffa40130 PLAYERCON
ff919a30 GPLAYERD                         ffa40b90 P_INBNDS
010178d0 GRAMEND                          ffa40c70 CKLXBND
0100bd10 GRAMSTRT                         ffa40e70 CKLZBND
ffd4e6a0 GREENLAB                         ffa40fe0 CKLBADJ
ffe5e2c0 GREENcard                        ffa43690 P1HYPHIT
ffac5570 GRNHSBAK                         ffa43710 P2HYPHIT
ffdfcd80 GRNHSBMOD                        ffa43790 P1DETH
ffa2c600 GRNHSCOL                         ffa43880 P2DETH
ffdfccf0 GRNHSDRBMOD                      ffa49b10 BULLHIT
ffd9bad0 GRNHSDSP                         ffa49c50 HEADBUTT
ffe5ee40 GRNTYPE                          ffa49d90 KNIFEHIT
ffe21120 GRNesca                          ffa49ed0 BUGBITE
ff9df3b0 GROWFLAM                         ffa4a090 HYPOHIT
ffd58a20 GRUNT1R                          ffa4be00 COLRSTRT
ffd58a60 GRUNT2R                          ffa4c470 LINE
ffd58aa0 GRUNT3R                          ffa4d190 DELPAL
ffd58ae0 GRUNT4R                          ffa4d210 FINDPAL
ffd58b20 GRUNT5R                          ffa4d380 INITPAL
ff91de30 GRUNTRND                         ffa4d470 INITBPAL
ffe72ca0 GSAGOF                           ffa4d560 CLRPAL
ff920ac0 GSCRIPT                          ffa4d6a0 CLRFPAL
ffe724e0 GSCRNREL                         ffa4d730 CLRBPAL
ffaaf820 G_BORDER                         ffa4d7c0 GETFPAL
ffa62b60 G_CRED                           ffa4d940 GETBPAL
ff9b5d60 GetMidZ                          ffa4dc70 FREEPAL
ff9b5f40 GetOnScr                         ffa4def0 UNGETPAL
ff9b5a50 GetPData                         ffa4e0b0 PALTRANS
ff9b5860 GetPLZMID                        ffa4e5c0 PALSET
ff9b6d60 GoDestD                          ffa4e720 CHOPCOLD
ff9b7500 GoDestV                          ffa4e7f0 CHOPST
ffd58d60 HALTSND                          ffa4e9b0 CHOPDISP
ffe598e0 HDRMPALS                         ffa51120 PBOMBP1
ffac5f30 HEADBAK                          ffa51190 PBOMBP2
ffdc6390 HEADBLIP                         ffa56ae0 CHOFCOLD
ffa49c50 HEADBUTT                         ffa56bb0 CHORCOLD
ff9e2410 HEADCOLD                         ffa592f0 XVEL2X
ff9e9330 HEADCOLL                         ffa5a180 CHOPINTR
ffa25da0 HEADDP                           ffa5c530 KILLCHOY
ffac1f20 HEADDSP                          ffa5d0a0 SCANNER
ffad2220 HEADMOD                          ffa5d730 PIXQINIT
ffac65d0 HEADNAME                         ffa5d840 PIXQADD
ffe04a00 HEADRBMOD                        ffa5d990 BLIPOFF
ffd0a860 HED3hat                          ffa5db70 BLIPON
ffd29030 HELBLUE                          ffa5dba0 SCORAREA
ffd58920 HELLBUGS                         ffa5dc40 SSAREA
ffd2a040 HELWHT                           ffa5dc90 WAVENUM
ff9239b0 HEXTOASC                         ffa5dec0 P1SSAREA
ffd58480 HHITEND                          ffa5df20 P2SSAREA
ffd58440 HHITSND                          ffa5df80 NARQUEE
ffaba6e0 HID_P                            ffa5e350 UPSTAT
ffddc2d0 HOLEBMOD                         ffa5e420 UPDSL
ffdc4310 HOOKBLIP                         ffa5e8e0 SCORE2P
0100d780 HOOKCNT                          ffa5eaf0 SCORE
ff991310 HOOKCOLD                         ffa5ec20 SCRIMM
ffddbee0 HOTEL1BMOD                       ffa5f240 OUTSCR
ffddc360 HOTEL2BMOD                       ffa5f570 SCRREF
ffddc6c0 HOTEL3BMOD                       ffa5fbf0 ADDLIFE
ffe5f6c0 HOTWIN1                          ffa5fd70 ADDMRBIG
ffddc120 HQBMOD                           ffa5fe40 P_MBIGS
ffa85f60 HSTDTAB                          ffa5fef0 P_GOLD
ffaa8c50 HTOHXASC                         ffa5ffb0 ADDNNRGY
ffd2f480 HWINPAL                          ffa60080 ADDROCK
ffe610c0 HYPOB0                           ffa60140 ADDBULL
ffe61140 HYPOB02                          ffa60150 ADDNBULL
ffe611c0 HYPOB03                          ffa60200 ADDBUST
ffe61240 HYPOB30                          ffa60210 ADDNBUST
ffe612c0 HYPOB60                          ffa602c0 SUBLIFE
ffe61340 HYPOB90                          ffa60410 SUBNRGY
ffdc4570 HYPOBLIP                         ffa60420 SUBNNRGY
ff97f3a0 HYPOCOLD                         ffa60460 SUBFNRGY
ff98a7f0 HYPOCRM1                         ffa60580 SUBROCK
ffa4a090 HYPOHIT                          ffa60680 SUBBULL
ffe613c0 HYPOT0                           ffa60740 OUTENRGY
ffe61440 HYPOT30                          ffa61130 OUTMBIGS
ffe614c0 HYPOT60                          ffa61440 ADDCARDS
ffe61540 HYPOT90                          ffa61480 ADDCARDB
ffab0150 H_SLAVE                          ffa614c0 ADDCARDR
ff9ba680 HuntObj0                         ffa61500 ADDCARDG
ff9ba660 HuntObj                          ffa61540 ADDCRDGR
ffd58c60 IGIVSND                          ffa61630 SUBCARDS
00000040 INDIAG                           ffa61670 SUBCARDB
ff935800 INITBGND                         ffa616b0 SUBCARDR
ffa4d470 INITBPAL                         ffa616f0 SUBCARDG
ff935730 INITFGND                         ffa61730 SUBCRDGR
ffa4d380 INITPAL                          ffa61830 OUTCARDS
ffa9af60 INIT_HSR                         ffa621c0 OUTBULLS
ffa9dc40 INIT_TAB                         ffa622f0 OUTROCKS
ffa9dde0 INIT_TB                          ffa62430 OUTDRUGS
ff9198f0 INPXRNG                          ffa62570 OUTBUCKS
ff9197f0 INPYRNG                          ffa626b0 OUTBUSTS
ffe71180 INSB2OBJ                         ffa62b60 G_CRED
ffe711e0 INSBOBJ                          ffa62f70 CRCMESS
ffe712c0 INSOBJ                           ffa63100 PICKMESS
ffe71240 INSSOBJ                          ffa63310 CLRMESS
ffe5eec0 INSTYPE                          ffa635d0 OUTNEXTR
01007d10 INTSYNC0                         ffa63910 PRESCONT
01007d20 INTSYNC1                         ffa64260 CLOSCALL
ff924360 INVINCNF                         ffa64490 P1MESSAG
ff923ff0 INVINCO                          ffa644d0 P2MESSAG
0100b4f0 IRQSKYE                          ffa64500 PMESSAGE
ff913ca0 ISBBID                           ffa65100 SETCRIMENO
ff9137b0 ISBB                             ffa65240 CRIME
ff913de0 ISBBBLP                          ffa68710 DUMPCOLD
ffa9cb10 ISHSTD                           ffa6f730 DUMPCRM1
ff91a480 ISPBULLT                         ffa6fc20 CLNSNDST
ffa0ed80 ISREVERS                         ffa6fe80 CLWNCOLD
ff914f10 ISSUPP                           ffa70ec0 XZCNTCK
ff915000 ISSUPPID                         ffa72df0 ZCHK
ff9fa850 InitTbls                         ffa74c10 CARCHK
0100d770 JRHYCNT                          ffa75210 OIDATA
ffd27180 JRwalk                           ffa78420 CLWNCRM1
ffe5f840 K10IMG                           ffa78a20 DOGCOLD
ffe5f8c0 K1IMG                            ffa80140 P1_INITS
ffe5f9c0 K25IMG                           ffa802a0 P2_INITS
ffe5f7c0 K2x5IMG                          ffa80400 OP_INITS
ffe5f940 K5IMG                            ffa80560 E_INITS
ff9ffee0 KABOOM                           ffa827f0 KIL_SPRY
ff9fff60 KABOOMF                          ffa85f60 HSTDTAB
ffe03510 KASTLEBMOD                       ffa87770 RES_SCRL
ffe597e0 KASTPALS                         ffa88810 P_SCRIPT
ffae3e00 KILALL                           ffa88b40 SPR_GPAL
ffe71d80 KILB2OBJ                         ffa88c20 SPR_FPAL
ffe71de0 KILBOBJ                          ffa898f0 BINBCD
ffae3950 KILL                             ffa89a90 BCDBIN
ffa0b840 KILLCARP                         ffa8a2e0 X_PL_SA3
ffa5c530 KILLCHOY                         ffa8acb0 SPR_CHAR
ff9328c0 KILLWAVE                         ffa9a838 SC_CRAM
ffe71e40 KILOBJ                           ffa9a860 P1_SPRAY
ffa827f0 KIL_SPRY                         ffa9a9f8 P2_SPRAY
0100d7b0 KNAPCNT                          ffa9ab88 E_BRUSH
ffa49d90 KNIFEHIT                         ffa9ac30 ALL_TAB
ffd59930 KNOCKSND                         ffa9acb0 TOD_TAB
ffe5cbc0 L4ARM1                           ffa9ad30 P_FORK
ffe5cc40 L4ARM2                           ffa9add0 DEC_HSR
ffe5ccc0 L4ARM3                           ffa9af60 INIT_HSR
ffe5cd40 L4ARM4                           ffa9b140 GET_HSC
ffe5cdc0 L4ARM5                           ffa9b6a0 E_GAME
ffe5ce40 L4ARM6                           ffa9cb10 ISHSTD
ffe5cec0 L4ARM7                           ffa9ce20 A2_CHECK
ffe5cf40 L4ARM8                           ffa9d550 GET_HSCR
ffac5710 LABBAK                           ffa9d960 PT_ENTRY
ffe02440 LABBMOD                          ffa9d9f0 ROM_PTRS
ffa2c690 LABCOL                           ffa9dac0 SET_PAGE
ffe5aa40 LAMPOST                          ffa9dc40 INIT_TAB
ffe5a9c0 LAMPTOP                          ffa9dde0 INIT_TB
ffe5c0c0 LANDMINE                         ffa9e100 VAL_TAB
ff917240 LAST2CLR                         ffa9e980 RC_BYTE
0101b2a0 LAST_BUT                         ffa9e9d0 WC_BYTE
ffaa0840 LCOIN                            ffa9e9f0 RC_BYTEI
ffe5d3c0 LCREOSOTE                        ffa9ea50 RC_WORD
ff960380 LDEXP1                           ffa9ebd0 RC_LONG
ffe5b840 LDING1                           ffa9ecf0 RC_LONGI
ffe5b8c0 LDING2                           ffa9ed50 WC_BYTEI
ffe5b940 LDING3                           ffa9eda0 WC_WORD
ffe5b9c0 LDING4                           ffa9ee60 WC_WORDI
ffe5ba40 LDING5                           ffa9eeb0 WC_LONG
ffaa5fc0 LD_CTAB                          ffa9ef70 WC_LONGI
ffd58be0 LEGOSND                          ffa9f9c0 L_TIMER
ffd58de0 LETSGO                           ffaa00f0 CR_STRTP
ffe5e040 LGOAT10                          ffaa0270 CR_CONTP
ffe5dbc0 LGOAT1                           ffaa03f0 P_START
ffe5dc40 LGOAT2                           ffaa0500 P_CONT
ffe5dcc0 LGOAT3                           ffaa0750 NO_CREDS
ffe5dd40 LGOAT4                           ffaa0840 LCOIN
ffe5ddc0 LGOAT5                           ffaa08c0 CCOIN
ffe5de40 LGOAT6                           ffaa0940 RCOIN
ffe5dec0 LGOAT7                           ffaa09c0 XCOIN
ffe5df40 LGOAT8                           ffaa1ca0 CK_MAX
ffe5dfc0 LGOAT9                           ffaa1d40 UNIT_CLR
ffa4c470 LINE                             ffaa1f50 CRED_P
ff9be360 LINEPT                           ffaa23e0 CRD_SCRN
ffddbdc0 LIQBMOD                          ffaa3d80 SLAM_SW
ffe5c7c0 LLEG1                            ffaa42a0 COIN_PAG
ffe5c840 LLEG2                            ffaa4820 GET_AUD
ffe5c8c0 LLEG3                            ffaa4a30 CLR_SUBS
ffe5c940 LLEG4                            ffaa4ac0 CLR_AUDR
ffe5c9c0 LLEG5                            ffaa4db0 AUD
ffe5ca40 LLEG6                            ffaa4ec0 AUD1
ffe5cac0 LLEG7                            ffaa4f40 CLR_AUD
ffe5cb40 LLEG8                            ffaa4ff0 CMOS_VAL
ffaa6320 LM_FINIS                         ffaa5050 FORM_ADC
ffaa62e0 LM_SETUP                         ffaa5220 F_ADC_S
ff915770 LOADATAB                         ffaa5300 GET_ADJ
ffdc4910 LOFBLIP                          ffaa53d0 PUT_ADJ
0100d750 LOFCNT                           ffaa5760 ADJ_PAGE
ff9591c0 LOFCOLD                          ffaa5800 DEF_PAGE
ff960e00 LOFDEXP                          ffaa58c0 FAC_SET
ff9611c0 LOFDEXP1                         ffaa5fc0 LD_CTAB
ff9602a0 LOFDFLA                          ffaa61c0 L_MESS
ff960630 LOFDROCK                         ffaa62e0 LM_SETUP
ffd90290 LOFEBAIT                         ffaa6320 LM_FINIS
ff961fc0 LOFFCRM1                         ffaa6330 GET_CSTR
0100d710 LOFFIRE                          ffaa6900 CAT_A0
ffa2c180 LOFHCOLL                         ffaa6fa0 ROM_NAME
ffd96200 LOFHDSP                          ffaa7b00 DUMP_FS
0100d700 LOFMAX                           ffaa7ba0 ADD_DUMP
ffd90160 LOFPBAIT                         ffaa80b0 DISPDUMP
ff9606a0 LOFRAG1                          ffaa8340 WAIT_MUT
ff960860 LOFRAG2                          ffaa8c50 HTOHXASC
ff960a20 LOFRAG3                          ffaa8ef0 STRCAT
ff960be0 LOFRAG4                          ffaa98a0 RT_RET
0100d760 LOFWAIT                          ffaa9a30 ROM_RET
0100c0a0 LOOPBACK                         ffaa9bc0 WAIT_BUT
0100c0c0 LOOPDISP                         ffaa9d40 DIAG
0100c090 LOOPWAVE                         ffaa9f70 DIAG_EX
ff9270f0 LSHADDL1                         ffaaa050 GEN_MENU
ff927130 LSHADDL2                         ffaaa6b0 MENU_TOP
ff926e70 LSHADST1                         ffaaa6f0 TOP_BOX
ff926eb0 LSHADST2                         ffaaaab0 CYAN_BOX
ffe5cfc0 LSHIN1                           ffaaac80 COL_INST
ffe5d040 LSHIN2                           ffaaae90 DIGSRT
ffe5d0c0 LSHIN3                           ffaab0f0 CHK_CMOS
ffe5d140 LSHIN4                           ffaab4b0 GET_FAC
ffe5d1c0 LSHIN5                           ffaabb30 WT_ADV
ffe5d240 LSHIN6                           ffaabd60 WW_ADV
ffe5d2c0 LSHIN7                           ffaabe10 GET_ADV
ffe5d340 LSHIN8                           ffaabec0 CK_DOOR
ff9be240 LTWRDPT                          ffaabf70 B_MENU
ffaa61c0 L_MESS                           ffaae050 ST_STICK
ffa9f9c0 L_TIMER                          ffaae110 GETSTICK
ff900970 MAINLP                           ffaae720 FORM_SWS
0101b260 MAIN_RET                         ffaaf6f0 F_TITLE
ff9df0f0 MAKEFLAM                         ffaaf820 G_BORDER
ff93f990 MAKFBOBJ                         ffaaf9e0 DOBORDER
ffe72220 MAKOBJ                           ffaafde0 STD_BORD
ff922a20 MAKOBJZ                          ffab0000 BLNKHELP
ff912e30 MAKSHAD                          ffab0150 H_SLAVE
ff91ee10 MAKTPROC                         ffab0810 AREUSURE
ff904130 MASTERDP                         ffab0d70 SUR_MESS
ff9041e0 MASTERG                          ffab0e90 SURE_BOX
ffd850d8 MAXMSG                           ffab2f50 GET_CSPT
ff9ba800 MAX                              ffab3010 CS_POINT
ff91ed50 MAXIMUM                          ffab3160 CKPROMPT
ffd587a0 MBGETEM                          ffab39d0 GO_DIAG
ffdc4b50 MBIGBLIP                         ffab3a30 CASHBUT
0100d7d0 MBIGCNT                          ffab5830 FAC_STUF
ff9a49a0 MBIGCOLD                         ffab7620 BUILD_ST
ff9b48a0 MBIGCRM1                         ffab97d0 ANY_BUT
ffd587e0 MBKILLEM                         ffaba6e0 HID_P
ffd58760 MBLAUGH                          ffabc300 STR_OBJ
ffd58860 MBNTRY                           ffabd0d0 STR_FREE
ffd58820 MBYOUDIE                         ffabd2a0 GO_ADJ
ff9a60f0 MB_MOVE                          ffac04d0 DO_ADJH
ffaaa6b0 MENU_TOP                         ffac1f20 HEADDSP
ffd680e0 MEN_MAIN                         ffac21e0 REDDSP
ffd69880 MEN_YN                           ffac3000 BLUEDSP
ffd6c0c0 MESS_FAC                         ffac3c90 SILVDSP
ffd6aa40 MESS_MM                          ffac47d0 GOLDDSP
ffa1e370 MINECOLD                         ffac4bb0 BIGOBAK
ff9ba840 MIN                              ffac4d50 DOGRBAK
ff91edb0 MINIMUM                          ffac4ef0 BUGRBAK
ff91a120 MOVEINPX                         ffac5090 CLWRBAK
ff91a3a0 MOVEINPY                         ffac5230 SUBBAK
ff9c4470 MSUCLEAR                         ffac53d0 DMPRBAK
ffd5a390 MUSICFUL                         ffac5570 GRNHSBAK
ffd5a3e0 MUSICNRM                         ffac5710 LABBAK
ffd5a550 MUSICOFF                         ffac58b0 SILVBAK
ff922140 MUSICSYN                         ffac5a50 REDBAK
ffd5a590 MUSITOFF                         ffac5bf0 BLUEBAK
ff91a220 MVAWAYPX                         ffac5d90 GOLDBAK
ff9144d0 MYOINITB                         ffac5f30 HEADBAK
ff9143d0 MYOINITF                         ffac65d0 HEADNAME
ff914270 MYOINIT                          fface7a0 SILVMOD
ffa08130 MkNuke                           ffacf000 FORSILV
ff9b5020 MovePlyr                         ffad2220 HEADMOD
ffd84818 NARCMSG                          ffad2280 FORHEAD
ffd23510 NARCS                            ffae3310 PRCDSP
ffd388d0 NARCsupr                         ffae34f0 PRCSLP
ffa5df80 NARQUEE                          ffae3510 PRCLSP
ff9b9060 NEARPLYR                         ffae3690 SUCIDE
ff9bad80 NEAR_BTY                         ffae37b0 PINIT
ff9b8750 NEAR_BUL                         ffae3950 KILL
ff9badb0 NEAR_OBJ                         ffae3b50 GETPRC
ff9390e0 NEWBGND                          ffae3d00 XFERPROC
ffe635c0 NEWCAN                           ffae3e00 KILALL
ffa1ff20 NEXAIR                           ffae3fd0 EXISTP
ffa20570 NEXINIT                          ffae4100 GETA11
ffa1ff60 NEXPLODE                         ffae4180 GETA10
ff98c060 NHYPO                            ffae4210 GETA9
01000330 NOAUTOE                          ffae42a0 GETA8
ffd84e08 NOBONMSG                         ffae43a0 PUTA11
ffd593f0 NOBONSND                         ffae43f0 PUTA10
ffd84720 NOONEMSG                         ffae4450 PUTA9
ff9167f0 NOYFLP                           ffae44b0 PUTA8
0101b290 NO_CLEAR                         ffae4590 CLRSNDDB
ffaa0750 NO_CREDS                         ffae4670 ONESND
0100bdb0 NPLYRS                           ffae46d0 SNDLD
0101afa0 NRAMEND                          ffae49a0 SNDPRC
ff901910 NRAMINIT                         ffae4e30 SNDSND
0100bcf0 NRAMSTRT                         ffae5030 SNDRES
ffa20920 NUCLEXP                          ffae5170 SNDRESP
01000040 OBJLST                           ffae5490 CKSNDPRI
ff911e00 OBJOFF                           ffae55b0 QSNDRST
ff911ea0 OBJON                            ffae5730 etext
01019560 OBJSTAKE                         ffd00000 .data
01019540 OBJSTAKP                         ffd08de0 bigbull
0101ae60 OBJSTAKS                         ffd0a7e0 BASEskl
01056620 OBJSTR                           ffd0a860 HED3hat
ffe63940 OBULLETE                         ffd0aae0 BOOM5a
ffdefe00 OFFICE1BMOD                      ffd0ab60 BOOM5b
ff912e70 OFLASH                           ffd0abe0 BOOM5c
01000060 OFREE                            ffd0ac60 BOOM6
ffa75210 OIDATA                           ffd0ace0 stump
ffe70390 OINIT                            ffd0ad60 stumpskl
ff93b890 OLDBGND                          ffd0c060 skull4
ffae4670 ONESND                           ffd0c5e0 jaw4
ff9bafe0 ON_SLIST                         ffd12960 CFSHRAPA
ffd598b0 OPENBEEP                         ffd13b50 CFSHRAPB
ffd596d0 OPENSD1                          ffd160b0 PORSCHE1
ffd59710 OPENSD2                          ffd23510 NARCS
ffd59780 OPENSD3                          ffd24510 PIMPpal
ffd597e0 OPENSD4                          ffd25180 gangpal
ffd59840 OPENSD5                          ffd26190 caddy
ffe5e5c0 OPENTYPE                         ffd27180 JRwalk
ffa80400 OP_INITS                         ffd28100 PORSHPAL
ff9206c0 OSINK                            ffd29030 HELBLUE
ffa62570 OUTBUCKS                         ffd2a040 HELWHT
ffa621c0 OUTBULLS                         ffd2b050 PILOTPAL
ffa626b0 OUTBUSTS                         ffd2bcc0 DUMPPAL
ffa61830 OUTCARDS                         ffd2cc80 loafer
ff918100 OUTDOOR                          ffd2db20 CHINAPAL
ffa62430 OUTDRUGS                         ffd2e7d0 ARMDRPAL
ffa60740 OUTENRGY                         ffd2f480 HWINPAL
ffa61130 OUTMBIGS                         ffd303a0 COLMNPAL
ffa635d0 OUTNEXTR                         ffd304c0 clown
ffa622f0 OUTROCKS                         ffd31440 hookpal
ffa5f240 OUTSCR                           ffd323c0 dexp1a
0101b330 OVERLOAD                         ffd33dd0 mrbigpal
ff9274b0 OWINDOW                          ffd34dd0 dog
ff9b5a10 OidToDat                         ffd35d10 brnbug
ffd58400 P1BHIT                           ffd36710 redbug
ffdc3010 P1BLIP                           ffd37110 grnbug
ff943330 P1BULL                           ffd37b10 blkbug
ff9434b0 P1CARBUL                         ffd38510 gang4
ffd8e990 P1CHIT                           ffd38600 mbig4
0100bd80 P1CTRL                           ffd38650 loaf4
0100b530 P1DATA                           ffd386a0 hypo4
ffa43790 P1DETH                           ffd386f0 dump4
ffd8e820 P1DIE                            ffd38740 rambo4
ffa43690 P1HYPHIT                         ffd38790 clown4
ffa18f00 P1IJDECL                         ffd38830 fbitxt4
ffa37e00 P1INITTL                         ffd38880 badge4
ffe642c0 P1LIFE                           ffd388d0 NARCsupr
ffa35c50 P1LLINIT                         ffd38920 warntxtp
ffd89df0 P1MAINTL                         ffd38d20 blulof
ffa64490 P1MESSAG                         ffd39d30 grelof
ffd8e7a0 P1SHAKE                          ffd3ad40 fnklof
ffa5dec0 P1SSAREA                         ffd3bd50 pnklof
ffa80140 P1_INITS                         ffd3cd60 goldesca
ffa9a860 P1_SPRAY                         ffd3da70 itdrfr
ffdc3220 P2BLIP                           ffd3db90 phns
ff9433f0 P2BULL                           ffd3eba0 can
ff943570 P2CARBUL                         ffd3f970 newbom
0100bd90 P2CTRL                           ffd408e0 bonbadge
0100b910 P2DATA                           ffd41800 redman
ffa43880 P2DETH                           ffd42810 bluenc
ffa43710 P2HYPHIT                         ffd43820 black1
ffa18f70 P2IJDECL                         ffd44830 doggry
ffa38080 P2INITT                          ffd45840 blackd
ffe64340 P2LIFE                           ffd46850 WEEDPAL
ffa35d80 P2LLINIT                         ffd47860 ram1
ffa644d0 P2MESSAG                         ffd48770 basepal
ffa5df20 P2SSAREA                         ffd496b0 headpal
ffa802a0 P2_INITS                         ffd4a6c0 headxpal
ffa9a9f8 P2_SPRAY                         ffd4b680 skelpal
01007d30 PALRAM                           ffd4c690 BLUELAB
ffa4e5c0 PALSET                           ffd4d690 REDLAB
ffa4e0b0 PALTRANS                         ffd4e6a0 GREENLAB
ffddc240 PAWNBMOD                         ffd4f6b0 labweel
ffa51120 PBOMBP1                          ffd505d0 lab12
ffa51190 PBOMBP2                          ffd514f0 lbrass1
ffd59980 PBONSND                          ffd52410 greensaf
ffd59220 PCALLOFF                         ffd53420 blusafe
ffd591e0 PCBRAKSD                         ffd54430 goldsafe
0100bd40 PCBSNDF                          ffd55440 redsafe
ffd58700 PCDMPSND                         ffd57370 tileb
ffa1cf70 PCDRIVRC                         ffd58380 SND3A
0100d8b0 PCHOPCNT                         ffd583c0 SND3B
ff927250 PCONTST                          ffd58400 P1BHIT
0100bd50 PCRSNDF                          ffd58440 HHITSND
0100bd60 PCSPINH                          ffd58480 HHITEND
ffd591a0 PCSPINSD                         ffd584c0 SND4
0100bd30 PCZEROCT                         ffd58500 RLNCHSND
0100bd70 PCZEROY                          ffd58540 EBSND
ff926110 PDELETE                          ffd58580 DINGDUMP
ffa1d5c0 PDRIVXWW                         ffd585c0 DINGPSTR
ff925a30 PFLASH2                          ffd58600 DINGCANR
ff9248e0 PFLYNDIE                         ffd58640 CANSMSND
ff9157e0 PFRAME                           ffd58680 CANWPSND
ffa63100 PICKMESS                         ffd586c0 CANBCSND
ff925c10 PIJDECEL                         ffd58700 PCDMPSND
ffd2b050 PILOTPAL                         ffd58760 MBLAUGH
ffdc5290 PIMPBLIP                         ffd587a0 MBGETEM
0100d790 PIMPCNT                          ffd587e0 MBKILLEM
ff962e10 PIMPCOLD                         ffd58820 MBYOUDIE
ff9712e0 PIMPCRM1                         ffd58860 MBNTRY
ffd24510 PIMPpal                          ffd588a0 SHYPOSND
ffae37b0 PINIT                            ffd588e0 BNCESND
ffddbca0 PINKYBMOD                        ffd58920 HELLBUGS
[...]
ff9bac60 UpdShadV                         ffe5bb40 DING45B
ffa9e100 VAL_TAB                          ffe5bbc0 DING90A
ffddc1b0 VOIDBMOD                         ffe5bc40 DING90B
ff9cd310 VSCAN                            ffe5bcc0 DOPE1
ffaa9bc0 WAIT_BUT                         ffe5bd40 DOPE2
ffaa8340 WAIT_MUT                         ffe5bdc0 DOPE3
ffddc3f0 WALKUPBMOD                       ffe5be40 GETDOPE
ffddbf70 WARE1BMOD                        ffe5bec0 DOPEICON
ffddbd30 WARE2BMOD                        ffe5bf40 BUSTICON
ff900370 WARMSET                          ffe5bfc0 BUSTED
ffe1b2b0 WARMgr3a                         ffe5c040 POTICON
ffe1a520 WARMgr3b                         ffe5c0c0 LANDMINE
ff9068f0 WAVBONUS                         ffe5c140 FLHD1A
ffd8ee00 WAVE1DSP                         ffe5c1c0 FLHD1B
ffda0300 WAVEBGND                         ffe5c240 FLHD1C
ffd8eb00 WAVEDPTB                         ffe5c2c0 FLHD2A
ff932e60 WAVEEND                          ffe5c340 FLHD2B
ff931cc0 WAVEINIT                         ffe5c3c0 FLHD2C
0100bdc0 WAVE                             ffe5c440 FLTLA
ffd85168 WAVEMSG                          ffe5c4c0 FLTLB
ffa5dc90 WAVENUM                          ffe5c540 FLTLC
ffd592e0 WAVESND                          ffe5c5c0 BGDF1C
ffd9dfa0 WAVETAB                          ffe5c640 BGDF2C
0100c110 WAVETIME                         ffe5c6c0 BGDF3C
ffda0000 WAVMUSIC                         ffe5c740 BGDF4C
ffa9e9d0 WC_BYTE                          ffe5c7c0 LLEG1
ffa9ed50 WC_BYTEI                         ffe5c840 LLEG2
ffa9eeb0 WC_LONG                          ffe5c8c0 LLEG3
ffa9ef70 WC_LONGI                         ffe5c940 LLEG4
ffa9eda0 WC_WORD                          ffe5c9c0 LLEG5
ffa9ee60 WC_WORDI                         ffe5ca40 LLEG6
ffd46850 WEEDPAL                          ffe5cac0 LLEG7
ff9585a0 WEEDCOLL                         ffe5cb40 LLEG8
ffe5fa40 WEED                             ffe5cbc0 L4ARM1
ffa1f580 WEEDCOLD                         ffe5cc40 L4ARM2
ff91c2b0 WEND3                            ffe5ccc0 L4ARM3
ff91b970 WENDIE                           ffe5cd40 L4ARM4
ff91ca80 WEXPD                            ffe5cdc0 L4ARM5
ff91a6e0 WHICHSID                         ffe5ce40 L4ARM6
ff936d70 WHIPTHRU                         ffe5cec0 L4ARM7
ffa0cbe0 WHLSTR                           ffe5cf40 L4ARM8
ff902f10 WIPEOUT                          ffe5cfc0 LSHIN1
ffd848a8 WMSMSG                           ffe5d040 LSHIN2
01056480 WORLDTLX                         ffe5d0c0 LSHIN3
010564c0 WORLDTL                          ffe5d140 LSHIN4
010564a0 WORLDTLY                         ffe5d1c0 LSHIN5
010178d0 WRAMEND                          ffe5d240 LSHIN6
ff901a30 WRAMINIT                         ffe5d2c0 LSHIN7
0100c110 WRAMSTRT                         ffe5d340 LSHIN8
ff91c450 WROCK                            ffe5d3c0 LCREOSOTE
ffaabb30 WT_ADV                           ffe5d440 BGDTHF1
ffaabd60 WW_ADV                           ffe5d4c0 BGDTHF2
ffd84ee0 X1KMSG                           ffe5d540 BGDTHF3
ffd84fa0 X25KMSG                          ffe5d5c0 BGDTHF4
ffd84f20 X2KMSG                           ffe5d640 BGDTHF5
ffd84f60 X5KMSG                           ffe5d6c0 BGDTHF6
ffaa09c0 XCOIN                            ffe5d740 BGDTHF7
ff9225a0 XCOLOR                           ffe5d7c0 BGDTHF8
ffae3d00 XFERPROC                         ffe5d840 BGDTHF9
ff9223b0 XPALETTE                         ffe5d8c0 BGDTHF10
0100d410 XSCROLLS                         ffe5d940 BGDTHF11
ff9bab10 XTOZSIZE                         ffe5d9c0 BGDTHF12
ffa592f0 XVEL2X                           ffe5da40 BGDTHF13
ff911f50 XZCHK                            ffe5dac0 BGDTHF14
ffa70ec0 XZCNTCK                          ffe5db40 BGDTHF15
ffa8a2e0 X_PL_SA3                         ffe5dbc0 LGOAT1
ffd5a5d0 YAMOFF                           ffe5dc40 LGOAT2
ffd58b60 YBUSTSND                         ffe5dcc0 LGOAT3
ff916770 YFLP                             ffe5dd40 LGOAT4
ffd58ba0 YSCUMSND                         ffe5ddc0 LGOAT5
ffe6fb90 YZSORT                           ffe5de40 LGOAT6
01000270 Y_CORR                           ffe5dec0 LGOAT7
ff9b5480 ZCHEK                            ffe5df40 LGOAT8
ffa72df0 ZCHK                             ffe5dfc0 LGOAT9
ff9b8500 ZOFF                             ffe5e040 LGOAT10
ffe0e990 atapes                           ffe5e0c0 GOLDcard
ffd38880 badge4                           ffe5e140 BLUEcard
ffa071f0 baseflsh                         ffe5e1c0 REDcard
ffd48770 basepal                          ffe5e240 SILVcard
ffe09480 bgp1                             ffe5e2c0 GREENcard
ffd08de0 bigbull                          ffe5e340 GOLDTYPE
ffe21db0 bigport2                         ffe5e3c0 BLUETYPE
ffd43820 black1                           ffe5e440 REDTYPE
ffd45840 blackd                           ffe5e4c0 SILVTYPE
ffe44960 blegs5a                          ffe5e540 cardslot2
ffd37b10 blkbug                           ffe5e5c0 OPENTYPE
ffe615c0 blood1                           ffe5e640 safedrl
ffe61640 blood2                           ffe5e6c0 safedrr
ffe616c0 blood3a                          ffe5e740 safedrlr
ffe45880 bltor4d                          ffe5e7c0 safedrrr
ffe29390 blucrm1                          ffe5e840 safedrlb
ffd42810 bluenc                           ffe5e8c0 safedrrb
ffd38d20 blulof                           ffe5e940 safedrlg
ffd53420 blusafe                          ffe5e9c0 safedrrg
ffdfb2c0 bmanBMOD                         ffe5ea40 ARROWDN
ffd408e0 bonbadge                         ffe5eac0 BIGDOOR1
ffe0a3a0 bp1                              ffe5eb40 BIGDOOR2
ffd35d10 brnbug                           ffe5ebc0 BIGDOOR3
ffe4b220 budsgn                           ffe5ec40 safdrlgr
ffe498b0 bud                              ffe5ecc0 safdrrgr
0100d660 bugmax                           ffe5ed40 goldbr1
ffd26190 caddy                            ffe5edc0 goldbr2
ffd3eba0 can                              ffe5ee40 GRNTYPE
ffe5e540 cardslot2                        ffe5eec0 INSTYPE
ffe0f630 checks1                          ffe5ef40 SMblucrd
ffe4bfa0 clopal                           ffe5efc0 SMgldcrd
ffd304c0 clown                            ffe5f040 SMredcrd
ffd38790 clown4                           ffe5f0c0 SMsilvcrd
ff9173c0 clr_scrn                         ffe5f140 SMgrncrd
ffe10550 crash                            ffe5f1c0 SEWERCAP
ffe36f60 crtblk                           ffe5f240 COLUMN1
ffdf6aa0 dashBMOD                         ffe5f2c0 COLUMNB
ffe2fd20 dbrass1                          ffe5f340 CHINADR1
ffd323c0 dexp1a                           ffe5f3c0 CHINADR2
ffd34dd0 dog                              ffe5f440 CHINADR3
ffd44830 doggry                           ffe5f4c0 ARMDR1
ffe623c0 dstk0                            ffe5f540 ARMDR2
ffe62440 dstk30                           ffe5f5c0 ARMDR3
ffe624c0 dstk60                           ffe5f640 GARAGE1
ffe62540 dstk90                           ffe5f6c0 HOTWIN1
ffd386f0 dump4                            ffe5f740 EXITSIGN
ff9977f0 dynamite                         ffe5f7c0 K2x5IMG
ffe599c0 edata                            ffe5f840 K10IMG
010e0850 end                              ffe5f8c0 K1IMG
ffe1ec00 escalate                         ffe5f940 K5IMG
ffae5730 etext                            ffe5f9c0 K25IMG
ffd38830 fbitxt4                          ffe5fa40 WEED
ffe645c0 flail1                           ffe5fac0 CASHMACH
ffe4ce10 fl                               ffe5fb40 CWRECK
ffe64640 flail2                           ffe5fbc0 CSHRAPA1
ffe646c0 flail3                           ffe5fc40 CSHRAPA2
ffe64740 flail4                           ffe5fcc0 CSHRAPA3
ffe38f80 flt                              ffe5fd40 CSHRAPA4
ffd3ad40 fnklof                           ffe5fdc0 CSHRAPA5
ffd38510 gang4                            ffe5fe40 CSHRAPB1
0100d540 gangbmax                         ffe5fec0 CSHRAPB2
0100d570 gangfrck                         ffe5ff40 CSHRAPB3
0100d560 gangmgun                         ffe5ffc0 CSHRAPB4
ffd25180 gangpal                          ffe60040 CSHRAPB5
0100d550 gangrock                         ffe600c0 CSHRAPC1
ffe076b0 gbp1                             ffe60140 CSHRAPC2
ffe5ed40 goldbr1                          ffe601c0 CSHRAPC3
ffe5edc0 goldbr2                          ffe60240 CSHRAPC4
ffd3cd60 goldesca                         ffe602c0 CSHRAPC5
ffd54430 goldsafe                         ffe60340 CSHRAPD1
ffe06a00 gp2                              ffe603c0 CSHRAPD2
ffe2ed30 gray5                            ffe60440 CSHRAPD3
ffe2a2b0 gray5a                           ffe604c0 CSHRAPD4
ffe26700 gray5c                           ffe60540 CSHRAPD5
ffe30b00 gray5d                           ffe605c0 CSHRAPE1
ffd52410 greensaf                         ffe60640 CSHRAPE2
ffd39d30 grelof                           ffe606c0 CSHRAPE3
ffd37110 grnbug                           ffe60740 CSHRAPE4
ffe2de10 grngray1                         ffe607c0 CSHRAPE5
ffe0c160 grnp1                            ffe60840 CFRAG1
ffe0da70 grntan                           ffe608c0 CFRAG2
ffe52c00 grymix1                          ffe60940 CFRAG3
ffe35fa0 hand40                           ffe609c0 CFRAG4
ffdf6b30 handBMOD                         ffe60a40 CFRAG5
ffd496b0 headpal                          ffe60ac0 CSHRAP1
ffd4a6c0 headxpal                         ffe60b40 CSHRAP2
ffe62340 hiro11                           ffe60bc0 CSHRAP3
ffe61c40 hiro11air                        ffe60c40 CSHRAP4
ffe61bc0 hiro10air                        ffe60cc0 CSHRAP5
ffe622c0 hiro10                           ffe60d40 CDOOR1
ffe61cc0 hiro1                            ffe60dc0 CDOOR2
ffe61d40 hiro2                            ffe60e40 CDOOR3
ffe61dc0 hiro3                            ffe60ec0 CDOOR4
ffe61e40 hiro4                            ffe60f40 CDOOR5
ffe61ec0 hiro5                            ffe60fc0 CSHELLL
ffe61f40 hiro6                            ffe61040 CSHELLR
ffe62240 hiro9                            ffe610c0 HYPOB0
ffe61b40 hiro9air                         ffe61140 HYPOB02
ffe62ec0 hkdie1                           ffe611c0 HYPOB03
ffe62f40 hkdie2                           ffe61240 HYPOB30
ffe62fc0 hkdie3                           ffe612c0 HYPOB60
ffe63040 hkdie4                           ffe61340 HYPOB90
ffe630c0 hkdie5                           ffe613c0 HYPOT0
ffe63140 hkdie6                           ffe61440 HYPOT30
ffe62c40 hkfgt4                           ffe614c0 HYPOT60
ffe62cc0 hkfgt5                           ffe61540 HYPOT90
ffe62d40 hkfgt6                           ffe615c0 blood1
ffe62dc0 hkfgt7                           ffe61640 blood2
ffe62e40 hkfgt8                           ffe616c0 blood3a
ffe15020 hole1                            ffe61740 nb2a
ffe62bc0 hook4                            ffe617c0 nb3a
ffd31440 hookpal                          ffe61840 nb4
ffe132b0 hotel                            ffe618c0 nb1
ffe4fea0 hrgr1                            ffe61940 nb5
ffd386a0 hypo4                            ffe619c0 nb6
0100d5a0 hypobrain                        ffe61a40 nb7
0100d590 hypodrug                         ffe61ac0 nb8
0100d5b0 hypofire                         ffe61b40 hiro9air
0100d580 hypomax                          ffe61bc0 hiro10air
0100d5c0 hyposfir                         ffe61c40 hiro11air
ffd3da70 itdrfr                           ffe61cc0 hiro1
ffd0c5e0 jaw4                             ffe61d40 hiro2
ffa03b00 jawbitef                         ffe61dc0 hiro3
ffa03880 jawbite                          ffe61e40 hiro4
ffe64140 jlsw4                            ffe61ec0 hiro5
ffe64440 jrhelpas                         ffe61f40 hiro6
ffe64540 jrhelphit                        ffe61fc0 nb1grnd
ffe644c0 jrpilohit                        ffe62040 nb5grnd
ffe643c0 jrpilot                          ffe620c0 nb6grnd
ffe63ac0 jtdrive1                         ffe62140 nb7grnd
ffe63b40 jtdrive2                         ffe621c0 nb8grnd
ffe63bc0 jtdrive3                         ffe62240 hiro9
ffe63c40 jtdrive4                         ffe622c0 hiro10
ffe63cc0 jtdrive5                         ffe62340 hiro11
ffe63d40 jtpassen1                        ffe623c0 dstk0
ffe63dc0 jtpassen2                        ffe62440 dstk30
ffe63e40 jtpassen3                        ffe624c0 dstk60
ffe63ec0 jtpassen4                        ffe62540 dstk90
ffe63f40 jtpassen5                        ffe625c0 spk0a
ffe640c0 jtsstdrst                        ffe62640 spk30a
ffe35080 k3                               ffe626c0 spk60a
ffe55a50 lab11                            ffe62740 spk90a
ffd505d0 lab12                            ffe627c0 spk0b
ffe51ce0 lab145                           ffe62840 spk30b
ffe50dc0 lab22                            ffe628c0 spk60b
ffd4f6b0 labweel                          ffe62940 spk90b
ffd514f0 lbrass1                          ffe629c0 spk0c
ffdf6bc0 ledsBMOD                         ffe62a40 spk30c
ffe2b2a0 lgray1                           ffe62ac0 spk60c
ffd38650 loaf4                            ffe62b40 spk90c
ffd2cc80 loafer                           ffe62bc0 hook4
ffe4de20 ltrnd                            ffe62c40 hkfgt4
ffdf6c50 mainBMOD                         ffe62cc0 hkfgt5
ffd38600 mbig4                            ffe62d40 hkfgt6
ffe647c0 mbigblp1a                        ffe62dc0 hkfgt7
0100d670 mbigbrain                        ffe62e40 hkfgt8
0100d680 mbigfire                         ffe62ec0 hkdie1
ffe1ccd0 metal1                           ffe62f40 hkdie2
ffd33dd0 mrbigpal                         ffe62fc0 hkdie3
ffe36ec0 msuPALS                          ffe63040 hkdie4
ffe618c0 nb1                              ffe630c0 hkdie5
ffe61fc0 nb1grnd                          ffe63140 hkdie6
ffe61740 nb2a                             ffe631c0 DRUM
ffe617c0 nb3a                             ffe63240 SUBCOLM1
ffe61840 nb4                              ffe632c0 SUBCOLM2
ffe62040 nb5grnd                          ffe63340 SUBCOLM3
ffe61940 nb5                              ffe633c0 SUBCOLM4
ffe619c0 nb6                              ffe63440 SUBCOLM5
ffe620c0 nb6grnd                          ffe634c0 SUBCOLM6
ffe62140 nb7grnd                          ffe63540 TELEPHON
ffe61a40 nb7                              ffe635c0 NEWCAN
ffe621c0 nb8grnd                          ffe63640 BENCHL
ffe61ac0 nb8                              ffe636c0 BENCHM
ffd3f970 newbom                           ffe63740 BENCHR
ffe54a40 newfl                            ffe637c0 ADDISON
ffe1dce0 newkr2                           ffe63840 TRNDR1
ffe43950 newred1                          ffe638c0 BULLET
ffe42940 newred2                          ffe63940 OBULLETE
ffe41930 newred3                          ffe639c0 BULLET45
ffe12390 pawnpur                          ffe63a40 SFLAME
ffd3db90 phns                             ffe63ac0 jtdrive1
0100d5f0 pimpbrain                        ffe63b40 jtdrive2
0100d5e0 pimpbuck                         ffe63bc0 jtdrive3
0100d620 pimpfbal                         ffe63c40 jtdrive4
0100d5d0 pimpmax                          ffe63cc0 jtdrive5
0100d600 pimpthr1                         ffe63d40 jtpassen1
0100d610 pimpthr2                         ffe63dc0 jtpassen2
ffe153c0 pipe4                            ffe63e40 jtpassen3
ffd3bd50 pnklof                           ffe63ec0 jtpassen4
ffe2d160 pnkrock1                         ffe63f40 jtpassen5
ffdfb350 porsBMOD                         ffe63fc0 ytdrive1
ffd47860 ram1                             ffe64040 ytpassen1
0100d640 rambbrain                        ffe640c0 jtsstdrst
0100d650 rambdrug                         ffe64140 jlsw4
0100d630 rambmax                          ffe641c0 ytsstdrst
ffd38740 rambo4                           ffe64240 ylsw4
ffe11470 rat                              ffe642c0 P1LIFE
ffe085d0 rdp2                             ffe64340 P2LIFE
ffe0cbc0 rdpalx                           ffe643c0 jrpilot
ffe162e0 rdplx                            ffe64440 jrhelpas
ffe47890 rdrf                             ffe644c0 jrpilohit
ffe141d0 realrd2                          ffe64540 jrhelphit
ffe40920 redarm                           ffe645c0 flail1
ffd36710 redbug                           ffe64640 flail2
ffd41800 redman                           ffe646c0 flail3
ffd55440 redsafe                          ffe64740 flail4
ffdfb230 rmanBMOD                         ffe647c0 mbigblp1a
ffe5ec40 safdrlgr                         ffe64840 BULLETE
ffe5ecc0 safdrrgr                         ffe6f000 STOPOBJS
ffe5e940 safedrlg                         ffe6f120 SHADST2
ffe5e840 safedrlb                         ffe6f1a0 SHADST
ffe5e640 safedrl                          ffe6f380 SHADUPD
ffe5e740 safedrlr                         ffe6f410 SHADUPD2
ffe5e6c0 safedrr                          ffe6f4a0 SHADCPY
ffe5e8c0 safedrrb                         ffe6f5b0 SHADCPY2
ffe5e9c0 safedrrg                         ffe6fb90 YZSORT
ffe5e7c0 safedrrr                         ffe6fdf0 SCRTSTG
ffe18280 sdr                              ffe6fe20 SCRTST
ffe3a870 sgn2                             ffe70040 CLIPOBJ
ffe3b880 sgns                             ffe70390 OINIT
ffd4b680 skelpal                          ffe709d0 GETOBJ
ffd0c060 skull4                           ffe70bb0 FREESOBJ
ffe625c0 spk0a                            ffe70c40 FREEOBJE
ffe627c0 spk0b                            ffe710d0 FREEOBJ
ffe629c0 spk0c                            ffe71180 INSB2OBJ
ffe62640 spk30a                           ffe711e0 INSBOBJ
ffe62840 spk30b                           ffe71240 INSSOBJ
ffe62a40 spk30c                           ffe712c0 INSOBJ
ffe626c0 spk60a                           ffe71460 DELB2OBJ
ffe628c0 spk60b                           ffe714c0 DELBOBJ
ffe62ac0 spk60c                           ffe71520 DELSHAD
ffe62740 spk90a                           ffe71600 DELSOBJ
ffe62940 spk90b                           ffe71680 DELOBJ
ffe62b40 spk90c                           ffe719e0 PULLB2OBJ
ffe183a0 spls                             ffe71a40 PULLBOBJ
ffd0ace0 stump                            ffe71aa0 PULLSOBJ
ffd0ad60 stumpskl                         ffe71b20 PULLOBJ
ffe3c7a0 subpls                           ffe71d80 KILB2OBJ
ffe3d7b0 subtl                            ffe71de0 KILBOBJ
ffe0b240 tan                              ffe71e40 KILOBJ
ffd57370 tileb                            ffe71ff0 EXISTOBJ
ffe23dd0 tileg                            ffe72220 MAKOBJ
ffe22dc0 tileh                            ffe722c0 ADJSTWTL
ffe3e7c0 top                              ffe72410 ADJNEWTL
ffe39890 tpl                              ffe724e0 GSCRNREL
ffe37f70 trnnew                           ffe725e0 SCRNRELV
ffe477b0 tscrPALS                         ffe72730 GANISAG
ffe34f20 voice                            ffe728e0 STFOBJ
ffe2c250 warm3x                           ffe72ca0 GSAGOF
ffe28480 warmwin3                         ffe72f20 ANI2
ffd38920 warntxtp                         ffe72f60 ANI
ffe488a0 win1                             ffe73470 GETANIXY
ffe4a590 winlv                            ffe735a0 GANIOF
ffe4ee30 win                              ffe744c0 DISPQT
ffe276f0 wrmgray3                         ffe745f0 DISPLAY
ffe64240 ylsw4                            ffe75600 DMAINT
ffe63fc0 ytdrive1                         ffe75d40 DISPH
ffe64040 ytpassen1                        ffe76060 QDMA
ffe641c0 ytsstdrst                        ffe76220 QDMAN

[1956 symbols]
