*****************************************************
GSP COFF Linker      , Version 3.00   
*****************************************************
Fri May 12 14:50:53 1989

OUTPUT FILE NAME:   <NARCL.REL>
ENTRY POINT SYMBOL: 0


MEMORY CONFIGURATION

           name      origin     length     attributes
         --------   --------   ---------   ----------
         SCRATCH    01000000   000100000      RWIX
         ROM        ffc00000   00033f000      RWIX
         ROM2       fff4f000   000001000      RWIX
         ROM3       fff50000   000010000      RWIX
         TRAP31     fffffc00   000000400      RWIX


SECTION ALLOCATION MAP

 output                                  attributes/
section   page    origin      length       input sections
--------  ----  ----------  ----------   ----------------
FIXED      0    01000000    00000000     UNINITIALIZED

OFIXED     0    01000000    00000000     UNINITIALIZED

NFIXED     0    01000000    00000000     UNINITIALIZED

.BSS       0    01000000    00000000     UNINITIALIZED

.bss       0    01000000    00000180     UNINITIALIZED
                  01000000    00000010     NARCENT.OBJ (.bss)
                  01000010    00000010     NARCSPRY.OBJ (.bss)
                  01000020    000000b0     NARCHELP.OBJ (.bss)
                  010000d0    00000060     NARCTEST.OBJ (.bss)
                  01000130    00000050     NARCMENU.OBJ (.bss)

SYSWORK    0    01000180    00000000     UNINITIALIZED

.text      0    ffc00000    00042210     
                  ffc00000    00005cd0     NARCENT.OBJ (.text)
                  ffc05cd0    00015800     NARCSPRY.OBJ (.text)
                  ffc1b4d0    00004d90     NARCHSTD.OBJ (.text)
                  ffc20260    00009ef0     NARCHELP.OBJ (.text)
                  ffc2a150    000096b0     NARCTEST.OBJ (.text)
                  ffc33800    0000a350     NARCMENU.OBJ (.text)
                  ffc3db50    000046c0     NARCADJ.OBJ (.text)

.TEXT      0    ffc42210    00000000     UNINITIALIZED

.data      0    ffc42210    00021fd0     
                  ffc42210    00000200     NARCENT.OBJ (.data)
                  ffc42410    00015dc0     NARCMENU.OBJ (.data)
                  ffc581d0    0000c010     NARCADJ.OBJ (.data)

.DATA      0    ffc641e0    00000000     UNINITIALIZED

img_tbl    0    ffc641e0    00000000     UNINITIALIZED

SYSCODE    0    ffc641e0    00000000     UNINITIALIZED

SYSDATA    0    ffc641e0    00000000     UNINITIALIZED

POWERON    0    fff4f000    00000000     UNINITIALIZED

DISPTEXT   0    fff50000    00000000     UNINITIALIZED

VECTORS    0    fffffc00    00000000     UNINITIALIZED


GLOBAL SYMBOLS

address  name                             address  name
-------- ----                             -------- ----
ffc1d6c0 A2_CHECK                         00000003 ROM_LEV
UNDEFED  ACTIVE                           00000004 RTR_LEV
ffc28450 ADD_DUMP                         00000009 G1SEL
ffc26000 ADJ_PAGE                         0000000d F1SEL
ffc1b4d0 ALL_TAB                          00000033 CS_ENTS
UNDEFED  ANI                              00000040 INDIAG
ffc3a080 ANY_BUT                          01000000 SPRAYS
ffc310c0 AREUSURE                         01000020 BAD_AUD
UNDEFED  ATSTRT                           01000060 C_FLAGS
ffc25760 AUD1                             010000d0 MAIN_RET
ffc25650 AUD                              010000e0 GMENULEV
01000020 BAD_AUD                          010000f0 SND_MADE
ffc0a330 BCDBIN                           01000100 NO_CLEAR
ffc0a190 BINBCD                           01000110 LAST_BUT
UNDEFED  BLNKAREA                         01000140 SCODE
ffc308b0 BLNKHELP                         01000150 DCODE
ffc37ed0 BUILD_ST                         ffc009c0 P1_INITS
UNDEFED  BURN_IN                          ffc00b20 P2_INITS
ffc2c820 B_MENU                           ffc00c80 OP_INITS
ffc342e0 CASHBUT                          ffc00de0 E_INITS
ffc271a0 CAT_A0                           ffc03070 KIL_SPRY
ffc21160 CCOIN                            ffc067e0 HSTDTAB
ffc2b9a0 CHK_CMOS                         ffc07ff0 RES_SCRL
ffc33a10 CKPROMPT                         ffc090b0 P_SCRIPT
ffc2c770 CK_DOOR                          ffc093e0 SPR_GPAL
ffc22540 CK_MAX                           ffc094c0 SPR_FPAL
ffc257e0 CLR_AUD                          ffc0a190 BINBCD
ffc25360 CLR_AUDR                         ffc0a330 BCDBIN
UNDEFED  CLR_SCRN                         ffc0ab80 X_PL_SA3
ffc252d0 CLR_SUBS                         ffc0b550 SPR_CHAR
ffc25890 CMOS_VAL                         ffc1b0d8 SC_CRAM
ffc24b40 COIN_PAG                         ffc1b100 P1_SPRAY
UNDEFED  COLRSTRT                         ffc1b298 P2_SPRAY
UNDEFED  COL_BARS                         ffc1b428 E_BRUSH
ffc2b530 COL_INST                         ffc1b4d0 ALL_TAB
UNDEFED  CPU_CHK                          ffc1b550 TOD_TAB
UNDEFED  CRDTPAGE                         ffc1b5d0 P_FORK
ffc22c80 CRD_SCRN                         ffc1b670 DEC_HSR
ffc227f0 CRED_P                           ffc1b800 INIT_HSR
UNDEFED  CROSS_H                          ffc1b9e0 GET_HSC
ffc20b10 CR_CONTP                         ffc1bf40 E_GAME
ffc20990 CR_STRTP                         ffc1d3b0 ISHSTD
ffc42410 CSELCT                           ffc1d6c0 A2_CHECK
00000033 CS_ENTS                          ffc1ddf0 GET_HSCR
ffc338c0 CS_POINT                         ffc1e200 PT_ENTRY
UNDEFED  CURPAL                           ffc1e290 ROM_PTRS
ffc2b360 CYAN_BOX                         ffc1e360 SET_PAGE
01000060 C_FLAGS                          ffc1e4e0 INIT_TAB
01000150 DCODE                            ffc1e680 INIT_TB
ffc1b670 DEC_HSR                          ffc1e9a0 VAL_TAB
ffc260a0 DEF_PAGE                         ffc1f220 RC_BYTE
UNDEFED  DELOBJ                           ffc1f270 WC_BYTE
UNDEFED  DELPAL                           ffc1f290 RC_BYTEI
ffc2a5f0 DIAG                             ffc1f2f0 RC_WORD
ffc2a820 DIAG_EX                          ffc1f470 RC_LONG
ffc2b740 DIGSRT                           ffc1f590 RC_LONGI
ffc28960 DISPDUMP                         ffc1f5f0 WC_BYTEI
UNDEFED  DISPLAYON                        ffc1f640 WC_WORD
UNDEFED  DMAQWAIT                         ffc1f700 WC_WORDI
ffc30290 DOBORDER                         ffc1f750 WC_LONG
ffc40d80 DO_ADJH                          ffc1f810 WC_LONGI
UNDEFED  DUMCOLL                          ffc20260 L_TIMER
ffc283b0 DUMP_FS                          ffc20990 CR_STRTP
UNDEFED  EXISTP                           ffc20b10 CR_CONTP
ffc1b428 E_BRUSH                          ffc20c90 P_START
ffc1bf40 E_GAME                           ffc20da0 P_CONT
ffc00de0 E_INITS                          ffc20ff0 NO_CREDS
0000000d F1SEL                            ffc210e0 LCOIN
ffc26160 FAC_SET                          ffc21160 CCOIN
ffc360e0 FAC_STUF                         ffc211e0 RCOIN
UNDEFED  FILLAREA                         ffc21260 XCOIN
ffc258f0 FORM_ADC                         ffc22540 CK_MAX
ffc2efd0 FORM_SWS                         ffc225e0 UNIT_CLR
UNDEFED  FREEOBJ                          ffc227f0 CRED_P
UNDEFED  FREEPAL                          ffc22c80 CRD_SCRN
ffc25ac0 F_ADC_S                          ffc24620 SLAM_SW
ffc2ffa0 F_TITLE                          ffc24b40 COIN_PAG
00000009 G1SEL                            ffc250c0 GET_AUD
UNDEFED  GAMSTATE                         ffc252d0 CLR_SUBS
ffc2a900 GEN_MENU                         ffc25360 CLR_AUDR
UNDEFED  GETFPAL                          ffc25650 AUD
UNDEFED  GETOBJ                           ffc25760 AUD1
UNDEFED  GETPRC                           ffc257e0 CLR_AUD
ffc2e9c0 GETSTICK                         ffc25890 CMOS_VAL
ffc25ba0 GET_ADJ                          ffc258f0 FORM_ADC
ffc2c6c0 GET_ADV                          ffc25ac0 F_ADC_S
ffc250c0 GET_AUD                          ffc25ba0 GET_ADJ
ffc33800 GET_CSPT                         ffc25c70 PUT_ADJ
ffc26bd0 GET_CSTR                         ffc26000 ADJ_PAGE
ffc2bd60 GET_FAC                          ffc260a0 DEF_PAGE
ffc1ddf0 GET_HSCR                         ffc26160 FAC_SET
ffc1b9e0 GET_HSC                          ffc26860 LD_CTAB
010000e0 GMENULEV                         ffc26a60 L_MESS
ffc3db50 GO_ADJ                           ffc26b80 LM_SETUP
ffc34280 GO_DIAG                          ffc26bc0 LM_FINIS
UNDEFED  GPALOBJ                          ffc26bd0 GET_CSTR
ffc300d0 G_BORDER                         ffc271a0 CAT_A0
UNDEFED  G_CRED                           ffc27840 ROM_NAME
UNDEFED  HEXTOASC                         ffc283b0 DUMP_FS
ffc3af90 HID_P                            ffc28450 ADD_DUMP
ffc067e0 HSTDTAB                          ffc28960 DISPDUMP
ffc29500 HTOHXASC                         ffc28bf0 WAIT_MUT
ffc30a00 H_SLAVE                          ffc29500 HTOHXASC
00000040 INDIAG                           ffc297a0 STRCAT
ffc1b800 INIT_HSR                         ffc2a150 RT_RET
ffc1e4e0 INIT_TAB                         ffc2a2e0 ROM_RET
ffc1e680 INIT_TB                          ffc2a470 WAIT_BUT
UNDEFED  INSOBJ                           ffc2a5f0 DIAG
UNDEFED  IRQSKYE                          ffc2a820 DIAG_EX
ffc1d3b0 ISHSTD                           ffc2a900 GEN_MENU
UNDEFED  KILALL                           ffc2af60 MENU_TOP
ffc03070 KIL_SPRY                         ffc2afa0 TOP_BOX
01000110 LAST_BUT                         ffc2b360 CYAN_BOX
ffc210e0 LCOIN                            ffc2b530 COL_INST
ffc26860 LD_CTAB                          ffc2b740 DIGSRT
ffc26bc0 LM_FINIS                         ffc2b9a0 CHK_CMOS
ffc26b80 LM_SETUP                         ffc2bd60 GET_FAC
ffc26a60 L_MESS                           ffc2c3e0 WT_ADV
ffc20260 L_TIMER                          ffc2c610 WW_ADV
010000d0 MAIN_RET                         ffc2c6c0 GET_ADV
ffc2af60 MENU_TOP                         ffc2c770 CK_DOOR
ffc4fce0 MEN_MAIN                         ffc2c820 B_MENU
ffc51480 MEN_YN                           ffc2e900 ST_STICK
ffc53cc0 MESS_FAC                         ffc2e9c0 GETSTICK
ffc52640 MESS_MM                          ffc2efd0 FORM_SWS
UNDEFED  MYOINIT                          ffc2ffa0 F_TITLE
UNDEFED  NARCS                            ffc300d0 G_BORDER
01000100 NO_CLEAR                         ffc30290 DOBORDER
ffc20ff0 NO_CREDS                         ffc30690 STD_BORD
UNDEFED  NPLYRS                           ffc308b0 BLNKHELP
UNDEFED  ONESND                           ffc30a00 H_SLAVE
ffc00c80 OP_INITS                         ffc310c0 AREUSURE
UNDEFED  P1DATA                           ffc31620 SUR_MESS
ffc009c0 P1_INITS                         ffc31740 SURE_BOX
ffc1b100 P1_SPRAY                         ffc33800 GET_CSPT
UNDEFED  P2DATA                           ffc338c0 CS_POINT
ffc00b20 P2_INITS                         ffc33a10 CKPROMPT
ffc1b298 P2_SPRAY                         ffc34280 GO_DIAG
UNDEFED  PRCSLP                           ffc342e0 CASHBUT
ffc1e200 PT_ENTRY                         ffc360e0 FAC_STUF
ffc25c70 PUT_ADJ                          ffc37ed0 BUILD_ST
ffc20da0 P_CONT                           ffc3a080 ANY_BUT
ffc1b5d0 P_FORK                           ffc3af90 HID_P
ffc090b0 P_SCRIPT                         ffc3cbb0 STR_OBJ
ffc20c90 P_START                          ffc3d980 STR_FREE
UNDEFED  QSNDRST                          ffc3db50 GO_ADJ
UNDEFED  RANDOM                           ffc40d80 DO_ADJH
ffc211e0 RCOIN                            ffc42410 CSELCT
ffc1f220 RC_BYTE                          ffc49a80 TWO_TS
ffc1f290 RC_BYTEI                         ffc49d10 TWO_TP
ffc1f470 RC_LONG                          ffc4fce0 MEN_MAIN
ffc1f590 RC_LONGI                         ffc51480 MEN_YN
ffc1f2f0 RC_WORD                          ffc52640 MESS_MM
UNDEFED  RD15FONT                         ffc53cc0 MESS_FAC
UNDEFED  RD20FONT                         UNDEFED  SCRCLR
UNDEFED  RD7FONT                          UNDEFED  SW_CHK
ffc07ff0 RES_SCRL                         UNDEFED  STFOBJ
UNDEFED  ROM_CHK                          UNDEFED  COL_BARS
00000003 ROM_LEV                          UNDEFED  MYOINIT
ffc27840 ROM_NAME                         UNDEFED  IRQSKYE
ffc1e290 ROM_PTRS                         UNDEFED  SETUP
ffc2a2e0 ROM_RET                          UNDEFED  ONESND
00000004 RTR_LEV                          UNDEFED  FILLAREA
ffc2a150 RT_RET                           UNDEFED  DUMCOLL
01000140 SCODE                            UNDEFED  KILALL
UNDEFED  SCRCLR                           UNDEFED  RD15FONT
UNDEFED  SCRL_DIR                         UNDEFED  ROM_CHK
UNDEFED  SCRL_DIV                         UNDEFED  WORLDTLX
UNDEFED  SCRL_END                         UNDEFED  CURPAL
UNDEFED  SCRL_FRC                         UNDEFED  STRNGLEN
UNDEFED  SCRL_GO                          UNDEFED  ANI
UNDEFED  SCRL_SRT                         UNDEFED  WORLDTLY
ffc1b0d8 SC_CRAM                          UNDEFED  WARMSET
UNDEFED  SETUP                            UNDEFED  CPU_CHK
ffc1e360 SET_PAGE                         UNDEFED  SNDSND
ffc24620 SLAM_SW                          UNDEFED  CROSS_H
UNDEFED  SNDSND                           UNDEFED  QSNDRST
010000f0 SND_MADE                         UNDEFED  BURN_IN
UNDEFED  SOUNDSUP                         UNDEFED  STRRNRM
01000000 SPRAYS                           UNDEFED  NARCS
ffc0b550 SPR_CHAR                         UNDEFED  GPALOBJ
ffc094c0 SPR_FPAL                         UNDEFED  FREEOBJ
ffc093e0 SPR_GPAL                         UNDEFED  SCRL_SRT
ffc30690 STD_BORD                         UNDEFED  FREEPAL
UNDEFED  STFOBJ                           UNDEFED  SYSCOPY
ffc297a0 STRCAT                           UNDEFED  SUCIDE
UNDEFED  STRCNRM                          UNDEFED  DELPAL
UNDEFED  STRLNRM                          UNDEFED  P2DATA
UNDEFED  STRNGLEN                         UNDEFED  EXISTP
UNDEFED  STRNGRAM                         UNDEFED  P1DATA
UNDEFED  STRRNRM                          UNDEFED  DMAQWAIT
ffc3d980 STR_FREE                         UNDEFED  SCRL_DIV
ffc3cbb0 STR_OBJ                          UNDEFED  SCRL_END
ffc2e900 ST_STICK                         UNDEFED  SCRL_FRC
UNDEFED  SUCIDE                           UNDEFED  Y_CORR
ffc31740 SURE_BOX                         UNDEFED  CLR_SCRN
ffc31620 SUR_MESS                         UNDEFED  SCRL_DIR
UNDEFED  SW_CHK                           UNDEFED  DISPLAYON
UNDEFED  SYSCOPY                          UNDEFED  SCRL_GO
UNDEFED  TIMER                            UNDEFED  TIMER
ffc1b550 TOD_TAB                          UNDEFED  GETPRC
ffc2afa0 TOP_BOX                          UNDEFED  RANDOM
ffc49d10 TWO_TP                           UNDEFED  RD7FONT
ffc49a80 TWO_TS                           UNDEFED  ACTIVE
ffc225e0 UNIT_CLR                         UNDEFED  NPLYRS
ffc1e9a0 VAL_TAB                          UNDEFED  CRDTPAGE
ffc2a470 WAIT_BUT                         UNDEFED  BLNKAREA
ffc28bf0 WAIT_MUT                         UNDEFED  HEXTOASC
UNDEFED  WARMSET                          UNDEFED  PRCSLP
ffc1f5f0 WC_BYTEI                         UNDEFED  GETFPAL
ffc1f270 WC_BYTE                          UNDEFED  WIPEOUT
ffc1f750 WC_LONG                          UNDEFED  STRLNRM
ffc1f810 WC_LONGI                         UNDEFED  INSOBJ
ffc1f640 WC_WORD                          UNDEFED  SOUNDSUP
ffc1f700 WC_WORDI                         UNDEFED  black1
UNDEFED  WIPEOUT                          UNDEFED  GETOBJ
UNDEFED  WORLDTLX                         UNDEFED  RD20FONT
UNDEFED  WORLDTLY                         UNDEFED  hand40
ffc2c3e0 WT_ADV                           UNDEFED  DELOBJ
ffc2c610 WW_ADV                           UNDEFED  G_CRED
ffc21260 XCOIN                            UNDEFED  GAMSTATE
ffc0ab80 X_PL_SA3                         UNDEFED  STRNGRAM
UNDEFED  Y_CORR                           UNDEFED  STRCNRM
UNDEFED  black1                           UNDEFED  ATSTRT
UNDEFED  hand40                           UNDEFED  COLRSTRT

[225 symbols]
