*****************************************************
GSP COFF Linker      , Version 3.00   
*****************************************************
Tue Jun 06 17:35:12 1989

OUTPUT FILE NAME:   <NARC.out>
ENTRY POINT SYMBOL: "SETUP"  address: ffc00120


MEMORY CONFIGURATION

           name      origin     length     attributes
         --------   --------   ---------   ----------
         SCRATCH    01000000   000100000      RWIX
         ROM        ffc00000   000200000      RWIX
         ROM1       ffe00000   00016e000      RWIX
         ROM2       fff6e000   000001000      RWIX
         ROM3       fff6f000   000008000      RWIX
         TRAP31     fffffc00   000000400      RWIX


SECTION ALLOCATION MAP

 output                                  attributes/
section   page    origin      length       input sections
--------  ----  ----------  ----------   ----------------
FIXED      0    01000000    00000040     
                  01000000    00000040     \video\MPROC.OBJ (FIXED)

OFIXED     0    01000040    00000080     
                  01000040    00000080     \video\NDSP1.OBJ (OFIXED)

NFIXED     0    010000c0    00000140     
                  010000c0    00000140     NARCRAM.OBJ (NFIXED)

.BSS       0    01000200    00000000     UNINITIALIZED

.bss       0    01000200    000e0650     UNINITIALIZED
                  01000200    00000130     NARC.OBJ (.bss)
                  01000330    00000010     NARC1.OBJ (.bss)
                  01000340    00001010     NARC1A.OBJ (.bss)
                  01001350    000000c0     NARCBGND.OBJ (.bss)
                  01001410    00000020     NARCGANG.OBJ (.bss)
                  01001430    00000010     NARCHYPO.OBJ (.bss)
                  01001440    00000030     NARCHOOK.OBJ (.bss)
                  01001470    00000030     NARCBUG.OBJ (.bss)
                  010014a0    000001d0     NARCMBIG.OBJ (.bss)
                  01001670    000064a0     NARCMUGS.OBJ (.bss)
                  01007b10    00000020     NARCRAMB.OBJ (.bss)
                  01007b30    00000020     NARCHEAD.OBJ (.bss)
                  01007b50    00000020     NARCATT.OBJ (.bss)
                  01007b70    00013620     NARCRAM.OBJ (.bss)
                  0101b190    00000010     NARCENT.OBJ (.bss)
                  0101b1a0    00000010     NARCSPRY.OBJ (.bss)
                  0101b1b0    000000b0     NARCHELP.OBJ (.bss)
                  0101b260    00000060     NARCTEST.OBJ (.bss)
                  0101b2c0    00000050     NARCMENU.OBJ (.bss)
                  0101b310    0003b130     \video\MPROC.OBJ (.bss)
                  01056440    0008a210     \video\NDSP1.OBJ (.bss)
                  010e0650    00000200     \video\GSPSND.OBJ (.bss)

SYSWORK    0    010e0850    00000000     UNINITIALIZED

.text      0    ffc00000    001e5770     
                  ffc00000    00011aa0     NARC.OBJ (.text)
                  ffc11aa0    000106c0     NARC1.OBJ (.text)
                  ffc22160    0000fb80     NARC1A.OBJ (.text)
                  ffc31ce0    00011130     NARCBGND.OBJ (.text)
                  ffc42e10    0000bd00     NARCBULL.OBJ (.text)
                  ffc4eb10    0000a6c0     NARCLOOT.OBJ (.text)
                  ffc591d0    00009650     NARC6.OBJ (.text)
                  ffc62820    0000efc0     NARCPIMP.OBJ (.text)
                  ffc717e0    0000d4e0     NARCGANG.OBJ (.text)
                  ffc7ecc0    0000d130     NARCHYPO.OBJ (.text)
                  ffc8bdf0    00004f40     NARCNDLE.OBJ (.text)
                  ffc90d30    00006530     NARCHOOK.OBJ (.text)
                  ffc97260    00003ff0     NARCDYNA.OBJ (.text)
                  ffc9b250    000091e0     NARCBUG.OBJ (.text)
                  ffca4430    00010c00     NARCMBIG.OBJ (.text)
                  ffcb5030    00008fa0     NARCUTIL.OBJ (.text)
                  ffcbdfd0    00000b00     NARCMATH.OBJ (.text)
                  ffcbead0    000122f0     NARCMUGS.OBJ (.text)
                  ffcd0dc0    0000e040     NARCRAMB.OBJ (.text)
                  ffcdee00    00002fc0     NARCFLAM.OBJ (.text)
                  ffce1dc0    00018a20     NARCHEAD.OBJ (.text)
                  ffcfa7e0    0000eba0     NARCHEDA.OBJ (.text)
                  ffd09380    000069e0     NARCCARS.OBJ (.text)
                  ffd0fd60    00005370     NARCCAD.OBJ (.text)
                  ffd150d0    000092b0     NARCPORS.OBJ (.text)
                  ffd1e380    00002e00     NARCMINE.OBJ (.text)
                  ffd21180    0000c480     NARCDOOR.OBJ (.text)
                  ffd2d600    00002220     NARCCANS.OBJ (.text)
                  ffd2f820    00003000     NARCATT.OBJ (.text)
                  ffd32820    00003440     NARCOL.OBJ (.text)
                  ffd35c60    00014f60     NARCPLAY.OBJ (.text)
                  ffd4abc0    000025e0     NARCMISC.OBJ (.text)
                  ffd4d1a0    00001590     NARCPALL.OBJ (.text)
                  ffd4e730    0000e980     NARCCHOP.OBJ (.text)
                  ffd5d0b0    00008060     NARCSCOR.OBJ (.text)
                  ffd65110    00003610     NARCRIME.OBJ (.text)
                  ffd68720    00007510     NARCDUMP.OBJ (.text)
                  ffd6fc30    00008e00     NARCLOWN.OBJ (.text)
                  ffd78a30    00006d60     NARCDOG.OBJ (.text)
                  ffd7f790    00005cd0     NARCENT.OBJ (.text)
                  ffd85460    00015800     NARCSPRY.OBJ (.text)
                  ffd9ac60    00004d90     NARCHSTD.OBJ (.text)
                  ffd9f9f0    00009ef0     NARCHELP.OBJ (.text)
                  ffda98e0    000096b0     NARCTEST.OBJ (.text)
                  ffdb2f90    0000a350     NARCMENU.OBJ (.text)
                  ffdbd2e0    000046c0     NARCADJ.OBJ (.text)
                  ffdc19a0    000005c0     NARCDATA.OBJ (.text)
                  ffdc1f60    000213f0     NARCDATB.OBJ (.text)
                  ffde3350    00001280     \video\MPROC.OBJ (.text)
                  ffde45d0    000011a0     \video\GSPSND.OBJ (.text)

.TEXT      0    ffde5770    00000000     UNINITIALIZED

.data      0    ffe00000    00157750     
                  ffe00000    000001e0     NARC1.OBJ (.data)
                  ffe001e0    00000580     NARC1A.OBJ (.data)
                  ffe00760    00000f80     NARC6.OBJ (.data)
                  ffe016e0    00001f80     NARCPIMP.OBJ (.data)
                  ffe03660    00001180     NARCGANG.OBJ (.data)
                  ffe047e0    00001300     NARCHYPO.OBJ (.data)
                  ffe05ae0    00000f00     NARCHOOK.OBJ (.data)
                  ffe069e0    00000d00     NARCBUG.OBJ (.data)
                  ffe076e0    00001680     NARCMBIG.OBJ (.data)
                  ffe08d60    00000800     NARCMUGS.OBJ (.data)
                  ffe09560    00000e80     NARCRAMB.OBJ (.data)
                  ffe0a3e0    00003d80     NARCHEDA.OBJ (.data)
                  ffe0e160    000071d0     NARCCAD.OBJ (.data)
                  ffe15330    00005260     NARCPORS.OBJ (.data)
                  ffe1a590    00003980     NARCCHOP.OBJ (.data)
                  ffe1df10    00001600     NARCDUMP.OBJ (.data)
                  ffe1f510    00002980     NARCLOWN.OBJ (.data)
                  ffe21e90    00001500     NARCDOG.OBJ (.data)
                  ffe23390    00034e70     NARCPAL.OBJ (.data)
                  ffe58200    00002290     NARCSND.OBJ (.data)
                  ffe5a490    00000200     NARCENT.OBJ (.data)
                  ffe5a690    00015dc0     NARCMENU.OBJ (.data)
                  ffe70450    0000c010     NARCADJ.OBJ (.data)
                  ffe7c460    00008f40     NARCTEXT.OBJ (.data)
                  ffe853a0    000095e0     NARCANIM.OBJ (.data)
                  ffe8e980    00030520     NARCDATA.OBJ (.data)
                  ffebeea0    000037c0     NARCDATB.OBJ (.data)
                  ffec2660    000048d0     NARCBLIP.OBJ (.data)
                  ffec6f30    0003d9b0     BGNDTBL.OBJ (.data)
                  fff048e0    00052e70     BGNDPAL.OBJ (.data)

.DATA      0    fff57750    00000000     UNINITIALIZED

img_tbl    0    fff57750    0000ae80     
                  fff57750    0000ae80     IMGTBL.OBJ (img_tbl)

POWERON    0    fff6e000    00000620     
                  fff6e000    00000620     NARC.OBJ (POWERON)

DISPTEXT   0    fff6f000    00007250     
                  fff6f000    00007250     \video\NDSP1.OBJ (DISPTEXT)

VECTORS    0    fffffc00    00000400     
                  fffffc00    00000400     NARC.OBJ (VECTORS)


GLOBAL SYMBOLS

address  name                             address  name
-------- ----                             -------- ----
01000200 .bss                             00000003 ROM_LEV
ffe00000 .data                            00000004 RTR_LEV
ffc00000 .text                            00000009 G1SEL
ffd9ce50 A2_CHECK                         0000000d F1SEL
ffcbaac0 ABSADD                           00000033 CS_ENTS
ffcba9a0 ABSDEC                           00000040 INDIAG
ffcba940 ABSINC                           01000000 ACTIVE
ffcba890 ABSMAX                           01000020 FREE
ffcbaa10 ABSSUB                           01000040 OBJLST
01000000 ACTIVE                           01000060 OFREE
ffc13480 ADDBB                            01000080 BAKLST
ffc1d890 ADDBUCKS                         010000a0 BAK2LST
ffd60150 ADDBULL                          010000c0 BBACTIVE
ffd60210 ADDBUST                          010000e0 BBFREE
ffc017c0 ADDBUY                           01000100 BACKSLST
ffd61490 ADDCARDB                         01000120 PLAYER_BULLETS
ffd61510 ADDCARDG                         01000140 ENEMY_BULLETS
ffd614d0 ADDCARDR                         01000160 ENEMIES
ffd61450 ADDCARDS                         01000180 PLAYERS
ffc1dc20 ADDCLIPS                         010001a0 BOOTY
ffd61550 ADDCRDGR                         010001c0 CARLIST
ffc1d9c0 ADDDRUGS                         010001e0 EXPLOSIONS
fff61550 ADDISON                          01000200 SCRL_GO
ffd5fc00 ADDLIFE                          01000200 .bss
ffd5fd80 ADDMRBIG                         01000210 SCRL_SRT
ffd60160 ADDNBULL                         01000220 SCRL_END
ffd60220 ADDNBUST                         01000230 SCRL_DIV
ffd5ffc0 ADDNNRGY                         01000240 SCRL_DIR
ffc1daf0 ADDROCKS                         01000250 SCRL_FRC
ffd60090 ADDROCK                          01000270 Y_CORR
ffc14b10 ADDSBOBJ                         01000290 FADE_RAM
ffc14ba0 ADDSUPP                          010002e0 SURVCNT
ffda7be0 ADD_DUMP                         01000330 NOAUTOE
fff72410 ADJNEWTL                         01007b00 CRIMEPAL
fff722c0 ADJSTWTL                         01007b70 RAND
ffda5790 ADJ_PAGE                         01007b90 SWSTACK
ffe59940 ALARMSND                         01007bb0 SWTEMP1
ffedb870 ALLEY2ABMOD                      01007bd0 SWTEMP2
ffedbb40 ALLEY2BMOD                       01007bf0 SWSTMN
ffedb990 ALLEY3BMOD                       01007cf0 PSWTMP1
ffedbc60 ALLEYBMOD                        01007cf0 SWSTST
ffe5a370 ALLOFF                           01007d00 SYSCOPY
ffd9ac60 ALL_TAB                          01007d10 INTSYNC0
ffe84c10 AMMOMSG                          01007d20 INTSYNC1
fff72f60 ANI                              01007d30 FPALRAM
fff72f20 ANI2                             01007d30 PALRAM
ffc21990 ANIMATCK                         01007f10 BPALRAM
ffc21790 ANIMATOR                         01008330 PTRRAM
ffdb9810 ANY_BUT                          01008730 CURPAL
ffdb0850 AREUSURE                         01008740 PIXQUEUE
fff5d250 ARMDR1                           0100b300 PIXQHEAD
fff5d2d0 ARMDR2                           0100b300 PIXQEND
fff5d350 ARMDR3                           0100b320 PIXQTAIL
ffe2e650 ARMDRPAL                         0100b340 PIXQVAL
fff5c7d0 ARROWDN                          0100b350 COLRTEMP
ffd2f820 ATSTRT                           0100b4e0 COLRTEND
ffd302b0 ATTPLAY                          0100b4e0 SKYCOLOR
ffda4ef0 AUD1                             0100b4f0 IRQSKYE
ffc2bf50 AUDPLWAV                         0100b500 PREVZ
ffda4de0 AUD                              0100b520 BEATCNT
ffc227a0 AUTOEOFF                         0100b530 P1DATA
ffc228d0 AUTOEON                          0100b910 P2DATA
01000100 BACKSLST                         0100bcf0 GAMSTATE
0101b1b0 BAD_AUD                          0100bcf0 NRAMSTRT
0100d160 BAK2BITS                         0100bd00 PLAYPAGE
010000a0 BAK2LST                          0100bd10 GRAMSTRT
0100d380 BAK2MODS                         0100bd10 PLAYCAR
01056540 BAK2TLX                          0100bd30 PCZEROCT
01056520 BAK2TLY                          0100bd40 PCBSNDF
0100c160 BAKBITS                          0100bd50 PCRSNDF
01000080 BAKLST                           0100bd60 PCSPINH
0100d360 BAKMODS                          0100bd70 PCZEROY
010178f0 BAKSTAKE                         0100bd80 P1CTRL
010178d0 BAKSTAKP                         0100bd90 P2CTRL
01019540 BAKSTAKS                         0100bda0 PUPDATE
ffce9520 BASECOLL                         0100bdb0 NPLYRS
ffe0a6e0 BASEskl                          0100bdc0 WAVE
ffc20b50 BASFRM                           0100bdd0 CRIMENO
010000c0 BBACTIVE                         0100bde0 SOUNDSUP
010000e0 BBFREE                           0100bdf0 GOALCARD
ffc13310 BBINIT                           0100be00 GOALDOOR
ffe58860 BBITESND                         0100c090 LOOPWAVE
0100d8c0 BBLOCKS                          0100c0a0 LOOPBACK
ffc3d5b0 BBOFSCRN                         0100c0c0 LOOPDISP
ffc14120 BBWIPE                           0100c0e0 SCRLBIAS
0100c0f0 BCCOUNT                          0100c0f0 BCCOUNT
ffd89ac0 BCDBIN                           0100c100 DCCOUNT
ffc4cbe0 BCOLDCAN                         0100c110 WAVETIME
ffc4cb60 BCOLDDMP                         0100c110 WRAMSTRT
ffc4cc60 BCOLDPST                         0100c120 BUYNOW
ffc4cca0 BCOLDSID                         0100c130 GLASSCNT
ffc4c820 BCOLL1                           0100c140 DOPESYM
0100b520 BEATCNT                          0100c160 BAKBITS
fff613d0 BENCHL                           0100d160 BAK2BITS
fff61450 BENCHM                           0100d360 BAKMODS
fff614d0 BENCHR                           0100d380 BAK2MODS
fff5a350 BGDF1C                           0100d3a0 BGNAME
fff5a3d0 BGDF2C                           0100d3c0 BGMUSIC
fff5a450 BGDF3C                           0100d3e0 BGINIT
fff5a4d0 BGDF4C                           0100d400 CARDHOLD
fff5b650 BGDTHF10                         0100d410 XSCROLLS
fff5b6d0 BGDTHF11                         0100d420 PLYMIN
fff5b750 BGDTHF12                         0100d430 PLYMAX
fff5b7d0 BGDTHF13                         0100d440 PLZMIN
fff5b850 BGDTHF14                         0100d450 PLZMAX
fff5b8d0 BGDTHF15                         0100d460 PLZMID
fff5b1d0 BGDTHF1                          0100d470 PSZMIN
fff5b250 BGDTHF2                          0100d480 PSZMAX
fff5b2d0 BGDTHF3                          0100d490 PSZMID
fff5b350 BGDTHF4                          0100d4a0 UNIVEND
fff5b3d0 BGDTHF5                          0100d4b0 UNIVSTX
fff5b450 BGDTHF6                          0100d4c0 UNIVSTY
fff5b4d0 BGDTHF7                          0100d4d0 UNIVENDX
fff5b550 BGDTHF8                          0100d4e0 UNIVENDY
fff5b5d0 BGDTHF9                          0100d4f0 GAMERASE
0100d3e0 BGINIT                           0100d500 DIFRAM
0100d3c0 BGMUSIC                          0100d500 DRUGCNT
0100d3a0 BGNAME                           0100d510 BUCKCNT
ffc40ad0 BGNDHGHT                         0100d520 ROCKCNT
ffc416e0 BGND_UD1                         0100d530 CLIPCNT
ffc41980 BGND_UD2                         0100d540 gangbmax
ffeefca0 BIGBANKBMOD                      0100d550 gangrock
ffeefdc0 BIGBLDLBMOD                      0100d560 gangmgun
ffeefd30 BIGBLDRBMOD                      0100d570 gangfrck
ffcb4560 BIGBULL                          0100d580 hypomax
fff5c850 BIGDOOR1                         0100d590 hypodrug
fff5c8d0 BIGDOOR2                         0100d5a0 hypobrain
fff5c950 BIGDOOR3                         0100d5b0 hypofire
ffeefe50 BIGEL1BMOD                       0100d5c0 hyposfir
ffeefee0 BIGFLR10BMOD                     0100d5d0 pimpmax
ffeef0d0 BIGFLR10SBMOD                    0100d5e0 pimpbuck
ffeef9d0 BIGFLR1BMOD                      0100d5f0 pimpbrain
ffeef040 BIGFLR1SBMOD                     0100d600 pimpthr1
ffeef8b0 BIGFLR3BMOD                      0100d610 pimpthr2
ffeef820 BIGFLR4BMOD                      0100d620 pimpfbal
ffeeefb0 BIGFLR4SBMOD                     0100d630 rambmax
ffeef790 BIGFLR5BMOD                      0100d640 rambbrain
ffeef700 BIGFLR6BMOD                      0100d650 rambdrug
ffeef670 BIGFLR7BMOD                      0100d660 bugmax
ffeef5e0 BIGFLR8BMOD                      0100d670 mbigbrain
ffeef1f0 BIGFLR8SBMOD                     0100d680 mbigfire
ffeef550 BIGFLR9BMOD                      0100d690 DUMPMAX
ffeef160 BIGFLR9SBMOD                     0100d6a0 DUMPSPD
ffeef940 BIGFLRBMOD                       0100d6b0 DUMPBTT
fff1f6c0 BIGFRAME                         0100d6c0 DUMPSHT
ffd2c220 BIGINCOL                         0100d6d0 CLWNMAX
ffdc4bf0 BIGOBAK                          0100d6e0 CLWNSPD
ffe96de0 BIGODSP                          0100d6f0 CLWNSHT
fff44590 BIGncar                          0100d700 LOFMAX
ffd89920 BINBCD                           0100d710 LOFFIRE
fff58fd0 BLAM1                            0100d720 CHOPRB
fff59050 BLAM2                            0100d730 DOGMAX
fff590d0 BLAM3                            0100d740 DOGSPD
fff59150 BLAM4                            0100d750 ECNTRS
fff591d0 BLAM5                            0100d750 ENDIFRAM
fff59250 BLAM6                            0100d750 LOFCNT
fff592d0 BLAM7                            0100d760 LOFWAIT
fff59350 BLAM8                            0100d770 JRHYCNT
ffe84f50 BLANKMSG                         0100d780 HOOKCNT
ffd5d9a0 BLIPOFF                          0100d790 PIMPCNT
ffd5db80 BLIPON                           0100d7a0 DUMPCNT
ffc156a0 BLNKAREA                         0100d7b0 KNAPCNT
ffdb0040 BLNKHELP                         0100d7c0 GANGCNT
ffdc5c30 BLUEBAK                          0100d7d0 MBIGCNT
ffd25cf0 BLUEDP                           0100d7e0 BUGCNT
ffdc3040 BLUEDSP                          0100d7f0 RAMBCNT
ffe4c510 BLUELAB                          0100d800 CADCNT
fff5c150 BLUETYPE                         0100d810 PORCNT
fff5bed0 BLUEcard                         0100d820 CHOPCNT
fff24890 BLUEesca                         0100d830 DOGCNT
fff55870 BLUEsq2                          0100d840 SLPRAMBS
fff54860 BLUEsq3                          0100d850 SLPBUGS
fff56720 BLUEsquar                        0100d860 SLPHYPOS
ffe58760 BNCESND                          0100d870 SLPPIMPS
ffe58d20 BOMBSND                          0100d880 SLPMBIGS
ffe592f0 BONCLSND                         0100d890 SLPGANGS
ffe592b0 BONCSND                          0100d8a0 SLPHOOKS
ffd00270 BONEINI                          0100d8b0 PCHOPCNT
ffc2c510 BONUSCR                          0100d8c0 ECNTEND
ffedc290 BOOK1BMOD                        0100d8c0 BBLOCKS
ffe0a9e0 BOOM5a                           010178c0 DEATHCNT
ffe0aa60 BOOM5b                           010178d0 BAKSTAKP
ffe0aae0 BOOM5c                           010178d0 GRAMEND
ffe0ab60 BOOM6                            010178d0 WRAMEND
010001a0 BOOTY                            010178f0 BAKSTAKE
ffc26c00 BOTHPON                          01019540 BAKSTAKS
010565a0 BOTQ0CNT                         01019540 OBJSTAKP
010565e0 BOTQ0FLG                         01019560 OBJSTAKE
01095620 BOTQ0                            0101ae60 OBJSTAKS
010565b0 BOTQ1CNT                         0101ae60 STRNGRAM
010565f0 BOTQ1FLG                         0101afa0 BTIME
010a4620 BOTQ1                            0101afa0 NRAMEND
ffc13050 BOUNCER                          0101afb0 TVPATCH
ffc59580 BOZCHK                           0101b190 SPRAYS
ffc55300 BOZOCARD                         0101b190 TVPATCHX
01007f10 BPALRAM                          0101b1b0 BAD_AUD
ffcffdb0 BRECOIL                          0101b1f0 C_FLAGS
ffcffe00 BRECOILF                         0101b260 MAIN_RET
ffedd4e0 BRIDGE2BMOD                      0101b270 GMENULEV
ffedd570 BRIDGEBMOD                       0101b280 SND_MADE
fff16370 BRIDGE                           0101b290 NO_CLEAR
ffedb900 BRIDGENDBMOD                     0101b2a0 LAST_BUT
fff17060 BRIDPALS                         0101b2d0 SCODE
ffc3df10 BSCHKG                           0101b2e0 DCODE
ffc3f850 BSTOP                            0101b310 TIMER
0101afa0 BTIME                            0101b330 OVERLOAD
ffec3a20 BUCKBLIP                         0101b340 PRCSTR
0100d510 BUCKCNT                          01056440 SCROLLX
ffc561c0 BUCKCOLD                         01056460 SCROLLY
ffe90480 BUGBAIT                          01056480 WORLDTLX
ffd49ee0 BUGBITE                          010564a0 WORLDTLY
ffec5120 BUGBLIP                          010564c0 WORLDTL
ffca3c90 BUGBURN                          010564e0 SCRNTL
0100d7e0 BUGCNT                           01056500 SCRNLR
ffc9b910 BUGCOLD                          01056520 BAK2TLY
ffe58820 BUGHTSND                         01056540 BAK2TLX
ffdc4f30 BUGRBAK                          01056560 QSYNC
ffe9a150 BUGRDSP                          01056570 DMAQCUR
ffd2c460 BUGRMCOL                         01056590 DMAQCNT
ffdb7660 BUILD_ST                         010565a0 BOTQ0CNT
fff61650 BULLET                           010565b0 BOTQ1CNT
fff61750 BULLET45                         010565c0 TOPQ0CNT
fff616d0 BULLETE                          010565d0 TOPQ1CNT
ffd49b20 BULLHIT                          010565e0 BOTQ0FLG
ffc44850 BULLRET1                         010565f0 BOTQ1FLG
ffc4c990 BULLRET2                         01056600 TOPQ0FLG
ffe59230 BULLRSND                         01056610 TOPQ1FLG
ffc10090 BURN_IN                          01056620 OBJSTR
ffc530e0 BUSTAMP                          01095620 BOTQ0
ffe593b0 BUSTBONS                         010a4620 BOTQ1
fff59d50 BUSTED                           010b3620 TOPQ0
fff59cd0 BUSTICON                         010c2620 TOPQ1
ffe59370 BUSTSND                          010e0620 DISPLAYON
ffc287e0 BUYINLP                          010e0850 end
ffc28310 BUYINWIN                         ffc00000 .text
0100c120 BUYNOW                           ffc00120 SETUP
ffc29f60 BWAITCLD                         ffc00370 WARMSET
ffdabfb0 B_MENU                           ffc00970 MAINLP
ffd03190 BlowSkul                         ffc017c0 ADDBUY
ffcb5bf0 BulToDat                         ffc01910 NRAMINIT
ffcbb150 BullSlp                          ffc01a30 WRAMINIT
ffec2660 CADBLIP                          ffc02f10 WIPEOUT
0100d800 CADCNT                           ffc04130 MASTERDP
ffd0fd60 CADCOLD                          ffc04200 MASTERG
ffd0fe30 CADDISP                          ffc050e0 TESTDISP
ffd0ff90 CADDY                            ffc052e0 GAMEOVER
ffe58ee0 CADHORN                          ffc056c0 GAMEDETH
ffe58f20 CADSHLD                          ffc05ea0 CLRPLAY
fff584d0 CAN1                             ffc06480 CLRBUYIN
fff58550 CAN2                             ffc065f0 CLRMBIGS
fff585d0 CAN3                             ffc06750 CLRGCARD
ffe58540 CANBCSND                         ffc06910 WAVBONUS
ffd2f400 CANCOLL                          ffc0f0c0 GETWAVE
ffd2f110 CANEXCOL                         ffc0f840 DUMDIE
ffe584c0 CANSMSND                         ffc0fb30 ERRORLOG
ffe58500 CANWPSND                         ffc0fed0 ROM_CHK
ffd0e9e0 CARADDY                          ffc0ff40 SW_CHK
ffd74c20 CARCHK                           ffc0ffb0 COL_BARS
ffc1b770 CARDCHEK                         ffc10020 CROSS_H
ffc554b0 CARDCOLD                         ffc10090 BURN_IN
0100d400 CARDHOLD                         ffc100f0 CPU_CHK
ffe594c0 CARDSND1                         ffc10c00 SWTAB
ffe59500 CARDSND2                         ffc11ad0 GPALOBJ
ffd09380 CARINIT                          ffc11ba0 GBPALOBJ
010001c0 CARLIST                          ffc11c70 SHVELCPY
ffe58fe0 CARREVR                          ffc11d80 SHVELFLP
ffd0ebb0 CARSCRTST                        ffc11dc0 FLP
ffd0e920 CARSETZ                          ffc11e20 OBJOFF
ffd0ae00 CARSTOP                          ffc11ec0 OBJON
ffd0bd60 CARTNKC                          ffc11f70 XZCHK
ffd0bb00 CARTNKO                          ffc12110 CLRPDATA
ffd0aa00 CARXVEL                          ffc12210 DFRMGRND
ffd0ab30 CARYVEL                          ffc122f0 GETBOTY
ffd0a870 CARYZVEL                         ffc12380 GETCPNT
ffd0ac60 CARZVEL                          ffc12470 GETCENT
ffdb3a70 CASHBUT                          ffc12540 GETSCRRX
fff5d850 CASHMACH                         ffc12600 GETANIX
ffe84a00 CASHMSG                          ffc12750 GETZMID
ffe59330 CASHSND                          ffc12860 CLRWORLD
ffda6930 CAT_A0                           ffc12ac0 GETSCRBY
ffd35530 CBDETECT                         ffc12b80 SETZPOS
ffda08f0 CCOIN                            ffc12c00 SETYFRMZ
ffd0a160 CDELALL                          ffc12d00 SETTZPOS
fff5ead0 CDOOR1                           ffc12e50 MAKSHAD
fff5eb50 CDOOR2                           ffc12e90 OFLASH
fff5ebd0 CDOOR3                           ffc13050 BOUNCER
fff5ec50 CDOOR4                           ffc13240 SLINEVEL
fff5ecd0 CDOOR5                           ffc13310 BBINIT
ffd359c0 CEBDETCT                         ffc13480 ADDBB
ffd35320 CEDETECT                         ffc13700 DELBB
ffc471c0 CEXPLODE                         ffc137d0 ISBB
ffe58d60 CEXSND1                          ffc13870 FINDBB
ffe58da0 CEXSND2                          ffc13cc0 ISBBID
ffd0b920 CFLIPART                         ffc13e00 ISBBBLP
fff5e5d0 CFRAG1                           ffc13f20 DELBBOBJ
fff5e650 CFRAG2                           ffc14120 BBWIPE
fff5e6d0 CFRAG3                           ffc14290 MYOINIT
fff5e750 CFRAG4                           ffc143f0 MYOINITF
fff5e7d0 CFRAG5                           ffc144f0 MYOINITB
ffe12860 CFSHRAPA                         ffc14940 SLSTINIT
ffe13a50 CFSHRAPB                         ffc14b10 ADDSBOBJ
ffedc560 CHECKSBMOD                       ffc14ba0 ADDSUPP
fff54760 CHEMPALS                         ffc14bf0 DELSBOBJ
ffd2c100 CHINACOLL                        ffc14c80 DELSUPP
fff5d0d0 CHINADR1                         ffc14f30 ISSUPP
fff5d150 CHINADR2                         ffc15020 ISSUPPID
fff5d1d0 CHINADR3                         ffc15150 CNTSUPP
ffe2d9a0 CHINAPAL                         ffc15230 RANDOM
ffc19ec0 CHKRANGE                         ffc15390 RANDU
ffdab130 CHK_CMOS                         ffc15420 SRAND
ffcfb360 CHNKTBL1                         ffc154d0 RANGRAND
ffcfb640 CHNKTBL2                         ffc155a0 RANDPER
ffcfb7e0 CHNKTBL3                         ffc15670 FILLAREA
ffcfbc00 CHNKTBL4                         ffc156a0 BLNKAREA
ffcfbd00 CHNKTBL5                         ffc15790 LOADATAB
ffd00130 CHNKTINI                         ffc15800 PFRAME
ffd56af0 CHOFCOLD                         ffc15900 CKOUTOFX
ffea13f0 CHOPBAK                          ffc15a80 CKBOUNDS
ffec5440 CHOPBLIP                         ffc15dd0 CKZBOUND
0100d820 CHOPCNT                          ffc15fd0 CKZADJST
ffd4e730 CHOPCOLD                         ffc161e0 CKZAMIN
ffe59900 CHOPCRUZ                         ffc163c0 PSTOP
ffd4e9c0 CHOPDISP                         ffc163f0 PSTOPX
ffe9c9c0 CHOPDSP                          ffc164c0 PSTOPZ
ffd5a190 CHOPINTR                         ffc16680 PSTOPYZ
0100d720 CHOPRB                           ffc16790 YFLP
ffd4e800 CHOPST                           ffc16810 NOYFLP
ffd2c730 CHOPWCOL                         ffc16900 PSWLR
ffd56bc0 CHORCOLD                         ffc16950 SYNCUP
ffcffff0 CHUNKINI                         ffc16a00 SYNCHALF
fff048e0 CITYPAL1                         ffc16a60 SYNCFULL
fff058f0 CITYPAL2                         ffc16b20 DTIME
ffc15a80 CKBOUNDS                         ffc16c20 DMAN
ffc1a840 CKBUST                           ffc16c50 DMAWAIT
ffd0faf0 CKCRESET                         ffc16cd0 DMAQWAIT
ffd40ff0 CKLBADJ                          ffc16e30 DMAHALT
ffd40c80 CKLXBND                          ffc16eb0 CMAPRS
ffd40e80 CKLZBND                          ffc16ec0 CMAPSL
ffc1ad00 CKMAXBST                         ffc16f50 CRINIT
ffd34930 CKOBJXY                          ffc17030 CRLOAD
ffc15900 CKOUTOFX                         ffc17140 SCRCLR
ffdb31a0 CKPROMPT                         ffc17150 SCRFIL
ffde54d0 CKSNDPRI                         ffc17260 LAST2CLR
ffc20940 CKYBOUND                         ffc172b0 SETPPROC
ffc15fd0 CKZADJST                         ffc173e0 clr_scrn
ffc161e0 CKZAMIN                          ffc173e0 CLR_SCRN
ffc15dd0 CKZBOUND                         ffc175c0 ENINITUL
ffdabf00 CK_DOOR                          ffc17630 ENINITLL
ffda1cd0 CK_MAX                           ffc176b0 ENINIT
ffd0d8a0 CLEFT180                         ffc17720 ESINITUL
ffd0d560 CLEFT360                         ffc17790 ESINITLL
ffe58b60 CLENSND                          ffc17810 ESINIT
ffec3aa0 CLIPBLIP                         ffc17ca0 GETDOOR
0100d530 CLIPCNT                          ffc17f30 CLOZDOOR
fff70040 CLIPOBJ                          ffc18020 DOORRITE
ffc4a3c0 CLIPRYTE                         ffc18120 OUTDOOR
ffe59430 CLIPSND                          ffc18560 DOOROPEN
ffd6fc30 CLNSNDST                         ffc18a00 DOORCLOZ
ffe84e68 CLOS1MSG                         ffc19370 GETCPLY
ffe84ee0 CLOS2MSG                         ffc19710 SELCTPLY
ffd64270 CLOSCALL                         ffc19810 INPYRNG
ffefcb70 CLOUDBMOD                        ffc19910 INPXRNG
ffc17f30 CLOZDOOR                         ffc19a50 GPLAYERD
ffd4d740 CLRBPAL                          ffc19b70 GETPBOTY
ffc06480 CLRBUYIN                         ffc19c60 FACEPLYR
ffd4d6b0 CLRFPAL                          ffc19db0 GETPLYR
ffc06750 CLRGCARD                         ffc19ec0 CHKRANGE
ffd25170 CLRGOAL                          ffc19f40 GETPCENT
ffc065f0 CLRMBIGS                         ffc1a140 MOVEINPX
ffd63320 CLRMESS                          ffc1a240 MVAWAYPX
ffcbb0a0 CLROBJ                           ffc1a3c0 MOVEINPY
ffd4d570 CLRPAL                           ffc1a4a0 ISPBULLT
ffc12110 CLRPDATA                         ffc1a700 WHICHSID
ffc05ea0 CLRPLAY                          ffc1a840 CKBUST
ffde45d0 CLRSNDDB                         ffc1ad00 CKMAXBST
ffc12860 CLRWORLD                         ffc1ade0 GBUST
ffda4f70 CLR_AUD                          ffc1b420 DROPSTUF
ffda4af0 CLR_AUDR                         ffc1b770 CARDCHEK
ffc173e0 CLR_SCRN                         ffc1b990 WENDIE
ffda4a60 CLR_SUBS                         ffc1c2d0 WEND3
ffd0c3e0 CLTURN                           ffc1c470 WROCK
ffec3b50 CLWNBLIP                         ffc1caa0 WEXPD
ffd6fe90 CLWNCOLD                         ffc1d890 ADDBUCKS
ffd78430 CLWNCRM1                         ffc1d9c0 ADDDRUGS
0100d6d0 CLWNMAX                          ffc1daf0 ADDROCKS
0100d6f0 CLWNSHT                          ffc1dc20 ADDCLIPS
0100d6e0 CLWNSPD                          ffc1dd50 DELENEMY
ffdc50d0 CLWRBAK                          ffc1de50 GRUNTRND
ffe98e10 CLWRDSP                          ffc1e010 GETLZVEL
ffd2c4f0 CLWRMCOL                         ffc1e120 GETYZVEL
ffc16eb0 CMAPRS                           ffc1e5f0 GCUBEVEL
ffc16ec0 CMAPSL                           ffc1eaa0 GIBOX
ffda5020 CMOS_VAL                         ffc1ed70 MAXIMUM
ffd0a630 CNEWPAL                          ffc1edd0 MINIMUM
ffc15150 CNTSUPP                          ffc1ee30 MAKTPROC
ffda42d0 COIN_PAG                         ffc1f070 TRAJEC
ffe30220 COLMNPAL                         ffc1f370 TRAJEC1
ffd4be10 COLRSTRT                         ffc1f950 DBOUNCE
0100b350 COLRTEMP                         ffc1fde0 DTBOUNCE
0100b4e0 COLRTEND                         ffc204c0 DSINK
ffd34430 COLSCAN1                         ffc20600 ESINK
fff5cfd0 COLUMN1                          ffc206e0 OSINK
fff5d050 COLUMNB                          ffc208e0 DUMCOLL
ffc0ffb0 COL_BARS                         ffc20910 DUMRTSG
ffdaacc0 COL_INST                         ffc20940 CKYBOUND
ffc22b30 COPYOBJ                          ffc20ae0 GSCRIPT
ffe84830 COPYRMSG                         ffc20b50 BASFRM
ffd34bf0 CPCOLADJ                         ffc20c00 EFRAME
ffc100f0 CPU_CHK                          ffc20d60 FRANIM
ffd62f80 CRCMESS                          ffc21790 ANIMATOR
ffcc1780 CRDTPAGE                         ffc21990 ANIMATCK
ffda2410 CRD_SCRN                         ffc21d80 SCRKIL
fff51910 CREAM1                           ffc22160 MUSICSYN
ffda1f80 CRED_P                           ffc223d0 XPALETTE
ffd0f3b0 CRESET                           ffc225c0 XCOLOR
0100bdd0 CRIMENO                          ffc227a0 AUTOEOFF
ffd65250 CRIME                            ffc228d0 AUTOEON
01007b00 CRIMEPAL                         ffc22a40 MAKOBJZ
ffc16f50 CRINIT                           ffc22b30 COPYOBJ
ffc17030 CRLOAD                           ffc22c80 STRLNRM
ffc10020 CROSS_H                          ffc22cf0 STRCNRM
ffd0bfc0 CRTURN                           ffc22d60 STRRNRM
ffd0d7a0 CRYTE180                         ffc22dd0 STRLINV
ffd0d3f0 CRYTE360                         ffc22e40 STRCINV
ffda02a0 CR_CONTP                         ffc22eb0 STRLNRMO
ffda0120 CR_STRTP                         ffc22f40 STRCNRMO
ffe5a690 CSELCT                           ffc237e0 STRNGLEN
ffd0f210 CSHADST                          ffc239d0 HEXTOASC
fff5ed50 CSHELLL                          ffc23c00 PPOSADDX
fff5edd0 CSHELLR                          ffc23e40 ESCAPEJ
fff5e850 CSHRAP1                          ffc24010 INVINCO
fff5e8d0 CSHRAP2                          ffc24380 INVINCNF
fff5e950 CSHRAP3                          ffc24620 PXFERCRD
fff5e9d0 CSHRAP4                          ffc24630 SLOWPCAR
fff5ea50 CSHRAP5                          ffc24830 POUTOFRK
fff5d950 CSHRAPA1                         ffc24900 PFLYNDIE
fff5d9d0 CSHRAPA2                         ffc25a50 PFLASH2
fff5da50 CSHRAPA3                         ffc25c30 PIJDECEL
fff5dad0 CSHRAPA4                         ffc26130 PDELETE
fff5db50 CSHRAPA5                         ffc26800 PLEGOFF
fff5dbd0 CSHRAPB1                         ffc26940 PLEGON
fff5dc50 CSHRAPB2                         ffc26aa0 PTORSON
fff5dcd0 CSHRAPB3                         ffc26c00 BOTHPON
fff5dd50 CSHRAPB4                         ffc26d70 TSHADST1
fff5ddd0 CSHRAPB5                         ffc26db0 TSHADST2
fff5de50 CSHRAPC1                         ffc26e90 LSHADST1
fff5ded0 CSHRAPC2                         ffc26ed0 LSHADST2
fff5df50 CSHRAPC3                         ffc26fc0 TSHADDL1
fff5dfd0 CSHRAPC4                         ffc27000 TSHADDL2
fff5e050 CSHRAPC5                         ffc27110 LSHADDL1
fff5e0d0 CSHRAPD1                         ffc27150 LSHADDL2
fff5e150 CSHRAPD2                         ffc27270 PCONTST
fff5e1d0 CSHRAPD3                         ffc274d0 OWINDOW
fff5e250 CSHRAPD4                         ffc27850 CWINDOW
fff5e2d0 CSHRAPD5                         ffc28310 BUYINWIN
fff5e350 CSHRAPE1                         ffc287e0 BUYINLP
fff5e3d0 CSHRAPE2                         ffc29f60 BWAITCLD
fff5e450 CSHRAPE3                         ffc2b980 GAMEOTXT
fff5e4d0 CSHRAPE4                         ffc2bd40 DUMPWTCH
fff5e550 CSHRAPE5                         ffc2bf50 AUDPLWAV
ffd0c800 CSTRAYTE                         ffc2c280 FLYTOPL
00000033 CS_ENTS                          ffc2c510 BONUSCR
ffdb3050 CS_POINT                         ffc31ce0 WAVEINIT
01008730 CURPAL                           ffc327c0 GOALXFER
ffe5a2f0 CVSDFOFF                         ffc328e0 KILLWAVE
ffe5a2b0 CVSDOFF                          ffc32e80 WAVEEND
ffd0da70 CWHLSPD                          ffc33d00 GAMEEND
ffd0b6c0 CWHLSTOP                         ffc35750 INITFGND
ffc27850 CWINDOW                          ffc35820 INITBGND
fff5d8d0 CWRECK                           ffc36d90 WHIPTHRU
ffd0b070 CXACCELA                         ffc37c50 SKYUP
ffd0b0a0 CXACCELB                         ffc390f0 NEWBGND
ffd0aed0 CXACCEL                          ffc3b8a0 OLDBGND
ffdaaaf0 CYAN_BOX                         ffc3d5b0 BBOFSCRN
0101b1f0 C_FLAGS                          ffc3df10 BSCHKG
ffcb5e70 CentDist                         ffc3f850 BSTOP
ffcb6a90 CkDest                           ffc3f9a0 MAKFBOBJ
ffcb8310 Ck_NOYFLP                        ffc3fdf0 SKYDOWN
ffcb8110 Ck_YFLP                          ffc3ffd0 EXPANDS
ffcb6820 ClipDest                         ffc40160 SCBLOWUP
ffcb68c0 ClipZDst                         ffc40220 SCREXP32
ffcb9620 ClosestFP                        ffc40ad0 BGNDHGHT
ffcb9360 ClosestP                         ffc416e0 BGND_UD1
ffcbabf0 ClrVel                           ffc41980 BGND_UD2
ffc1f950 DBOUNCE                          ffc42e10 EBULL45
0100c100 DCCOUNT                          ffc42fd0 EDBULLET
0101b2e0 DCODE                            ffc42ff0 EBULLET
010178c0 DEATHCNT                         ffc431a0 EROCKET
ffd9ae00 DEC_HSR                          ffc43340 P1BULL
ffda5830 DEF_PAGE                         ffc43400 P2BULL
fff71460 DELB2OBJ                         ffc434c0 P1CARBUL
ffc13700 DELBB                            ffc43580 P2CARBUL
ffc13f20 DELBBOBJ                         ffc439c0 GBULLET
fff714c0 DELBOBJ                          ffc44850 BULLRET1
ffd0a520 DELCBODY                         ffc46280 REXPLODE
ffc1dd50 DELENEMY                         ffc471c0 CEXPLODE
fff71680 DELOBJ                           ffc47e00 TEXPLODE
ffd4d1a0 DELPAL                           ffc4a3c0 CLIPRYTE
ffc14bf0 DELSBOBJ                         ffc4c820 BCOLL1
fff71520 DELSHAD                          ffc4c990 BULLRET2
fff71600 DELSOBJ                          ffc4c9b0 DUMRTS
ffc14c80 DELSUPP                          ffc4cb60 BCOLDDMP
fff16130 DEMOPALS                         ffc4cbe0 BCOLDCAN
ffd2c970 DENDCOLB                         ffc4cc60 BCOLDPST
ffd2ca00 DENDCOLGR                        ffc4cca0 BCOLDSID
ffd2c7c0 DENDCOLL                         ffc4ce70 DINGANI
ffd2c8e0 DENDCOLR                         ffc4eb10 DROPCARD
ffd2c850 DENDCOLS                         ffc4ee30 DROPBUCK
ffc12210 DFRMGRND                         ffc4efa0 DROPCLIP
ffcb5940 DFrmGrnd                         ffc4f090 DROPROCK
ffda9d80 DIAG                             ffc4f180 DROPDRUG
ffda9fb0 DIAG_EX                          ffc4fc80 TRNKBUCK
0100d500 DIFRAM                           ffc4fd80 TRNKCLIP
ffdaaed0 DIGSRT                           ffc4fe80 TRNKROCK
fff59850 DING45A                          ffc4ff80 TRNKDRUG
fff598d0 DING45B                          ffc530e0 BUSTAMP
fff59950 DING90A                          ffc55300 BOZOCARD
fff599d0 DING90B                          ffc554b0 CARDCOLD
ffc4ce70 DINGANI                          ffc561c0 BUCKCOLD
ffe58480 DINGCANR                         ffc56b30 DRUGCOLD
ffe58400 DINGDUMP                         ffc572f0 GOLDCOLD
ffe58440 DINGPSTR                         ffc585b0 WEEDCOLL
ffcfe560 DIRANI                           ffc591d0 LOFCOLD
ffda80f0 DISPDUMP                         ffc59580 BOZCHK
fff75d40 DISPH                            ffc5a910 SWAPAL0
fff745f0 DISPLAY                          ffc602b0 LOFDFLA
010e0620 DISPLAYON                        ffc60390 LDEXP1
fff744c0 DISPQT                           ffc60640 LOFDROCK
ffc16e30 DMAHALT                          ffc606b0 LOFRAG1
fff75600 DMAINT                           ffc60870 LOFRAG2
ffc16c20 DMAN                             ffc60a30 LOFRAG3
01056590 DMAQCNT                          ffc60bf0 LOFRAG4
01056570 DMAQCUR                          ffc60e10 LOFDEXP
ffc16cd0 DMAQWAIT                         ffc611d0 LOFDEXP1
ffc16c50 DMAWAIT                          ffc61fd0 LOFFCRM1
ffdc5410 DMPRBAK                          ffc62e20 PIMPCOLD
ffe9a600 DMPRDSP                          ffc712f0 PIMPCRM1
ffd2c580 DMPRMCOL                         ffc71c40 GANGCOLD
ffdafa20 DOBORDER                         ffc7d4e0 GANGCRM1
ffe905b0 DOGBAIT                          ffc7f3b0 HYPOCOLD
ffec4fa0 DOGBLIP                          ffc8a800 HYPOCRM1
0100d830 DOGCNT                           ffc8c070 NHYPO
ffd78a30 DOGCOLD                          ffc8c0b0 SHYPO
0100d730 DOGMAX                           ffc91320 HOOKCOLD
ffdc4d90 DOGRBAK                          ffc97800 dynamite
ffe98150 DOGRDSP                          ffc9b910 BUGCOLD
ffd2c340 DOGRMCOL                         ffca3c90 BUGBURN
0100d740 DOGSPD                           ffca49b0 MBIGCOLD
ffc18a00 DOORCLOZ                         ffca6100 MB_MOVE
ffe59120 DOORCSND                         ffcb4560 BIGBULL
ffc18560 DOOROPEN                         ffcb48b0 MBIGCRM1
ffe590e0 DOOROSND                         ffcb5030 MovePlyr
ffc18020 DOORRITE                         ffcb5240 SetAniP
ffedbab0 DOORSBMOD                        ffcb5490 ZCHEK
fff59a50 DOPE1                            ffcb5790 ShadOn
fff59ad0 DOPE2                            ffcb57f0 ShadOff
fff59b50 DOPE3                            ffcb5870 GetPLZMID
fff59c50 DOPEICON                         ffcb5940 DFrmGrnd
0100c140 DOPESYM                          ffcb5a20 OidToDat
ffd2c2b0 DORNCOLL                         ffcb5a60 GetPData
ffdc0510 DO_ADJH                          ffcb5bf0 BulToDat
fff58150 DRIVEF1                          ffcb5d70 GetMidZ
fff581d0 DRIVEF2                          ffcb5e70 CentDist
fff58250 DRIVEF3                          ffcb5f50 GetOnScr
fff582d0 DRIVEF4                          ffcb6250 DestOk
fff57c50 DRIVER1                          ffcb6590 SCRNCLIP
fff57cd0 DRIVER2                          ffcb6820 ClipDest
fff57d50 DRIVER3                          ffcb68c0 ClipZDst
fff57dd0 DRIVER4                          ffcb6960 SCRNZCLP
fff57e50 DRIVER5                          ffcb6a90 CkDest
ffd0e4b0 DRIVERAN                         ffcb6d70 GoDestD
ffc4ee30 DROPBUCK                         ffcb7510 GoDestV
ffc4eb10 DROPCARD                         ffcb7e10 T_YFLP
ffc4efa0 DROPCLIP                         ffcb7f90 T_NOYFLP
ffc4f180 DROPDRUG                         ffcb8110 Ck_YFLP
ffc4f090 DROPROCK                         ffcb8310 Ck_NOYFLP
ffc1b420 DROPSTUF                         ffcb8510 ZOFF
ffec3dd0 DRUGBLIP                         ffcb8760 NEAR_BUL
0100d500 DRUGCNT                          ffcb8b00 FACINGOB
ffc56b30 DRUGCOLD                         ffcb8c70 FACEOBJ
ffe99520 DRUGRDSP                         ffcb8d50 FaceObj
ffe593f0 DRUGSND                          ffcb8e30 FACEBULL
fff60f50 DRUM                             ffcb8e90 FACEAWAY
fff57ed0 DRVDTH1                          ffcb8fb0 FACEFWD
fff57f50 DRVDTH2                          ffcb9010 FACEBKWD
fff57fd0 DRVDTH3                          ffcb9070 NEARPLYR
fff58050 DRVDTH4                          ffcb9360 ClosestP
fff580d0 DRVDTH5                          ffcb9620 ClosestFP
ffe58b20 DSH2SND                          ffcb9a40 Flee
ffe58aa0 DSHTSND                          ffcba2b0 FleeObj
ffc204c0 DSINK                            ffcba670 HuntObj
fff586d0 DSLIME                           ffcba690 HuntObj0
ffc1fde0 DTBOUNCE                         ffcba760 ShortXDest
ffc16b20 DTIME                            ffcba810 MAX
ffc208e0 DUMCOLL                          ffcba850 MIN
ffc0f840 DUMDIE                           ffcba890 ABSMAX
ffd12e00 DUMPROC                          ffcba940 ABSINC
ffd68720 DUMPCOLD                         ffcba9a0 ABSDEC
ffec2c80 DUMPBLIP                         ffcbaa10 ABSSUB
fff58650 DUMP                             ffcbaac0 ABSADD
0100d6b0 DUMPBTT                          ffcbab20 XTOZSIZE
0100d7a0 DUMPCNT                          ffcbabf0 ClrVel
ffd2f610 DUMPCOLL                         ffcbac70 UpdShadV
ffd6f740 DUMPCRM1                         ffcbad90 NEAR_BTY
0100d690 DUMPMAX                          ffcbadc0 NEAR_OBJ
ffe2bb40 DUMPPAL                          ffcbaff0 ON_SLIST
0100d6c0 DUMPSHT                          ffcbb0a0 CLROBJ
0100d6a0 DUMPSPD                          ffcbb150 BullSlp
ffc2bd40 DUMPWTCH                         ffcbb3b0 SyncAnim
ffda7b40 DUMP_FS                          ffcbb620 SumSlp
ffd0c7d0 DUMRETP                          ffcbb7d0 SPLTCOLBOX
ffc4c9b0 DUMRTS                           ffcbb9b0 SPLTCOLANI
ffc20910 DUMRTSG                          ffcbbb90 SPLATANI
ffe8a840 DUMSCRIP                         ffcbc3f0 SPLATBOX
ffcb6250 DestOk                           ffcbcc50 SPLATS
ffe583c0 EBSND                            ffcbd0b0 PUT1K
ffc42e10 EBULL45                          ffcbd110 PUT2x5K
ffc42ff0 EBULLET                          ffcbd170 PUT5K
0100d8c0 ECNTEND                          ffcbd1d0 PUT10K
0100d750 ECNTRS                           ffcbd230 PUT25K
ffc42fd0 EDBULLET                         ffcbd3e0 PUTBONUS
ffc20c00 EFRAME                           ffcbe250 LTWRDPT
0100d750 ENDIFRAM                         ffcbe370 LINEPT
01000160 ENEMIES                          ffcbfdc0 PRECRIM2
01000140 ENEMY_BULLETS                    ffcbfde0 PRECRIME
ffc17630 ENINITLL                         ffcc0750 POSTCRIME
ffc176b0 ENINIT                           ffcc10c0 FBIBADGE
ffc175c0 ENINITUL                         ffcc1780 CRDTPAGE
ffc431a0 EROCKET                          ffcc17a0 TITLPAGE
ffc0fb30 ERRORLOG                         ffcc4480 MSUCLEAR
ffc23e40 ESCAPEJ                          ffccd320 VSCAN
ffc17790 ESINITLL                         ffcd1510 RAMBCOLD
ffc17720 ESINITUL                         ffcde6a0 RAMBCRM1
ffc17810 ESINIT                           ffcdf100 MAKEFLAM
ffc20600 ESINK                            ffcdf3c0 GROWFLAM
ffedc050 EUGBMOD                          ffce2420 HEADCOLD
ffe84cd8 EVIMSG                           ffce9340 HEADCOLL
fff71ff0 EXISTOBJ                         ffce9430 TUNGCOLL
ffde4010 EXISTP                           ffce9520 BASECOLL
ffec2de0 EXITBLIP                         ffcf14b0 SPNECOLL
fff5d4d0 EXITSIGN                         ffcfa860 InitTbls
ffc3ffd0 EXPANDS                          ffcfb220 SpineIni
010001e0 EXPLOSIONS                       ffcfb360 CHNKTBL1
ffe84ac0 EXTRAMSG                         ffcfb640 CHNKTBL2
ffd9abb8 E_BRUSH                          ffcfb7e0 CHNKTBL3
ffd9b6d0 E_GAME                           ffcfbc00 CHNKTBL4
ffd80570 E_INITS                          ffcfbd00 CHNKTBL5
0000000d F1SEL                            ffcfe560 DIRANI
ffcb8e90 FACEAWAY                         ffcfed50 TUNGFLEX
ffcb9010 FACEBKWD                         ffcff580 TUNGFLXF
ffcb8e30 FACEBULL                         ffcffdb0 BRECOIL
ffcb8fb0 FACEFWD                          ffcffe00 BRECOILF
ffcb8c70 FACEOBJ                          ffcffe50 RRECOIL
ffc19c60 FACEPLYR                         ffcffea0 RRECOILF
ffcb8b00 FACINGOB                         ffcffef0 KABOOM
ffda58f0 FAC_SET                          ffcfff70 KABOOMF
ffdb5870 FAC_STUF                         ffcffff0 CHUNKINI
ffe5a100 FADEDOWN                         ffd00130 CHNKTINI
ffe5a010 FADEUP                           ffd00270 BONEINI
01000290 FADE_RAM                         ffd003b0 FLYSPINE
ffeefb80 FANNYCOBMOD                      ffd00480 FLYSKULL
ffedc680 FASSGRLBMOD                      ffd03190 BlowSkul
ffcc10c0 FBIBADGE                         ffd03890 jawbite
ffc15670 FILLAREA                         ffd03b10 jawbitef
ffc13870 FINDBB                           ffd04e30 SDIRANI
ffd0f040 FINDMVP                          ffd050f0 FIRETUNG
ffd4d220 FINDPAL                          ffd07200 baseflsh
ffd050f0 FIRETUNG                         ffd08140 MkNuke
fff59ed0 FLHD1A                           ffd09380 CARINIT
fff59f50 FLHD1B                           ffd0a160 CDELALL
fff59fd0 FLHD1C                           ffd0a520 DELCBODY
fff5a050 FLHD2A                           ffd0a630 CNEWPAL
fff5a0d0 FLHD2B                           ffd0a870 CARYZVEL
fff5a150 FLHD2C                           ffd0aa00 CARXVEL
fff58850 FLHIT1                           ffd0ab30 CARYVEL
fff588d0 FLHIT2                           ffd0ac60 CARZVEL
fff58950 FLHIT3                           ffd0ae00 CARSTOP
ffc11dc0 FLP                              ffd0aed0 CXACCEL
fff5a1d0 FLTLA                            ffd0b070 CXACCELA
fff5a250 FLTLB                            ffd0b0a0 CXACCELB
fff5a2d0 FLTLC                            ffd0b6c0 CWHLSTOP
ffd00480 FLYSKULL                         ffd0b850 KILLCARP
ffd003b0 FLYSPINE                         ffd0b920 CFLIPART
ffc2c280 FLYTOPL                          ffd0bb00 CARTNKO
ffdd22c0 FORHEAD                          ffd0bd60 CARTNKC
ffda5080 FORM_ADC                         ffd0bfc0 CRTURN
ffdae760 FORM_SWS                         ffd0c3e0 CLTURN
ffdcf040 FORSILV                          ffd0c7d0 DUMRETP
01007d30 FPALRAM                          ffd0c800 CSTRAYTE
ffc20d60 FRANIM                           ffd0cbf0 WHLSTR
fff710d0 FREEOBJ                          ffd0d3f0 CRYTE360
01000020 FREE                             ffd0d560 CLEFT360
fff70c40 FREEOBJE                         ffd0d7a0 CRYTE180
ffd4dc80 FREEPAL                          ffd0d8a0 CLEFT180
ffe59840 FREESND                          ffd0da70 CWHLSPD
fff70bb0 FREESOBJ                         ffd0e4b0 DRIVERAN
ffe58c20 FREZSND                          ffd0e920 CARSETZ
ffe58e60 FSIZZSND                         ffd0e9e0 CARADDY
ffda5250 F_ADC_S                          ffd0ebb0 CARSCRTST
ffdaf730 F_TITLE                          ffd0ed90 ISREVERS
ffcb8d50 FaceObj                          ffd0f040 FINDMVP
ffcb9a40 Flee                             ffd0f210 CSHADST
ffcba2b0 FleeObj                          ffd0f3b0 CRESET
00000009 G1SEL                            ffd0faf0 CKCRESET
ffc056c0 GAMEDETH                         ffd0fc10 SINKCARC
ffc33d00 GAMEEND                          ffd0fd60 CADCOLD
ffc2b980 GAMEOTXT                         ffd0fe30 CADDISP
ffc052e0 GAMEOVER                         ffd0ff90 CADDY
0100d4f0 GAMERASE                         ffd12e00 DUMPROC
ffe849b0 GAMOVMSG                         ffd17b60 PORINTRO
ffe59980 GAMOVSND                         ffd18f10 P1IJDECL
0100bcf0 GAMSTATE                         ffd18f80 P2IJDECL
ffec5940 GANGBLIP                         ffd19540 PORTRANS
0100d7c0 GANGCNT                          ffd1a750 PORSCOLD
ffc71c40 GANGCOLD                         ffd1cf80 PCDRIVRC
ffc7d4e0 GANGCRM1                         ffd1d5d0 PDRIVXWW
fff735a0 GANIOF                           ffd1e380 MINECOLD
fff72730 GANISAG                          ffd1f590 WEEDCOLD
fff5d3d0 GARAGE1                          ffd1ff30 NEXAIR
ffe84fa8 GAYMSG                           ffd1ff70 NEXPLODE
ffc11ba0 GBPALOBJ                         ffd20580 NEXINIT
ffc439c0 GBULLET                          ffd20930 NUCLEXP
ffc1ade0 GBUST                            ffd25170 CLRGOAL
ffc1e5f0 GCUBEVEL                         ffd25c30 SILVDP
ffdaa090 GEN_MENU                         ffd25c90 REDDP
ffde41c0 GETA10                           ffd25cf0 BLUEDP
ffde4140 GETA11                           ffd25d50 GOLDDP
ffde42e0 GETA8                            ffd25db0 HEADDP
ffde4250 GETA9                            ffd2a000 GETSUBDR
fff73470 GETANIXY                         ffd2a230 SUBOPEN
ffc12600 GETANIX                          ffd2c100 CHINACOLL
ffc122f0 GETBOTY                          ffd2c190 LOFHCOLL
ffd4d950 GETBPAL                          ffd2c220 BIGINCOL
fff593d0 GETCASH1                         ffd2c2b0 DORNCOLL
fff59450 GETCASH2                         ffd2c340 DOGRMCOL
ffc12470 GETCENT                          ffd2c3d0 SUBRMCOL
fff59550 GETCLIP                          ffd2c460 BUGRMCOL
ffc19370 GETCPLY                          ffd2c4f0 CLWRMCOL
ffc12380 GETCPNT                          ffd2c580 DMPRMCOL
ffc17ca0 GETDOOR                          ffd2c610 GRNHSCOL
fff59bd0 GETDOPE                          ffd2c6a0 LABCOL
ffd4d7d0 GETFPAL                          ffd2c730 CHOPWCOL
ffc1e010 GETLZVEL                         ffd2c7c0 DENDCOLL
fff709d0 GETOBJ                           ffd2c850 DENDCOLS
ffc19b70 GETPBOTY                         ffd2c8e0 DENDCOLR
ffc19f40 GETPCENT                         ffd2c970 DENDCOLB
ffc19db0 GETPLYR                          ffd2ca00 DENDCOLGR
ffde3b90 GETPRC                           ffd2cb20 SENDCOLS
fff594d0 GETROCK                          ffd2cbb0 SENDCOLR
ffc12ac0 GETSCRBY                         ffd2cc40 SENDCOLB
ffc12540 GETSCRRX                         ffd2ccd0 SENDCOLGR
ffdae150 GETSTICK                         ffd2cd60 SLOTCOLS
ffd2a000 GETSUBDR                         ffd2cdf0 SLOTCOLR
ffc0f0c0 GETWAVE                          ffd2ce80 SLOTCOLB
ffc1e120 GETYZVEL                         ffd2cf10 SLOTCOLG
ffc12750 GETZMID                          ffd2cfa0 SLOTCOLH
ffda5330 GET_ADJ                          ffd2d030 SLOTCOLGR
ffdabe50 GET_ADV                          ffd2d0c0 SLOTCNDS
ffda4850 GET_AUD                          ffd2d150 SLOTCNDG
ffdb2f90 GET_CSPT                         ffd2d1e0 SAFECOLL
ffda6360 GET_CSTR                         ffd2f110 CANEXCOL
ffdab4f0 GET_FAC                          ffd2f400 CANCOLL
ffd9d580 GET_HSCR                         ffd2f610 DUMPCOLL
ffd9b170 GET_HSC                          ffd2f820 ATSTRT
ffefe280 GHSINTBMOD                       ffd302b0 ATTPLAY
ffefe1f0 GHSINTDRBMOD                     ffd34430 COLSCAN1
fff4dc30 GHSIPALS                         ffd34930 CKOBJXY
fff4ab20 GHSPALS                          ffd34bf0 CPCOLADJ
ffc1eaa0 GIBOX                            ffd35320 CEDETECT
0100c130 GLASSCNT                         ffd35530 CBDETECT
0101b270 GMENULEV                         ffd359c0 CEBDETCT
ffec3e50 GOALBLIP                         ffd35c60 P1LLINIT
0100bdf0 GOALCARD                         ffd35d90 P2LLINIT
0100be00 GOALDOOR                         ffd35ec0 PLLINIT
ffc327c0 GOALXFER                         ffd37e10 P1INITTL
ffdc5dd0 GOLDBAK                          ffd38090 P2INITT
ffc572f0 GOLDCOLD                         ffd38790 PLREINIT
ffd25d50 GOLDDP                           ffd38ce0 PLWAVEST
ffdc4810 GOLDDSP                          ffd39860 PLROOMST
fff5c0d0 GOLDTYPE                         ffd3a4e0 STARTINVL
fff5be50 GOLDcard                         ffd3a7c0 PLLAYER
fff1ae60 GOLGesca                         ffd3f440 PLSTOP
ffdbd2e0 GO_ADJ                           ffd3fcf0 PLAYERON
ffdb3a10 GO_DIAG                          ffd3ffd0 PLAYEROF
ffc11ad0 GPALOBJ                          ffd40140 PLAYERCON
ffc19a50 GPLAYERD                         ffd40ba0 P_INBNDS
010178d0 GRAMEND                          ffd40c80 CKLXBND
0100bd10 GRAMSTRT                         ffd40e80 CKLZBND
ffe4e520 GREENLAB                         ffd40ff0 CKLBADJ
fff5c050 GREENcard                        ffd436a0 P1HYPHIT
ffdc55b0 GRNHSBAK                         ffd43720 P2HYPHIT
ffefca50 GRNHSBMOD                        ffd437a0 P1DETH
ffd2c610 GRNHSCOL                         ffd43890 P2DETH
ffefcae0 GRNHSDRBMOD                      ffd49b20 BULLHIT
ffe9b950 GRNHSDSP                         ffd49c60 HEADBUTT
fff5cbd0 GRNTYPE                          ffd49da0 KNIFEHIT
fff1ff40 GRNesca                          ffd49ee0 BUGBITE
ffcdf3c0 GROWFLAM                         ffd4a0a0 HYPOHIT
ffe588a0 GRUNT1R                          ffd4be10 COLRSTRT
ffe588e0 GRUNT2R                          ffd4c480 LINE
ffe58920 GRUNT3R                          ffd4d1a0 DELPAL
ffe58960 GRUNT4R                          ffd4d220 FINDPAL
ffe589a0 GRUNT5R                          ffd4d390 INITPAL
ffc1de50 GRUNTRND                         ffd4d480 INITBPAL
fff72ca0 GSAGOF                           ffd4d570 CLRPAL
ffc20ae0 GSCRIPT                          ffd4d6b0 CLRFPAL
fff724e0 GSCRNREL                         ffd4d740 CLRBPAL
ffdaf860 G_BORDER                         ffd4d7d0 GETFPAL
ffd62b70 G_CRED                           ffd4d950 GETBPAL
ffcb5d70 GetMidZ                          ffd4dc80 FREEPAL
ffcb5f50 GetOnScr                         ffd4df00 UNGETPAL
ffcb5a60 GetPData                         ffd4e0c0 PALTRANS
ffcb5870 GetPLZMID                        ffd4e5d0 PALSET
ffcb6d70 GoDestD                          ffd4e730 CHOPCOLD
ffcb7510 GoDestV                          ffd4e800 CHOPST
ffe58be0 HALTSND                          ffd4e9c0 CHOPDISP
fff57690 HDRMPALS                         ffd51130 PBOMBP1
ffdc5f70 HEADBAK                          ffd511a0 PBOMBP2
ffec6300 HEADBLIP                         ffd56af0 CHOFCOLD
ffd49c60 HEADBUTT                         ffd56bc0 CHORCOLD
ffce2420 HEADCOLD                         ffd59300 XVEL2X
ffce9340 HEADCOLL                         ffd5a190 CHOPINTR
ffd25db0 HEADDP                           ffd5c540 KILLCHOY
ffdc1f60 HEADDSP                          ffd5d0b0 SCANNER
ffdd2260 HEADMOD                          ffd5d740 PIXQINIT
ffdc6610 HEADNAME                         ffd5d850 PIXQADD
fff04850 HEADRBMOD                        ffd5d9a0 BLIPOFF
ffe0a760 HED3hat                          ffd5db80 BLIPON
ffe28eb0 HELBLUE                          ffd5dbb0 SCORAREA
ffe587a0 HELLBUGS                         ffd5dc50 SSAREA
ffe29ec0 HELWHT                           ffd5dca0 WAVENUM
ffc239d0 HEXTOASC                         ffd5ded0 P1SSAREA
ffe58300 HHITEND                          ffd5df30 P2SSAREA
ffe582c0 HHITSND                          ffd5df90 NARQUEE
ffdba720 HID_P                            ffd5e360 UPSTAT
ffedbe10 HOLEBMOD                         ffd5e430 UPDSL
ffec4280 HOOKBLIP                         ffd5e8f0 SCORE2P
0100d780 HOOKCNT                          ffd5eb00 SCORE
ffc91320 HOOKCOLD                         ffd5ec30 SCRIMM
ffedc200 HOTEL1BMOD                       ffd5f250 OUTSCR
ffedbd80 HOTEL2BMOD                       ffd5f580 SCRREF
ffedba20 HOTEL3BMOD                       ffd5fc00 ADDLIFE
fff5d450 HOTWIN1                          ffd5fd80 ADDMRBIG
ffedbfc0 HQBMOD                           ffd5fe50 P_MBIGS
ffd85f70 HSTDTAB                          ffd5ff00 P_GOLD
ffda8c90 HTOHXASC                         ffd5ffc0 ADDNNRGY
ffe2f300 HWINPAL                          ffd60090 ADDROCK
fff5ee50 HYPOB0                           ffd60150 ADDBULL
fff5eed0 HYPOB02                          ffd60160 ADDNBULL
fff5ef50 HYPOB03                          ffd60210 ADDBUST
fff5efd0 HYPOB30                          ffd60220 ADDNBUST
fff5f050 HYPOB60                          ffd602d0 SUBLIFE
fff5f0d0 HYPOB90                          ffd60420 SUBNRGY
ffec44e0 HYPOBLIP                         ffd60430 SUBNNRGY
ffc7f3b0 HYPOCOLD                         ffd60470 SUBFNRGY
ffc8a800 HYPOCRM1                         ffd60590 SUBROCK
ffd4a0a0 HYPOHIT                          ffd60690 SUBBULL
fff5f150 HYPOT0                           ffd60750 OUTENRGY
fff5f1d0 HYPOT30                          ffd61140 OUTMBIGS
fff5f250 HYPOT60                          ffd61450 ADDCARDS
fff5f2d0 HYPOT90                          ffd61490 ADDCARDB
ffdb0190 H_SLAVE                          ffd614d0 ADDCARDR
ffcba670 HuntObj                          ffd61510 ADDCARDG
ffcba690 HuntObj0                         ffd61550 ADDCRDGR
ffe58ae0 IGIVSND                          ffd61640 SUBCARDS
00000040 INDIAG                           ffd61680 SUBCARDB
ffc35820 INITBGND                         ffd616c0 SUBCARDR
ffd4d480 INITBPAL                         ffd61700 SUBCARDG
ffc35750 INITFGND                         ffd61740 SUBCRDGR
ffd4d390 INITPAL                          ffd61840 OUTCARDS
ffd9af90 INIT_HSR                         ffd621d0 OUTBULLS
ffd9dc70 INIT_TAB                         ffd62300 OUTROCKS
ffd9de10 INIT_TB                          ffd62440 OUTDRUGS
ffc19910 INPXRNG                          ffd62580 OUTBUCKS
ffc19810 INPYRNG                          ffd626c0 OUTBUSTS
fff71180 INSB2OBJ                         ffd62b70 G_CRED
fff711e0 INSBOBJ                          ffd62f80 CRCMESS
fff712c0 INSOBJ                           ffd63110 PICKMESS
fff71240 INSSOBJ                          ffd63320 CLRMESS
fff5cc50 INSTYPE                          ffd635e0 OUTNEXTR
01007d10 INTSYNC0                         ffd63920 PRESCONT
01007d20 INTSYNC1                         ffd64270 CLOSCALL
ffc24380 INVINCNF                         ffd644a0 P1MESSAG
ffc24010 INVINCO                          ffd644e0 P2MESSAG
0100b4f0 IRQSKYE                          ffd64510 PMESSAGE
ffc13e00 ISBBBLP                          ffd65110 SETCRIMENO
ffc137d0 ISBB                             ffd65250 CRIME
ffc13cc0 ISBBID                           ffd68720 DUMPCOLD
ffd9cb40 ISHSTD                           ffd6f740 DUMPCRM1
ffc1a4a0 ISPBULLT                         ffd6fc30 CLNSNDST
ffd0ed90 ISREVERS                         ffd6fe90 CLWNCOLD
ffc15020 ISSUPPID                         ffd70ed0 XZCNTCK
ffc14f30 ISSUPP                           ffd72e00 ZCHK
ffcfa860 InitTbls                         ffd74c20 CARCHK
0100d770 JRHYCNT                          ffd75220 OIDATA
ffe27000 JRwalk                           ffd78430 CLWNCRM1
fff5d5d0 K10IMG                           ffd78a30 DOGCOLD
fff5d650 K1IMG                            ffd80150 P1_INITS
fff5d750 K25IMG                           ffd802b0 P2_INITS
fff5d550 K2x5IMG                          ffd80410 OP_INITS
fff5d6d0 K5IMG                            ffd80570 E_INITS
ffcffef0 KABOOM                           ffd82800 KIL_SPRY
ffcfff70 KABOOMF                          ffd85f70 HSTDTAB
fff03360 KASTLEBMOD                       ffd87780 RES_SCRL
fff575d0 KASTPALS                         ffd88840 P_SCRIPT
ffde3e40 KILALL                           ffd88b70 SPR_GPAL
fff71d80 KILB2OBJ                         ffd88c50 SPR_FPAL
fff71de0 KILBOBJ                          ffd89920 BINBCD
ffd0b850 KILLCARP                         ffd89ac0 BCDBIN
ffd5c540 KILLCHOY                         ffd8a310 X_PL_SA3
ffde3990 KILL                             ffd8ace0 SPR_CHAR
ffc328e0 KILLWAVE                         ffd9a868 SC_CRAM
fff71e40 KILOBJ                           ffd9a890 P1_SPRAY
ffd82800 KIL_SPRY                         ffd9aa28 P2_SPRAY
0100d7b0 KNAPCNT                          ffd9abb8 E_BRUSH
ffd49da0 KNIFEHIT                         ffd9ac60 ALL_TAB
ffe597b0 KNOCKSND                         ffd9ace0 TOD_TAB
fff5a950 L4ARM1                           ffd9ad60 P_FORK
fff5a9d0 L4ARM2                           ffd9ae00 DEC_HSR
fff5aa50 L4ARM3                           ffd9af90 INIT_HSR
fff5aad0 L4ARM4                           ffd9b170 GET_HSC
fff5ab50 L4ARM5                           ffd9b6d0 E_GAME
fff5abd0 L4ARM6                           ffd9cb40 ISHSTD
fff5ac50 L4ARM7                           ffd9ce50 A2_CHECK
fff5acd0 L4ARM8                           ffd9d580 GET_HSCR
ffdc5750 LABBAK                           ffd9d990 PT_ENTRY
fff02230 LABBMOD                          ffd9da20 ROM_PTRS
ffd2c6a0 LABCOL                           ffd9daf0 SET_PAGE
fff587d0 LAMPOST                          ffd9dc70 INIT_TAB
fff58750 LAMPTOP                          ffd9de10 INIT_TB
fff59e50 LANDMINE                         ffd9e130 VAL_TAB
ffc17260 LAST2CLR                         ffd9e9b0 RC_BYTE
0101b2a0 LAST_BUT                         ffd9ea00 WC_BYTE
ffda0870 LCOIN                            ffd9ea20 RC_BYTEI
fff5b150 LCREOSOTE                        ffd9ea80 RC_WORD
ffc60390 LDEXP1                           ffd9ec00 RC_LONG
fff595d0 LDING1                           ffd9ed20 RC_LONGI
fff59650 LDING2                           ffd9ed80 WC_BYTEI
fff596d0 LDING3                           ffd9edd0 WC_WORD
fff59750 LDING4                           ffd9ee90 WC_WORDI
fff597d0 LDING5                           ffd9eee0 WC_LONG
ffda5ff0 LD_CTAB                          ffd9efa0 WC_LONGI
ffe58a60 LEGOSND                          ffd9f9f0 L_TIMER
ffe58c60 LETSGO                           ffda0120 CR_STRTP
fff5b950 LGOAT1                           ffda02a0 CR_CONTP
fff5bdd0 LGOAT10                          ffda0420 P_START
fff5b9d0 LGOAT2                           ffda0530 P_CONT
fff5ba50 LGOAT3                           ffda0780 NO_CREDS
fff5bad0 LGOAT4                           ffda0870 LCOIN
fff5bb50 LGOAT5                           ffda08f0 CCOIN
fff5bbd0 LGOAT6                           ffda0970 RCOIN
fff5bc50 LGOAT7                           ffda09f0 XCOIN
fff5bcd0 LGOAT8                           ffda1cd0 CK_MAX
fff5bd50 LGOAT9                           ffda1d70 UNIT_CLR
ffcbe370 LINEPT                           ffda1f80 CRED_P
ffd4c480 LINE                             ffda2410 CRD_SCRN
ffedc320 LIQBMOD                          ffda3db0 SLAM_SW
fff5a550 LLEG1                            ffda42d0 COIN_PAG
fff5a5d0 LLEG2                            ffda4850 GET_AUD
fff5a650 LLEG3                            ffda4a60 CLR_SUBS
fff5a6d0 LLEG4                            ffda4af0 CLR_AUDR
fff5a750 LLEG5                            ffda4de0 AUD
fff5a7d0 LLEG6                            ffda4ef0 AUD1
fff5a850 LLEG7                            ffda4f70 CLR_AUD
fff5a8d0 LLEG8                            ffda5020 CMOS_VAL
ffda6350 LM_FINIS                         ffda5080 FORM_ADC
ffda6310 LM_SETUP                         ffda5250 F_ADC_S
ffc15790 LOADATAB                         ffda5330 GET_ADJ
ffec4880 LOFBLIP                          ffda5400 PUT_ADJ
0100d750 LOFCNT                           ffda5790 ADJ_PAGE
ffc591d0 LOFCOLD                          ffda5830 DEF_PAGE
ffc611d0 LOFDEXP1                         ffda58f0 FAC_SET
ffc60e10 LOFDEXP                          ffda5ff0 LD_CTAB
ffc602b0 LOFDFLA                          ffda61f0 L_MESS
ffc60640 LOFDROCK                         ffda6310 LM_SETUP
ffe90110 LOFEBAIT                         ffda6350 LM_FINIS
ffc61fd0 LOFFCRM1                         ffda6360 GET_CSTR
0100d710 LOFFIRE                          ffda6930 CAT_A0
ffd2c190 LOFHCOLL                         ffda6fd0 ROM_NAME
ffe96080 LOFHDSP                          ffda7b40 DUMP_FS
0100d700 LOFMAX                           ffda7be0 ADD_DUMP
ffe8ffe0 LOFPBAIT                         ffda80f0 DISPDUMP
ffc606b0 LOFRAG1                          ffda8380 WAIT_MUT
ffc60870 LOFRAG2                          ffda8c90 HTOHXASC
ffc60a30 LOFRAG3                          ffda8f30 STRCAT
ffc60bf0 LOFRAG4                          ffda98e0 RT_RET
0100d760 LOFWAIT                          ffda9a70 ROM_RET
0100c0a0 LOOPBACK                         ffda9c00 WAIT_BUT
0100c0c0 LOOPDISP                         ffda9d80 DIAG
0100c090 LOOPWAVE                         ffda9fb0 DIAG_EX
ffc27110 LSHADDL1                         ffdaa090 GEN_MENU
ffc27150 LSHADDL2                         ffdaa6f0 MENU_TOP
ffc26e90 LSHADST1                         ffdaa730 TOP_BOX
ffc26ed0 LSHADST2                         ffdaaaf0 CYAN_BOX
fff5ad50 LSHIN1                           ffdaacc0 COL_INST
fff5add0 LSHIN2                           ffdaaed0 DIGSRT
fff5ae50 LSHIN3                           ffdab130 CHK_CMOS
fff5aed0 LSHIN4                           ffdab4f0 GET_FAC
fff5af50 LSHIN5                           ffdabb70 WT_ADV
fff5afd0 LSHIN6                           ffdabda0 WW_ADV
fff5b050 LSHIN7                           ffdabe50 GET_ADV
fff5b0d0 LSHIN8                           ffdabf00 CK_DOOR
ffcbe250 LTWRDPT                          ffdabfb0 B_MENU
ffda61f0 L_MESS                           ffdae090 ST_STICK
ffd9f9f0 L_TIMER                          ffdae150 GETSTICK
ffc00970 MAINLP                           ffdae760 FORM_SWS
0101b260 MAIN_RET                         ffdaf730 F_TITLE
ffcdf100 MAKEFLAM                         ffdaf860 G_BORDER
ffc3f9a0 MAKFBOBJ                         ffdafa20 DOBORDER
fff72220 MAKOBJ                           ffdafe20 STD_BORD
ffc22a40 MAKOBJZ                          ffdb0040 BLNKHELP
ffc12e50 MAKSHAD                          ffdb0190 H_SLAVE
ffc1ee30 MAKTPROC                         ffdb0850 AREUSURE
ffc04130 MASTERDP                         ffdb0db0 SUR_MESS
ffc04200 MASTERG                          ffdb0ed0 SURE_BOX
ffc1ed70 MAXIMUM                          ffdb2f90 GET_CSPT
ffcba810 MAX                              ffdb3050 CS_POINT
ffe84f58 MAXMSG                           ffdb31a0 CKPROMPT
ffe58620 MBGETEM                          ffdb3a10 GO_DIAG
ffec4ac0 MBIGBLIP                         ffdb3a70 CASHBUT
0100d7d0 MBIGCNT                          ffdb5870 FAC_STUF
ffca49b0 MBIGCOLD                         ffdb7660 BUILD_ST
ffcb48b0 MBIGCRM1                         ffdb9810 ANY_BUT
ffe58660 MBKILLEM                         ffdba720 HID_P
ffe585e0 MBLAUGH                          ffdbc340 STR_OBJ
ffe586e0 MBNTRY                           ffdbd110 STR_FREE
ffe586a0 MBYOUDIE                         ffdbd2e0 GO_ADJ
ffca6100 MB_MOVE                          ffdc0510 DO_ADJH
ffdaa6f0 MENU_TOP                         ffdc1f60 HEADDSP
ffe67f60 MEN_MAIN                         ffdc2220 REDDSP
ffe69700 MEN_YN                           ffdc3040 BLUEDSP
ffe6bf40 MESS_FAC                         ffdc3cd0 SILVDSP
ffe6a8c0 MESS_MM                          ffdc4810 GOLDDSP
ffd1e380 MINECOLD                         ffdc4bf0 BIGOBAK
ffc1edd0 MINIMUM                          ffdc4d90 DOGRBAK
ffcba850 MIN                              ffdc4f30 BUGRBAK
ffc1a140 MOVEINPX                         ffdc50d0 CLWRBAK
ffc1a3c0 MOVEINPY                         ffdc5270 SUBBAK
ffcc4480 MSUCLEAR                         ffdc5410 DMPRBAK
ffe5a210 MUSICFUL                         ffdc55b0 GRNHSBAK
ffe5a260 MUSICNRM                         ffdc5750 LABBAK
ffe5a3d0 MUSICOFF                         ffdc58f0 SILVBAK
ffc22160 MUSICSYN                         ffdc5a90 REDBAK
ffe5a410 MUSITOFF                         ffdc5c30 BLUEBAK
ffc1a240 MVAWAYPX                         ffdc5dd0 GOLDBAK
ffc14290 MYOINIT                          ffdc5f70 HEADBAK
ffc144f0 MYOINITB                         ffdc6610 HEADNAME
ffc143f0 MYOINITF                         ffdce7e0 SILVMOD
ffd08140 MkNuke                           ffdcf040 FORSILV
ffcb5030 MovePlyr                         ffdd2260 HEADMOD
ffe84698 NARCMSG                          ffdd22c0 FORHEAD
ffe23390 NARCS                            ffde3350 PRCDSP
ffe38750 NARCsupr                         ffde3530 PRCSLP
ffd5df90 NARQUEE                          ffde3550 PRCLSP
ffcb9070 NEARPLYR                         ffde36d0 SUCIDE
ffcbad90 NEAR_BTY                         ffde37f0 PINIT
ffcb8760 NEAR_BUL                         ffde3990 KILL
ffcbadc0 NEAR_OBJ                         ffde3b90 GETPRC
ffc390f0 NEWBGND                          ffde3d40 XFERPROC
fff61350 NEWCAN                           ffde3e40 KILALL
ffd1ff30 NEXAIR                           ffde4010 EXISTP
ffd20580 NEXINIT                          ffde4140 GETA11
ffd1ff70 NEXPLODE                         ffde41c0 GETA10
ffc8c070 NHYPO                            ffde4250 GETA9
01000330 NOAUTOE                          ffde42e0 GETA8
ffe84c88 NOBONMSG                         ffde43e0 PUTA11
ffe59270 NOBONSND                         ffde4430 PUTA10
ffe845a0 NOONEMSG                         ffde4490 PUTA9
ffc16810 NOYFLP                           ffde44f0 PUTA8
0101b290 NO_CLEAR                         ffde45d0 CLRSNDDB
ffda0780 NO_CREDS                         ffde46b0 ONESND
0100bdb0 NPLYRS                           ffde4710 SNDLD
0101afa0 NRAMEND                          ffde49e0 SNDPRC
ffc01910 NRAMINIT                         ffde4e70 SNDSND
0100bcf0 NRAMSTRT                         ffde5070 SNDRES
ffd20930 NUCLEXP                          ffde51b0 SNDRESP
01000040 OBJLST                           ffde54d0 CKSNDPRI
ffc11e20 OBJOFF                           ffde55f0 QSNDRST
ffc11ec0 OBJON                            ffde5770 etext
01019560 OBJSTAKE                         ffe00000 .data
01019540 OBJSTAKP                         ffe08ce0 bigbull
0101ae60 OBJSTAKS                         ffe0a6e0 BASEskl
01056620 OBJSTR                           ffe0a760 HED3hat
ffeefc10 OFFICE1BMOD                      ffe0a9e0 BOOM5a
ffc12e90 OFLASH                           ffe0aa60 BOOM5b
01000060 OFREE                            ffe0aae0 BOOM5c
ffd75220 OIDATA                           ffe0ab60 BOOM6
fff70390 OINIT                            ffe0abe0 stump
ffc3b8a0 OLDBGND                          ffe0ac60 stumpskl
ffde46b0 ONESND                           ffe0bf60 skull4
ffcbaff0 ON_SLIST                         ffe0c4e0 jaw4
ffe59730 OPENBEEP                         ffe12860 CFSHRAPA
ffe59550 OPENSD1                          ffe13a50 CFSHRAPB
ffe59590 OPENSD2                          ffe15fb0 PORSCHE1
ffe59600 OPENSD3                          ffe23390 NARCS
ffe59660 OPENSD4                          ffe24390 PIMPpal
ffe596c0 OPENSD5                          ffe25000 gangpal
fff5c350 OPENTYPE                         ffe26010 caddy
ffd80410 OP_INITS                         ffe27000 JRwalk
ffc206e0 OSINK                            ffe27f80 PORSHPAL
ffd62580 OUTBUCKS                         ffe28eb0 HELBLUE
ffd621d0 OUTBULLS                         ffe29ec0 HELWHT
ffd626c0 OUTBUSTS                         ffe2aed0 PILOTPAL
ffd61840 OUTCARDS                         ffe2bb40 DUMPPAL
ffc18120 OUTDOOR                          ffe2cb00 loafer
ffd62440 OUTDRUGS                         ffe2d9a0 CHINAPAL
ffd60750 OUTENRGY                         ffe2e650 ARMDRPAL
ffd61140 OUTMBIGS                         ffe2f300 HWINPAL
ffd635e0 OUTNEXTR                         ffe30220 COLMNPAL
ffd62300 OUTROCKS                         ffe30340 clown
ffd5f250 OUTSCR                           ffe312c0 hookpal
0101b330 OVERLOAD                         ffe32240 dexp1a
ffc274d0 OWINDOW                          ffe33c50 mrbigpal
ffcb5a20 OidToDat                         ffe34c50 dog
ffe58280 P1BHIT                           ffe35b90 brnbug
ffec2f80 P1BLIP                           ffe36590 redbug
ffc43340 P1BULL                           ffe36f90 grnbug
ffc434c0 P1CARBUL                         ffe37990 blkbug
ffe8e810 P1CHIT                           ffe38390 gang4
0100bd80 P1CTRL                           ffe38480 mbig4
0100b530 P1DATA                           ffe384d0 loaf4
ffd437a0 P1DETH                           ffe38520 hypo4
ffe8e6a0 P1DIE                            ffe38570 dump4
ffd436a0 P1HYPHIT                         ffe385c0 rambo4
ffd18f10 P1IJDECL                         ffe38610 clown4
ffd37e10 P1INITTL                         ffe386b0 fbitxt4
fff62050 P1LIFE                           ffe38700 badge4
ffd35c60 P1LLINIT                         ffe38750 NARCsupr
ffe89c70 P1MAINTL                         ffe387a0 warntxtp
ffd644a0 P1MESSAG                         ffe38ba0 blulof
ffe8e620 P1SHAKE                          ffe39bb0 grelof
ffd5ded0 P1SSAREA                         ffe3abc0 fnklof
ffd80150 P1_INITS                         ffe3bbd0 pnklof
ffd9a890 P1_SPRAY                         ffe3cbe0 goldesca
ffec3190 P2BLIP                           ffe3d8f0 itdrfr
ffc43400 P2BULL                           ffe3da10 phns
ffc43580 P2CARBUL                         ffe3ea20 can
0100bd90 P2CTRL                           ffe3f7f0 newbom
0100b910 P2DATA                           ffe40760 bonbadge
ffd43890 P2DETH                           ffe41680 bluenc
ffd43720 P2HYPHIT                         ffe42690 redman
ffd18f80 P2IJDECL                         ffe436a0 black1
ffd38090 P2INITT                          ffe446b0 doggry
fff620d0 P2LIFE                           ffe456c0 blackd
ffd35d90 P2LLINIT                         ffe466d0 WEEDPAL
ffd644e0 P2MESSAG                         ffe476e0 ram1
ffd5df30 P2SSAREA                         ffe485f0 basepal
ffd802b0 P2_INITS                         ffe49530 headpal
ffd9aa28 P2_SPRAY                         ffe4a540 headxpal
01007d30 PALRAM                           ffe4b500 skelpal
ffd4e5d0 PALSET                           ffe4c510 BLUELAB
ffd4e0c0 PALTRANS                         ffe4d510 REDLAB
ffedbea0 PAWNBMOD                         ffe4e520 GREENLAB
ffd51130 PBOMBP1                          ffe4f530 labweel
ffd511a0 PBOMBP2                          ffe50450 lab12
ffe59800 PBONSND                          ffe51370 lbrass1
ffe590a0 PCALLOFF                         ffe52290 greensaf
ffe59060 PCBRAKSD                         ffe532a0 blusafe
0100bd40 PCBSNDF                          ffe542b0 goldsafe
ffe58580 PCDMPSND                         ffe552c0 redsafe
ffd1cf80 PCDRIVRC                         ffe571f0 tileb
0100d8b0 PCHOPCNT                         ffe58200 SND3A
ffc27270 PCONTST                          ffe58240 SND3B
0100bd50 PCRSNDF                          ffe58280 P1BHIT
0100bd60 PCSPINH                          ffe582c0 HHITSND
ffe59020 PCSPINSD                         ffe58300 HHITEND
0100bd30 PCZEROCT                         ffe58340 SND4
0100bd70 PCZEROY                          ffe58380 RLNCHSND
ffc26130 PDELETE                          ffe583c0 EBSND
ffd1d5d0 PDRIVXWW                         ffe58400 DINGDUMP
ffc25a50 PFLASH2                          ffe58440 DINGPSTR
ffc24900 PFLYNDIE                         ffe58480 DINGCANR
ffc15800 PFRAME                           ffe584c0 CANSMSND
ffd63110 PICKMESS                         ffe58500 CANWPSND
ffc25c30 PIJDECEL                         ffe58540 CANBCSND
ffe2aed0 PILOTPAL                         ffe58580 PCDMPSND
ffec5200 PIMPBLIP                         ffe585e0 MBLAUGH
0100d790 PIMPCNT                          ffe58620 MBGETEM
ffc62e20 PIMPCOLD                         ffe58660 MBKILLEM
ffc712f0 PIMPCRM1                         ffe586a0 MBYOUDIE
ffe24390 PIMPpal                          ffe586e0 MBNTRY
ffde37f0 PINIT                            ffe58720 SHYPOSND
ffedc440 PINKYBMOD                        ffe58760 BNCESND
ffedbbd0 PIPELINEBMOD                     ffe587a0 HELLBUGS
[...]
ffd5e360 UPSTAT                           fff59850 DING45A
ffcbac70 UpdShadV                         fff598d0 DING45B
ffd9e130 VAL_TAB                          fff59950 DING90A
ffedbf30 VOIDBMOD                         fff599d0 DING90B
ffccd320 VSCAN                            fff59a50 DOPE1
ffda9c00 WAIT_BUT                         fff59ad0 DOPE2
ffda8380 WAIT_MUT                         fff59b50 DOPE3
ffedbcf0 WALKUPBMOD                       fff59bd0 GETDOPE
ffedc170 WARE1BMOD                        fff59c50 DOPEICON
ffedc3b0 WARE2BMOD                        fff59cd0 BUSTICON
ffc00370 WARMSET                          fff59d50 BUSTED
fff1a0d0 WARMgr3a                         fff59dd0 POTICON
fff19340 WARMgr3b                         fff59e50 LANDMINE
ffc06910 WAVBONUS                         fff59ed0 FLHD1A
ffe8ec80 WAVE1DSP                         fff59f50 FLHD1B
ffea0270 WAVEBGND                         fff59fd0 FLHD1C
ffe8e980 WAVEDPTB                         fff5a050 FLHD2A
ffc32e80 WAVEEND                          fff5a0d0 FLHD2B
ffc31ce0 WAVEINIT                         fff5a150 FLHD2C
ffe84fe8 WAVEMSG                          fff5a1d0 FLTLA
0100bdc0 WAVE                             fff5a250 FLTLB
ffd5dca0 WAVENUM                          fff5a2d0 FLTLC
ffe59160 WAVESND                          fff5a350 BGDF1C
ffe9df10 WAVETAB                          fff5a3d0 BGDF2C
0100c110 WAVETIME                         fff5a450 BGDF3C
ffe9ff70 WAVMUSIC                         fff5a4d0 BGDF4C
ffd9ea00 WC_BYTE                          fff5a550 LLEG1
ffd9ed80 WC_BYTEI                         fff5a5d0 LLEG2
ffd9eee0 WC_LONG                          fff5a650 LLEG3
ffd9efa0 WC_LONGI                         fff5a6d0 LLEG4
ffd9edd0 WC_WORD                          fff5a750 LLEG5
ffd9ee90 WC_WORDI                         fff5a7d0 LLEG6
ffc585b0 WEEDCOLL                         fff5a850 LLEG7
ffd1f590 WEEDCOLD                         fff5a8d0 LLEG8
fff5d7d0 WEED                             fff5a950 L4ARM1
ffe466d0 WEEDPAL                          fff5a9d0 L4ARM2
ffc1c2d0 WEND3                            fff5aa50 L4ARM3
ffc1b990 WENDIE                           fff5aad0 L4ARM4
ffc1caa0 WEXPD                            fff5ab50 L4ARM5
ffc1a700 WHICHSID                         fff5abd0 L4ARM6
ffc36d90 WHIPTHRU                         fff5ac50 L4ARM7
ffd0cbf0 WHLSTR                           fff5acd0 L4ARM8
ffc02f10 WIPEOUT                          fff5ad50 LSHIN1
ffe84728 WMSMSG                           fff5add0 LSHIN2
01056480 WORLDTLX                         fff5ae50 LSHIN3
010564c0 WORLDTL                          fff5aed0 LSHIN4
010564a0 WORLDTLY                         fff5af50 LSHIN5
010178d0 WRAMEND                          fff5afd0 LSHIN6
ffc01a30 WRAMINIT                         fff5b050 LSHIN7
0100c110 WRAMSTRT                         fff5b0d0 LSHIN8
ffc1c470 WROCK                            fff5b150 LCREOSOTE
ffdabb70 WT_ADV                           fff5b1d0 BGDTHF1
ffdabda0 WW_ADV                           fff5b250 BGDTHF2
ffe84d60 X1KMSG                           fff5b2d0 BGDTHF3
ffe84e20 X25KMSG                          fff5b350 BGDTHF4
ffe84da0 X2KMSG                           fff5b3d0 BGDTHF5
ffe84de0 X5KMSG                           fff5b450 BGDTHF6
ffda09f0 XCOIN                            fff5b4d0 BGDTHF7
ffc225c0 XCOLOR                           fff5b550 BGDTHF8
ffde3d40 XFERPROC                         fff5b5d0 BGDTHF9
ffc223d0 XPALETTE                         fff5b650 BGDTHF10
0100d410 XSCROLLS                         fff5b6d0 BGDTHF11
ffcbab20 XTOZSIZE                         fff5b750 BGDTHF12
ffd59300 XVEL2X                           fff5b7d0 BGDTHF13
ffc11f70 XZCHK                            fff5b850 BGDTHF14
ffd70ed0 XZCNTCK                          fff5b8d0 BGDTHF15
ffd8a310 X_PL_SA3                         fff5b950 LGOAT1
ffe5a450 YAMOFF                           fff5b9d0 LGOAT2
ffe589e0 YBUSTSND                         fff5ba50 LGOAT3
ffc16790 YFLP                             fff5bad0 LGOAT4
ffe58a20 YSCUMSND                         fff5bb50 LGOAT5
fff6fb90 YZSORT                           fff5bbd0 LGOAT6
01000270 Y_CORR                           fff5bc50 LGOAT7
ffcb5490 ZCHEK                            fff5bcd0 LGOAT8
ffd72e00 ZCHK                             fff5bd50 LGOAT9
ffcb8510 ZOFF                             fff5bdd0 LGOAT10
fff0e7e0 atapes                           fff5be50 GOLDcard
ffe38700 badge4                           fff5bed0 BLUEcard
ffd07200 baseflsh                         fff5bf50 REDcard
ffe485f0 basepal                          fff5bfd0 SILVcard
fff092d0 bgp1                             fff5c050 GREENcard
ffe08ce0 bigbull                          fff5c0d0 GOLDTYPE
fff20bd0 bigport2                         fff5c150 BLUETYPE
ffe436a0 black1                           fff5c1d0 REDTYPE
ffe456c0 blackd                           fff5c250 SILVTYPE
fff42750 blegs5a                          fff5c2d0 cardslot2
ffe37990 blkbug                           fff5c350 OPENTYPE
fff5f350 blood1                           fff5c3d0 safedrl
fff5f3d0 blood2                           fff5c450 safedrr
fff5f450 blood3a                          fff5c4d0 safedrlr
fff43670 bltor4d                          fff5c550 safedrrr
fff281b0 blucrm1                          fff5c5d0 safedrlb
ffe41680 bluenc                           fff5c650 safedrrb
ffe38ba0 blulof                           fff5c6d0 safedrlg
ffe532a0 blusafe                          fff5c750 safedrrg
ffefb070 bmanBMOD                         fff5c7d0 ARROWDN
ffe40760 bonbadge                         fff5c850 BIGDOOR1
fff0a1f0 bp1                              fff5c8d0 BIGDOOR2
ffe35b90 brnbug                           fff5c950 BIGDOOR3
fff476a0 bud                              fff5c9d0 safdrlgr
fff49010 budsgn                           fff5ca50 safdrrgr
0100d660 bugmax                           fff5cad0 goldbr1
ffe26010 caddy                            fff5cb50 goldbr2
ffe3ea20 can                              fff5cbd0 GRNTYPE
fff5c2d0 cardslot2                        fff5cc50 INSTYPE
fff0f480 checks1                          fff5ccd0 SMblucrd
fff49d90 clopal                           fff5cd50 SMgldcrd
ffe30340 clown                            fff5cdd0 SMredcrd
ffe38610 clown4                           fff5ce50 SMsilvcrd
ffc173e0 clr_scrn                         fff5ced0 SMgrncrd
fff103a0 crash                            fff5cf50 SEWERCAP
fff34d50 crtblk                           fff5cfd0 COLUMN1
ffef6790 dashBMOD                         fff5d050 COLUMNB
fff2eb40 dbrass1                          fff5d0d0 CHINADR1
ffe32240 dexp1a                           fff5d150 CHINADR2
ffe34c50 dog                              fff5d1d0 CHINADR3
ffe446b0 doggry                           fff5d250 ARMDR1
fff60150 dstk0                            fff5d2d0 ARMDR2
fff601d0 dstk30                           fff5d350 ARMDR3
fff60250 dstk60                           fff5d3d0 GARAGE1
fff602d0 dstk90                           fff5d450 HOTWIN1
ffe38570 dump4                            fff5d4d0 EXITSIGN
ffc97800 dynamite                         fff5d550 K2x5IMG
fff57750 edata                            fff5d5d0 K10IMG
010e0850 end                              fff5d650 K1IMG
fff1da20 escalate                         fff5d6d0 K5IMG
ffde5770 etext                            fff5d750 K25IMG
ffe386b0 fbitxt4                          fff5d7d0 WEED
fff62350 flail1                           fff5d850 CASHMACH
fff623d0 flail2                           fff5d8d0 CWRECK
fff62450 flail3                           fff5d950 CSHRAPA1
fff624d0 flail4                           fff5d9d0 CSHRAPA2
fff36d70 flt                              fff5da50 CSHRAPA3
fff4ac00 fl                               fff5dad0 CSHRAPA4
ffe3abc0 fnklof                           fff5db50 CSHRAPA5
ffe38390 gang4                            fff5dbd0 CSHRAPB1
0100d540 gangbmax                         fff5dc50 CSHRAPB2
0100d570 gangfrck                         fff5dcd0 CSHRAPB3
0100d560 gangmgun                         fff5dd50 CSHRAPB4
ffe25000 gangpal                          fff5ddd0 CSHRAPB5
0100d550 gangrock                         fff5de50 CSHRAPC1
fff07500 gbp1                             fff5ded0 CSHRAPC2
fff5cad0 goldbr1                          fff5df50 CSHRAPC3
fff5cb50 goldbr2                          fff5dfd0 CSHRAPC4
ffe3cbe0 goldesca                         fff5e050 CSHRAPC5
ffe542b0 goldsafe                         fff5e0d0 CSHRAPD1
fff06850 gp2                              fff5e150 CSHRAPD2
fff290d0 gray5a                           fff5e1d0 CSHRAPD3
fff25520 gray5c                           fff5e250 CSHRAPD4
fff2db50 gray5                            fff5e2d0 CSHRAPD5
fff2f920 gray5d                           fff5e350 CSHRAPE1
ffe52290 greensaf                         fff5e3d0 CSHRAPE2
ffe39bb0 grelof                           fff5e450 CSHRAPE3
ffe36f90 grnbug                           fff5e4d0 CSHRAPE4
fff2cc30 grngray1                         fff5e550 CSHRAPE5
fff0bfb0 grnp1                            fff5e5d0 CFRAG1
fff0d8c0 grntan                           fff5e650 CFRAG2
fff509f0 grymix1                          fff5e6d0 CFRAG3
fff33d90 hand40                           fff5e750 CFRAG4
ffef6820 handBMOD                         fff5e7d0 CFRAG5
ffe49530 headpal                          fff5e850 CSHRAP1
ffe4a540 headxpal                         fff5e8d0 CSHRAP2
fff5fa50 hiro1                            fff5e950 CSHRAP3
fff60050 hiro10                           fff5e9d0 CSHRAP4
fff5f950 hiro10air                        fff5ea50 CSHRAP5
fff600d0 hiro11                           fff5ead0 CDOOR1
fff5f9d0 hiro11air                        fff5eb50 CDOOR2
fff5fad0 hiro2                            fff5ebd0 CDOOR3
fff5fb50 hiro3                            fff5ec50 CDOOR4
fff5fbd0 hiro4                            fff5ecd0 CDOOR5
fff5fc50 hiro5                            fff5ed50 CSHELLL
fff5fcd0 hiro6                            fff5edd0 CSHELLR
fff5ffd0 hiro9                            fff5ee50 HYPOB0
fff5f8d0 hiro9air                         fff5eed0 HYPOB02
fff60c50 hkdie1                           fff5ef50 HYPOB03
fff60cd0 hkdie2                           fff5efd0 HYPOB30
fff60d50 hkdie3                           fff5f050 HYPOB60
fff60dd0 hkdie4                           fff5f0d0 HYPOB90
fff60e50 hkdie5                           fff5f150 HYPOT0
fff60ed0 hkdie6                           fff5f1d0 HYPOT30
fff609d0 hkfgt4                           fff5f250 HYPOT60
fff60a50 hkfgt5                           fff5f2d0 HYPOT90
fff60ad0 hkfgt6                           fff5f350 blood1
fff60b50 hkfgt7                           fff5f3d0 blood2
fff60bd0 hkfgt8                           fff5f450 blood3a
fff14e70 hole1                            fff5f4d0 nb2a
fff60950 hook4                            fff5f550 nb3a
ffe312c0 hookpal                          fff5f5d0 nb4
fff13100 hotel                            fff5f650 nb1
fff4dc90 hrgr1                            fff5f6d0 nb5
ffe38520 hypo4                            fff5f750 nb6
0100d5a0 hypobrain                        fff5f7d0 nb7
0100d590 hypodrug                         fff5f850 nb8
0100d5b0 hypofire                         fff5f8d0 hiro9air
0100d580 hypomax                          fff5f950 hiro10air
0100d5c0 hyposfir                         fff5f9d0 hiro11air
ffe3d8f0 itdrfr                           fff5fa50 hiro1
ffe0c4e0 jaw4                             fff5fad0 hiro2
ffd03890 jawbite                          fff5fb50 hiro3
ffd03b10 jawbitef                         fff5fbd0 hiro4
fff61ed0 jlsw4                            fff5fc50 hiro5
fff621d0 jrhelpas                         fff5fcd0 hiro6
fff622d0 jrhelphit                        fff5fd50 nb1grnd
fff62250 jrpilohit                        fff5fdd0 nb5grnd
fff62150 jrpilot                          fff5fe50 nb6grnd
fff61850 jtdrive1                         fff5fed0 nb7grnd
fff618d0 jtdrive2                         fff5ff50 nb8grnd
fff61950 jtdrive3                         fff5ffd0 hiro9
fff619d0 jtdrive4                         fff60050 hiro10
fff61a50 jtdrive5                         fff600d0 hiro11
fff61ad0 jtpassen1                        fff60150 dstk0
fff61b50 jtpassen2                        fff601d0 dstk30
fff61bd0 jtpassen3                        fff60250 dstk60
fff61c50 jtpassen4                        fff602d0 dstk90
fff61cd0 jtpassen5                        fff60350 spk0a
fff61e50 jtsstdrst                        fff603d0 spk30a
fff32e70 k3                               fff60450 spk60a
fff53840 lab11                            fff604d0 spk90a
ffe50450 lab12                            fff60550 spk0b
fff4fad0 lab145                           fff605d0 spk30b
fff4ebb0 lab22                            fff60650 spk60b
ffe4f530 labweel                          fff606d0 spk90b
ffe51370 lbrass1                          fff60750 spk0c
ffef68b0 ledsBMOD                         fff607d0 spk30c
fff2a0c0 lgray1                           fff60850 spk60c
ffe384d0 loaf4                            fff608d0 spk90c
ffe2cb00 loafer                           fff60950 hook4
fff4bc10 ltrnd                            fff609d0 hkfgt4
ffef6940 mainBMOD                         fff60a50 hkfgt5
ffe38480 mbig4                            fff60ad0 hkfgt6
fff62550 mbigblp1a                        fff60b50 hkfgt7
0100d670 mbigbrain                        fff60bd0 hkfgt8
0100d680 mbigfire                         fff60c50 hkdie1
fff1baf0 metal1                           fff60cd0 hkdie2
ffe33c50 mrbigpal                         fff60d50 hkdie3
fff34cb0 msuPALS                          fff60dd0 hkdie4
fff5f650 nb1                              fff60e50 hkdie5
fff5fd50 nb1grnd                          fff60ed0 hkdie6
fff5f4d0 nb2a                             fff60f50 DRUM
fff5f550 nb3a                             fff60fd0 SUBCOLM1
fff5f5d0 nb4                              fff61050 SUBCOLM2
fff5fdd0 nb5grnd                          fff610d0 SUBCOLM3
fff5f6d0 nb5                              fff61150 SUBCOLM4
fff5fe50 nb6grnd                          fff611d0 SUBCOLM5
fff5f750 nb6                              fff61250 SUBCOLM6
fff5f7d0 nb7                              fff612d0 TELEPHON
fff5fed0 nb7grnd                          fff61350 NEWCAN
fff5f850 nb8                              fff613d0 BENCHL
fff5ff50 nb8grnd                          fff61450 BENCHM
ffe3f7f0 newbom                           fff614d0 BENCHR
fff52830 newfl                            fff61550 ADDISON
fff1cb00 newkr2                           fff615d0 TRNDR1
fff41740 newred1                          fff61650 BULLET
fff40730 newred2                          fff616d0 BULLETE
fff3f720 newred3                          fff61750 BULLET45
fff121e0 pawnpur                          fff617d0 SFLAME
ffe3da10 phns                             fff61850 jtdrive1
0100d5f0 pimpbrain                        fff618d0 jtdrive2
0100d5e0 pimpbuck                         fff61950 jtdrive3
0100d620 pimpfbal                         fff619d0 jtdrive4
0100d5d0 pimpmax                          fff61a50 jtdrive5
0100d600 pimpthr1                         fff61ad0 jtpassen1
0100d610 pimpthr2                         fff61b50 jtpassen2
fff15210 pipe4                            fff61bd0 jtpassen3
ffe3bbd0 pnklof                           fff61c50 jtpassen4
fff2bf80 pnkrock1                         fff61cd0 jtpassen5
ffefb100 porsBMOD                         fff61d50 ytdrive1
ffe476e0 ram1                             fff61dd0 ytpassen1
0100d640 rambbrain                        fff61e50 jtsstdrst
0100d650 rambdrug                         fff61ed0 jlsw4
0100d630 rambmax                          fff61f50 ytsstdrst
ffe385c0 rambo4                           fff61fd0 ylsw4
fff112c0 rat                              fff62050 P1LIFE
fff08420 rdp2                             fff620d0 P2LIFE
fff0ca10 rdpalx                           fff62150 jrpilot
fff45680 rdrf                             fff621d0 jrhelpas
fff14020 realrd2                          fff62250 jrpilohit
fff3e710 redarm                           fff622d0 jrhelphit
ffe36590 redbug                           fff62350 flail1
ffe42690 redman                           fff623d0 flail2
ffe552c0 redsafe                          fff62450 flail3
ffefafe0 rmanBMOD                         fff624d0 flail4
fff5c9d0 safdrlgr                         fff62550 mbigblp1a
fff5ca50 safdrrgr                         fff6f000 STOPOBJS
fff5c5d0 safedrlb                         fff6f120 SHADST2
fff5c3d0 safedrl                          fff6f1a0 SHADST
fff5c4d0 safedrlr                         fff6f380 SHADUPD
fff5c6d0 safedrlg                         fff6f410 SHADUPD2
fff5c650 safedrrb                         fff6f4a0 SHADCPY
fff5c750 safedrrg                         fff6f5b0 SHADCPY2
fff5c450 safedrr                          fff6fb90 YZSORT
fff5c550 safedrrr                         fff6fdf0 SCRTSTG
fff170a0 sdr                              fff6fe20 SCRTST
fff38660 sgn2                             fff70040 CLIPOBJ
fff39670 sgns                             fff70390 OINIT
ffe4b500 skelpal                          fff709d0 GETOBJ
ffe0bf60 skull4                           fff70bb0 FREESOBJ
fff60350 spk0a                            fff70c40 FREEOBJE
fff60550 spk0b                            fff710d0 FREEOBJ
fff60750 spk0c                            fff71180 INSB2OBJ
fff603d0 spk30a                           fff711e0 INSBOBJ
fff605d0 spk30b                           fff71240 INSSOBJ
fff607d0 spk30c                           fff712c0 INSOBJ
fff60450 spk60a                           fff71460 DELB2OBJ
fff60650 spk60b                           fff714c0 DELBOBJ
fff60850 spk60c                           fff71520 DELSHAD
fff604d0 spk90a                           fff71600 DELSOBJ
fff606d0 spk90b                           fff71680 DELOBJ
fff608d0 spk90c                           fff719e0 PULLB2OBJ
fff171c0 spls                             fff71a40 PULLBOBJ
ffe0abe0 stump                            fff71aa0 PULLSOBJ
ffe0ac60 stumpskl                         fff71b20 PULLOBJ
fff3a590 subpls                           fff71d80 KILB2OBJ
fff3b5a0 subtl                            fff71de0 KILBOBJ
fff0b090 tan                              fff71e40 KILOBJ
ffe571f0 tileb                            fff71ff0 EXISTOBJ
fff22bf0 tileg                            fff72220 MAKOBJ
fff21be0 tileh                            fff722c0 ADJSTWTL
fff3c5b0 top                              fff72410 ADJNEWTL
fff37680 tpl                              fff724e0 GSCRNREL
fff35d60 trnnew                           fff725e0 SCRNRELV
fff455a0 tscrPALS                         fff72730 GANISAG
fff32d10 voice                            fff728e0 STFOBJ
fff2b070 warm3x                           fff72ca0 GSAGOF
fff272a0 warmwin3                         fff72f20 ANI2
ffe387a0 warntxtp                         fff72f60 ANI
fff46690 win1                             fff73470 GETANIXY
fff48380 winlv                            fff735a0 GANIOF
fff4cc20 win                              fff744c0 DISPQT
fff26510 wrmgray3                         fff745f0 DISPLAY
fff61fd0 ylsw4                            fff75600 DMAINT
fff61d50 ytdrive1                         fff75d40 DISPH
fff61dd0 ytpassen1                        fff76060 QDMA
fff61f50 ytsstdrst                        fff76220 QDMAN

[1953 symbols]
